 dokanx

 Timestamp is 4f3e3200 (Fri Feb 17 19:54:56 2012)

 Preferred load address is 0000000000010000

 Start         Length     Name                   Class
 0001:00000000 0000f97cH .text                   CODE
 0001:0000f980 00004c33H .text$s                 CODE
 0001:000145c0 000008a6H .text$x                 CODE
 0002:00000000 00000320H .idata$5                DATA
 0002:00000320 0000058cH .rdata                  DATA
 0002:000008ac 0000005cH .rdata$debug            DATA
 0002:00000908 0000066cH .xdata                  DATA
 0003:00000000 000002e0H .data                   DATA
 0003:00000300 000000e0H .bss                    DATA
 0004:00000000 000007c8H .pdata                  DATA
 0005:00000000 00002743H PAGE                    CODE
 0005:00002750 000004ebH PAGE$s                  CODE
 0005:00002c40 000000f5H PAGE$x                  CODE
 0006:00000000 000004a6H INIT                    CODE
 0006:000004b0 000000bbH INIT$s                  CODE
 0006:0000056c 00000014H .idata$2                CODE
 0006:00000580 00000014H .idata$3                CODE
 0006:00000598 00000320H .idata$4                CODE
 0006:000008b8 000008faH .idata$6                CODE
 0007:00000000 00000058H .rsrc$01                DATA
 0007:00000060 00000388H .rsrc$02                DATA

  Address         Publics by Value              Rva+Base               Lib:Object

 0000:00000000       ___safe_se_handler_count   0000000000000000     <absolute>
 0000:00000000       ___safe_se_handler_table   0000000000000000     <absolute>
 0000:00000000       __ImageBase                0000000000010000     <linker-defined>
 0001:00000010       DbgRaiseAssertionFailure   0000000000011010 f i dokan.obj
 0001:00000020       KeGetCurrentIrql           0000000000011020 f i dokan.obj
 0001:00000030       IoGetCurrentIrpStackLocation 0000000000011030 f i dokan.obj
 0001:000000a0       DokanFastIoCheckIfPossible 00000000000110a0 f   dokan.obj
 0001:000000f0       DokanAcquireForCreateSection 00000000000110f0 f   dokan.obj
 0001:00000160       DokanReleaseForCreateSection 0000000000011160 f   dokan.obj
 0001:000001d0       DokanFilterCallbackAcquireForCreateSection 00000000000111d0 f   dokan.obj
 0001:00000260       DokanNoOpAcquire           0000000000011260 f   dokan.obj
 0001:00000300       DokanNoOpRelease           0000000000011300 f   dokan.obj
 0001:000003a0       DokanPrintNTStatus         00000000000113a0 f   dokan.obj
 0001:000006d0       DokanNotifyReportChange0   00000000000116d0 f   dokan.obj
 0001:00000870       DokanNotifyReportChange    0000000000011870 f   dokan.obj
 0001:000008f0       PrintIdType                00000000000118f0 f   dokan.obj
 0001:00000a50       DokanCheckCCB              0000000000011a50 f   dokan.obj
 0001:00000b70       DokanAllocateMdl           0000000000011b70 f   dokan.obj
 0001:00000c60       DokanFreeMdl               0000000000011c60 f   dokan.obj
 0001:00000cb0       InitializeListHead         0000000000011cb0 f i init.obj
 0001:00000ce0       KeInitializeSpinLock       0000000000011ce0 f i init.obj
 0001:00000d00       ExInitializeFastMutex      0000000000011d00 f i init.obj
 0001:00000d50       FsRtlSetupAdvancedHeader   0000000000011d50 f i init.obj
 0001:00000df0       RtlStringCchCopyW          0000000000011df0 f i init.obj
 0001:00000e60       RtlStringCchCatW           0000000000011e60 f i init.obj
 0001:00001150       DokanInitIrpList           0000000000012150 f   init.obj
 0001:00001190       DokanCreateGlobalDiskDevice 0000000000012190 f   init.obj
 0001:00001420       DokanRegisterUncProvider   0000000000012420 f   init.obj
 0001:000014c0       AllocateUnicodeString      00000000000124c0 f   init.obj
 0001:00001580       FreeUnicodeString          0000000000012580 f   init.obj
 0001:000015c0       DokanCreateDiskDevice      00000000000125c0 f   init.obj
 0001:00002000       DokanDeleteDeviceObject    0000000000013000 f   init.obj
 0001:000022f0       RemoveEntryList            00000000000132f0 f i create.obj
 0001:00002360       InsertTailList             0000000000013360 f i create.obj
 0001:000023c0       DokanAllocateFCB           00000000000133c0 f   create.obj
 0001:000025b0       DokanGetFCB                00000000000135b0 f   create.obj
 0001:000027f0       DokanFreeFCB               00000000000137f0 f   create.obj
 0001:000029a0       DokanAllocateCCB           00000000000139a0 f   create.obj
 0001:00002b20       DokanFreeCCB               0000000000013b20 f   create.obj
 0001:00002c10       DokanUnicodeStringChar     0000000000013c10 f   create.obj
 0001:00002c80       SetFileObjectForVCB        0000000000013c80 f   create.obj
 0001:00002cc0       DokanCompleteCreate        0000000000013cc0 f   create.obj
 0001:000030e0       DokanDispatchClose         00000000000140e0 f   close.obj
 0001:00003620       IsListEmpty                0000000000014620 f i event.obj
 0001:00003650       ExAllocateFromNPagedLookasideList 0000000000014650 f i event.obj
 0001:000036d0       ExFreeToNPagedLookasideList 00000000000146d0 f i event.obj
 0001:00003750       IoMarkIrpPending           0000000000014750 f i event.obj
 0001:00003790       DokanIrpCancelRoutine      0000000000014790 f   event.obj
 0001:000039f0       RegisterPendingIrpMain     00000000000149f0 f   event.obj
 0001:00003c70       DokanRegisterPendingIrp    0000000000014c70 f   event.obj
 0001:00003d40       DokanRegisterPendingIrpForEvent 0000000000014d40 f   event.obj
 0001:00003dc0       DokanRegisterPendingIrpForService 0000000000014dc0 f   event.obj
 0001:00003e50       DokanCompleteIrp           0000000000014e50 f   event.obj
 0001:000042a0       DokanEventStart            00000000000152a0 f   event.obj
 0001:00004900       DokanEventWrite            0000000000015900 f   event.obj
 0001:00004e10       DokanDispatchDirectoryControl 0000000000015e10 f   directory.obj
 0001:000050d0       DokanQueryDirectory        00000000000160d0 f   directory.obj
 0001:000057e0       DokanNotifyChangeDirectory 00000000000167e0 f   directory.obj
 0001:000059b0       DokanCompleteDirectoryControl 00000000000169b0 f   directory.obj
 0001:00005ce0       DokanDispatchQueryInformation 0000000000016ce0 f   fileinfo.obj
 0001:000064f0       DokanCompleteQueryInformation 00000000000174f0 f   fileinfo.obj
 0001:00006730       DokanDispatchSetInformation 0000000000017730 f   fileinfo.obj
 0001:00006fa0       DokanCompleteSetInformation 0000000000017fa0 f   fileinfo.obj
 0001:000075e0       DokanDispatchRead          00000000000185e0 f   read.obj
 0001:00007bf0       DokanCompleteRead          0000000000018bf0 f   read.obj
 0001:00007fc0       DokanDispatchWrite         0000000000018fc0 f   write.obj
 0001:00008800       DokanCompleteWrite         0000000000019800 f   write.obj
 0001:00008a00       DokanDispatchQueryVolumeInformation 0000000000019a00 f   volume.obj
 0001:00008f40       DokanCompleteQueryVolumeInformation 0000000000019f40 f   volume.obj
 0001:00009100       DokanDispatchSetVolumeInformation 000000000001a100 f   volume.obj
 0001:000091c0       DokanDispatchCleanup       000000000001a1c0 f   cleanup.obj
 0001:000095e0       DokanCompleteCleanup       000000000001a5e0 f   cleanup.obj
 0001:000097d0       DokanDispatchLock          000000000001a7d0 f   lock.obj
 0001:00009d00       DokanCompleteLock          000000000001ad00 f   lock.obj
 0001:00009e20       RemoveHeadList             000000000001ae20 f i timeout.obj
 0001:00009e70       DokanUnmount               000000000001ae70 f   timeout.obj
 0001:0000a030       DokanCheckKeepAlive        000000000001b030 f   timeout.obj
 0001:0000a100       ReleaseTimeoutPendingIrp   000000000001b100 f   timeout.obj
 0001:0000a440       DokanResetPendingIrpTimeout 000000000001b440 f   timeout.obj
 0001:0000a630       DokanTimeoutThread         000000000001b630 f   timeout.obj
 0001:0000a7c0       DokanStartCheckThread      000000000001b7c0 f   timeout.obj
 0001:0000a8a0       DokanStopCheckThread       000000000001b8a0 f   timeout.obj
 0001:0000a960       DokanUpdateTimeout         000000000001b960 f   timeout.obj
 0001:0000a9c0       DokanDispatchFlush         000000000001b9c0 f   flush.obj
 0001:0000ada0       DokanCompleteFlush         000000000001bda0 f   flush.obj
 0001:0000af00       PrintUnknownDeviceIoctlCode 000000000001bf00 f   device.obj
 0001:0000b020       GlobalDeviceControl        000000000001c020 f   device.obj
 0001:0000b1c0       DiskDeviceControl          000000000001c1c0 f   device.obj
 0001:0000bec0       DokanDispatchDeviceControl 000000000001cec0 f   device.obj
 0001:0000c300       DokanUserFsRequest         000000000001d300 f   fscontrol.obj
 0001:0000ce90       DokanDispatchFileSystemControl 000000000001de90 f   fscontrol.obj
 0001:0000d1e0       SetCommonEventContext      000000000001e1e0 f   notification.obj
 0001:0000d290       AllocateEventContextRaw    000000000001e290 f   notification.obj
 0001:0000d310       AllocateEventContext       000000000001e310 f   notification.obj
 0001:0000d390       DokanFreeEventContext      000000000001e390 f   notification.obj
 0001:0000d3c0       DokanEventNotification     000000000001e3c0 f   notification.obj
 0001:0000d460       ReleasePendingIrp          000000000001e460 f   notification.obj
 0001:0000d640       NotificationLoop           000000000001e640 f   notification.obj
 0001:0000da20       NotificationThread         000000000001ea20 f   notification.obj
 0001:0000dbf0       DokanStartEventNotificationThread 000000000001ebf0 f   notification.obj
 0001:0000dce0       DokanStopEventNotificationThread 000000000001ece0 f   notification.obj
 0001:0000dda0       DokanEventRelease          000000000001eda0 f   notification.obj
 0001:0000dfd0       DokanDispatchQuerySecurity 000000000001efd0 f   security.obj
 0001:0000e510       DokanCompleteQuerySecurity 000000000001f510 f   security.obj
 0001:0000e7e0       DokanDispatchSetSecurity   000000000001f7e0 f   security.obj
 0001:0000ed30       DokanCompleteSetSecurity   000000000001fd30 f   security.obj
 0001:0000ee80       DokanGetAccessToken        000000000001fe80 f   access.obj
 0001:0000f310       __security_check_cookie    0000000000020310 f   BufferOverflowK:amdsecgs.obj
 0001:0000f338       __report_gsfailure         0000000000020338 f   BufferOverflowK:gs_report.obj
 0001:0000f366       DbgPrint                   0000000000020366 f   ntoskrnl:ntoskrnl.exe
 0001:0000f380       memmove                    0000000000020380     ntoskrnl:memcpy.obj
 0001:0000f380       memcpy                     0000000000020380 f   ntoskrnl:memcpy.obj
 0001:0000f6bc       WdmlibRtlInitUnicodeStringEx 00000000000206bc f   wdmsec:wlwrap.obj
 0001:0000f71c       _snwprintf                 000000000002071c f   wdmsec:ntoskrnl.exe
 0001:0000f728       __GSHandlerCheckCommon     0000000000020728 f   wdmsec:gshandler.obj
 0001:0000f794       __GSHandlerCheck           0000000000020794 f   wdmsec:gshandler.obj
 0001:0000f7b8       wcschr                     00000000000207b8 f   wdmsec:ntoskrnl.exe
 0001:0000f7c4       _wcsnicmp                  00000000000207c4 f   wdmsec:ntoskrnl.exe
 0001:0000f7e0       memset                     00000000000207e0 f   wdmsec:memset.obj
 0001:0000f8d0       __C_specific_handler       00000000000208d0 f   ntoskrnl:ntoskrnl.exe
 0001:0000f8dc       _local_unwind              00000000000208dc f   ntoskrnl:ntoskrnl.exe
 0001:0000f8e8       __GSHandlerCheck_SEH       00000000000208e8 f   ntoskrnl:gshandlerseh.obj
 0001:0000f980       ??_C@_0CF@LIHGPBLF@c?3?2winddk?27600?416385?41?2inc?2ddk?2w@FNODOBFM@ 0000000000020980     dokan.obj
 0001:0000f9b0       ??_C@_0CM@LOONDNKF@Irp?9?$DOCurrentLocation?5?$DM?$DN?5Irp?9?$DOSta@FNODOBFM@ 00000000000209b0     dokan.obj
 0001:0000f9e0       ??_C@_0CG@IKMLNFC@?$FLDokanFS?$FN?5DokanFastIoCheckIfPoss@FNODOBFM@ 00000000000209e0     dokan.obj
 0001:0000fa10       ??_C@_0CI@EPAGIBIG@?$FLDokanFS?$FN?5DokanAcquireForCreateS@FNODOBFM@ 0000000000020a10     dokan.obj
 0001:0000fa40       ??_C@_0CI@OBEHLELH@?$FLDokanFS?$FN?5DokanReleaseForCreateS@FNODOBFM@ 0000000000020a40     dokan.obj
 0001:0000fa70       ??_C@_0DG@GEEHCBAI@?$FLDokanFS?$FN?5DokanFilterCallbackAcq@FNODOBFM@ 0000000000020a70     dokan.obj
 0001:0000fab0       ??_C@_0CA@EJEKMGMO@?$FLDokanFS?$FN?5?$DN?$DN?$DO?5DokanNoOpAcquire?6?$AA@FNODOBFM@ 0000000000020ab0     dokan.obj
 0001:0000fad0       ??_C@_0CJ@DPJMHEGK@d?3?2code?2oss?2dokanx?2trunk?2src?2sys@FNODOBFM@ 0000000000020ad0     dokan.obj
 0001:0000fb00       ??_C@_0BL@GKLKFIBL@IoGetTopLevelIrp?$CI?$CJ?5?$DN?$DN?5NULL?$AA@FNODOBFM@ 0000000000020b00     dokan.obj
 0001:0000fb20       ??_C@_0CA@PBMLOPME@?$FLDokanFS?$FN?5?$DM?$DN?$DN?5DokanNoOpAcquire?6?$AA@FNODOBFM@ 0000000000020b20     dokan.obj
 0001:0000fb40       ??_C@_0CA@JHHLGCMM@?$FLDokanFS?$FN?5?$DN?$DN?$DO?5DokanNoOpRelease?6?$AA@FNODOBFM@ 0000000000020b40     dokan.obj
 0001:0000fb60       ??_C@_0DG@BIDPEDCH@IoGetTopLevelIrp?$CI?$CJ?5?$DN?$DN?5?$CIPIRP?$CJFSRT@FNODOBFM@ 0000000000020b60     dokan.obj
 0001:0000fba0       ??_C@_0CA@CPPKELMG@?$FLDokanFS?$FN?5?$DM?$DN?$DN?5DokanNoOpRelease?6?$AA@FNODOBFM@ 0000000000020ba0     dokan.obj
 0001:0000fbc0       ??_C@_0CF@NOEELBMN@?$FLDokanFS?$FN?5?5?5status?5?$DN?5STATUS_SUCC@FNODOBFM@ 0000000000020bc0     dokan.obj
 0001:0000fbf0       ??_C@_0CL@LNPELHDF@?$FLDokanFS?$FN?5?5?5status?5?$DN?5STATUS_NO_M@FNODOBFM@ 0000000000020bf0     dokan.obj
 0001:0000fc20       ??_C@_0CJ@NONEPMJA@?$FLDokanFS?$FN?5?5?5status?5?$DN?5STATUS_END_@FNODOBFM@ 0000000000020c20     dokan.obj
 0001:0000fc50       ??_C@_0CK@COFLJLPM@?$FLDokanFS?$FN?5?5?5status?5?$DN?5STATUS_NO_S@FNODOBFM@ 0000000000020c50     dokan.obj
 0001:0000fc80       ??_C@_0CN@NNPOCGKC@?$FLDokanFS?$FN?5?5?5status?5?$DN?5STATUS_NOT_@FNODOBFM@ 0000000000020c80     dokan.obj
 0001:0000fcb0       ??_C@_0CN@MLEEMHCC@?$FLDokanFS?$FN?5?5?5status?5?$DN?5STATUS_BUFF@FNODOBFM@ 0000000000020cb0     dokan.obj
 0001:0000fce0       ??_C@_0DB@OAMFLFMK@?$FLDokanFS?$FN?5?5?5status?5?$DN?5STATUS_FILE@FNODOBFM@ 0000000000020ce0     dokan.obj
 0001:0000fd20       ??_C@_0CP@GPHEGDDO@?$FLDokanFS?$FN?5?5?5status?5?$DN?5STATUS_SHAR@FNODOBFM@ 0000000000020d20     dokan.obj
 0001:0000fd50       ??_C@_0DB@OMHGHBIG@?$FLDokanFS?$FN?5?5?5status?5?$DN?5STATUS_OBJE@FNODOBFM@ 0000000000020d50     dokan.obj
 0001:0000fd90       ??_C@_0DD@HNEGOHKO@?$FLDokanFS?$FN?5?5?5status?5?$DN?5STATUS_OBJE@FNODOBFM@ 0000000000020d90     dokan.obj
 0001:0000fdd0       ??_C@_0DD@MBJJFGDB@?$FLDokanFS?$FN?5?5?5status?5?$DN?5STATUS_OBJE@FNODOBFM@ 0000000000020dd0     dokan.obj
 0001:0000fe10       ??_C@_0DB@BLHKICAA@?$FLDokanFS?$FN?5?5?5status?5?$DN?5STATUS_OBJE@FNODOBFM@ 0000000000020e10     dokan.obj
 0001:0000fe50       ??_C@_0DD@DECLIMMJ@?$FLDokanFS?$FN?5?5?5status?5?$DN?5STATUS_OBJE@FNODOBFM@ 0000000000020e50     dokan.obj
 0001:0000fe90       ??_C@_0DE@PPEDOBLC@?$FLDokanFS?$FN?5?5?5status?5?$DN?5STATUS_OBJE@FNODOBFM@ 0000000000020e90     dokan.obj
 0001:0000fed0       ??_C@_0CL@EFENEEFK@?$FLDokanFS?$FN?5?5?5status?5?$DN?5STATUS_ACCE@FNODOBFM@ 0000000000020ed0     dokan.obj
 0001:0000ff00       ??_C@_0CO@OFDIJPJG@?$FLDokanFS?$FN?5?5?5status?5?$DN?5STATUS_ACCE@FNODOBFM@ 0000000000020f00     dokan.obj
 0001:0000ff30       ??_C@_0CP@MMMAIAFD@?$FLDokanFS?$FN?5?5?5status?5?$DN?5STATUS_INVA@FNODOBFM@ 0000000000020f30     dokan.obj
 0001:0000ff60       ??_C@_0DB@KBKGBLCN@?$FLDokanFS?$FN?5?5?5status?5?$DN?5STATUS_INVA@FNODOBFM@ 0000000000020f60     dokan.obj
 0001:0000ffa0       ??_C@_0CM@OMPFBOKD@?$FLDokanFS?$FN?5?5?5status?5?$DN?5STATUS_INVA@FNODOBFM@ 0000000000020fa0     dokan.obj
 0001:0000ffd0       ??_C@_0CL@DJMDGADF@?$FLDokanFS?$FN?5?$DN?$DN?$DO?5DokanNotifyReportC@FNODOBFM@ 0000000000020fd0     dokan.obj
 0001:00010000       ??_C@_0M@DJEDCO@Fcb?5?$CB?$DN?5NULL?$AA@FNODOBFM@ 0000000000021000     dokan.obj
 0001:00010010       ??_C@_0BB@DIJGLHAJ@FileName?5?$CB?$DN?5NULL?$AA@FNODOBFM@ 0000000000021010     dokan.obj
 0001:00010030       ??_C@_0CH@KKAAIKHK@?$FLDokanFS?$FN?5?$DM?$DN?$DN?5DokanNotifyReportC@FNODOBFM@ 0000000000021030     dokan.obj
 0001:00010060       ??_C@_0BN@DLILNCAO@?$FLDokanFS?$FN?5?5?5?5?5IdType?5?$DN?5NULL?6?$AA@FNODOBFM@ 0000000000021060     dokan.obj
 0001:00010080       ??_C@_0BM@BDKEEAAI@?$FLDokanFS?$FN?5?5?5?5?5IdType?5?$DN?5DGL?6?$AA@FNODOBFM@ 0000000000021080     dokan.obj
 0001:000100a0       ??_C@_0BL@DEAGNHFK@?$FLDokanFS?$FN?5?5?5?5IdType?5?$DN?5DCB?6?$AA@FNODOBFM@ 00000000000210a0     dokan.obj
 0001:000100c0       ??_C@_0BL@COCGBDLI@?$FLDokanFS?$FN?5?5?5?5IdType?5?$DN?5VCB?6?$AA@FNODOBFM@ 00000000000210c0     dokan.obj
 0001:000100e0       ??_C@_0BL@EOMGIEDK@?$FLDokanFS?$FN?5?5?5?5IdType?5?$DN?5FCB?6?$AA@FNODOBFM@ 00000000000210e0     dokan.obj
 0001:00010100       ??_C@_0BL@IGCGALEK@?$FLDokanFS?$FN?5?5?5?5IdType?5?$DN?5CCB?6?$AA@FNODOBFM@ 0000000000021100     dokan.obj
 0001:00010120       ??_C@_0BP@BODMPJOP@?$FLDokanFS?$FN?5?5?5?5IdType?5?$DN?5Unknown?6?$AA@FNODOBFM@ 0000000000021120     dokan.obj
 0001:00010140       ??_C@_0M@OMACNNLB@Dcb?5?$CB?$DN?5NULL?$AA@FNODOBFM@ 0000000000021140     dokan.obj
 0001:00010150       ??_C@_0BK@MHNBHP@?$FLDokanFS?$FN?5?5?5?5ccb?5is?5NULL?6?$AA@FNODOBFM@ 0000000000021150     dokan.obj
 0001:00010170       ??_C@_0CD@OFJFFPNM@?$FLDokanFS?$FN?5?5?5?5MountId?5is?5differen@FNODOBFM@ 0000000000021170     dokan.obj
 0001:000101a0       ??_C@_0BJ@PPGOBPAI@?$FLDokanFS?$FN?5?5?5Not?5mounted?6?$AA@FNODOBFM@ 00000000000211a0     dokan.obj
 0001:000101c0       ??_C@_0CL@FLOELNCF@?$FLDokanFS?$FN?5?5?5?5?5IoAllocateMdl?5retu@FNODOBFM@ 00000000000211c0     dokan.obj
 0001:000101f0       ??_C@_0CJ@CJAHMIDH@?$FLDokanFS?$FN?5?5?5?5?5MmProveAndLockPage@FNODOBFM@ 00000000000211f0     dokan.obj
 0001:00010220       ??_C@_1BM@FHCNJMDP@?$AA?2?$AAD?$AAe?$AAv?$AAi?$AAc?$AAe?$AA?2?$AAD?$AAo?$AAk?$AAa?$AAn?$AA?$AA@FNODOBFM@ 0000000000021220     init.obj
 0001:00010240       ??_C@_1DC@JJHBEEBC@?$AA?2?$AAD?$AAo?$AAs?$AAD?$AAe?$AAv?$AAi?$AAc?$AAe?$AAs?$AA?2?$AAG?$AAl?$AAo?$AAb?$AAa?$AAl?$AA?2?$AAD?$AAo?$AAk?$AAa?$AAn?$AA?$AA@FNODOBFM@ 0000000000021240     init.obj
 0001:00010280       ??_C@_0CK@GGKOHIED@?$FLDokanFS?$FN?5?5?5IoCreateDevice?5retur@FNODOBFM@ 0000000000021280     init.obj
 0001:000102b0       ??_C@_0CK@JFHFFEJI@?$FLDokanFS?$FN?5DokanGlobalDevice?3?5?$CFwZ@FNODOBFM@ 00000000000212b0     init.obj
 0001:000102e0       ??_C@_0DA@KADHBLIL@?$FLDokanFS?$FN?5?5?5IoCreateSymbolicLink@FNODOBFM@ 00000000000212e0     init.obj
 0001:00010310       ??_C@_0CM@NGAHAIMI@?$FLDokanFS?$FN?5SymbolicLink?3?5?$CFwZ?5?9?$DO?5?$CF@FNODOBFM@ 0000000000021310     init.obj
 0001:00010340       ??_C@_0CO@DHCNNMME@?$FLDokanFS?$FN?5?5?5FsRtlRegisterUncProv@FNODOBFM@ 0000000000021340     init.obj
 0001:00010370       ??_C@_0DD@FAGCANDG@?$FLDokanFS?$FN?5?5?5FsRtlRegisterUncProv@FNODOBFM@ 0000000000021370     init.obj
 0001:000103b0       ??_C@_1DA@PLMHAKFB@?$AA?2?$AAD?$AAe?$AAv?$AAi?$AAc?$AAe?$AA?2?$AAD?$AAo?$AAk?$AAa?$AAn?$AAR?$AAe?$AAd?$AAi?$AAr?$AAe?$AAc?$AAt?$AAo?$AAr?$AA?$AA@FNODOBFM@ 00000000000213b0     init.obj
 0001:000103e0       ??_C@_1EG@LEKJENPI@?$AA?2?$AAD?$AAo?$AAs?$AAD?$AAe?$AAv?$AAi?$AAc?$AAe?$AAs?$AA?2?$AAG?$AAl?$AAo?$AAb?$AAa?$AAl?$AA?2?$AAD?$AAo?$AAk?$AAa?$AAn?$AAR?$AAe?$AAd?$AAi?$AAr?$AAe?$AAc?$AAt@FNODOBFM@ 00000000000213e0     init.obj
 0001:00010430       ??_C@_1BO@LGPKALII@?$AA?2?$AAD?$AAe?$AAv?$AAi?$AAc?$AAe?$AA?2?$AAV?$AAo?$AAl?$AAu?$AAm?$AAe?$AA?$AA@FNODOBFM@ 0000000000021430     init.obj
 0001:00010450       ??_C@_1DE@BONIMFNN@?$AA?2?$AAD?$AAo?$AAs?$AAD?$AAe?$AAv?$AAi?$AAc?$AAe?$AAs?$AA?2?$AAG?$AAl?$AAo?$AAb?$AAa?$AAl?$AA?2?$AAV?$AAo?$AAl?$AAu?$AAm?$AAe?$AA?$AA@FNODOBFM@ 0000000000021450     init.obj
 0001:00010490       ??_C@_0DH@IKLDOEAL@?$FLDokanFS?$FN?5?5?5IoCreateDevice?5?$CIDISK@FNODOBFM@ 0000000000021490     init.obj
 0001:000104d0       ??_C@_0CI@OIOBPMJE@?$FLDokanFS?$FN?5DokanDiskDevice?3?5?$CFwZ?5c@FNODOBFM@ 00000000000214d0     init.obj
 0001:00010500       ??_C@_0DO@HBCNDPCK@?$FLDokanFS?$FN?5?5?5IoCreateDevice?5?$CIFILE@FNODOBFM@ 0000000000021500     init.obj
 0001:00010540       ??_C@_0CO@EAKMMBMJ@?$FLDokanFS?$FN?5DokanFileSystemDevice?3@FNODOBFM@ 0000000000021540     init.obj
 0001:00010570       ??_C@_1M@BDMGMBEO@?$AAD?$AAO?$AAK?$AAA?$AAN?$AA?$AA@FNODOBFM@ 0000000000021570     init.obj
 0001:00010580       ??_C@_0CN@KHBLAECP@?$FLDokanFS?$FN?5PsCreateSystemThread?5f@FNODOBFM@ 0000000000021580     init.obj
 0001:000105b0       ??_C@_0CI@HPAIHNGE@d?3?2code?2oss?2dokanx?2trunk?2src?2sys@FNODOBFM@ 00000000000215b0     init.obj
 0001:000105e0       ??_C@_0BO@BLAMILI@GetIdentifierType?$CIDcb?$CJ?5?$DN?$DN?5DCB?$AA@FNODOBFM@ 00000000000215e0     init.obj
 0001:00010600       ??_C@_0CH@EHBKKOJP@?$FLDokanFS?$FN?5?5?5Delete?5Symbolic?5Name@FNODOBFM@ 0000000000021600     init.obj
 0001:00010630       ??_C@_0BP@DONAKMKG@?$FLDokanFS?$FN?5?5?5FCB?5allocated?3?5?$CFd?6?$AA@FNODOBFM@ 0000000000021630     init.obj
 0001:00010650       ??_C@_0BP@EFCJKKKF@?$FLDokanFS?$FN?5?5?5FCB?5?5?5?5?5freed?3?5?$CFd?6?$AA@FNODOBFM@ 0000000000021650     init.obj
 0001:00010670       ??_C@_0BP@FKCBBM@?$FLDokanFS?$FN?5?5?5CCB?5allocated?3?5?$CFd?6?$AA@FNODOBFM@ 0000000000021670     init.obj
 0001:00010690       ??_C@_0BP@HLKDCHBP@?$FLDokanFS?$FN?5?5?5CCB?5?5?5?5?5freed?3?5?$CFd?6?$AA@FNODOBFM@ 0000000000021690     init.obj
 0001:000106b0       ??_C@_0CB@DOGPFBBN@?$FLDokanFS?$FN?5?5?5Delete?5DeviceObject?6@FNODOBFM@ 00000000000216b0     init.obj
 0001:000106e0       ??_C@_0CG@HEILOJAE@?$FLDokanFS?$FN?5?5?5Delete?5Disk?5DeviceOb@FNODOBFM@ 00000000000216e0     init.obj
 0001:00010710       ??_C@_0CK@COGPFALE@d?3?2code?2oss?2dokanx?2trunk?2src?2sys@FNODOBFM@ 0000000000021710     create.obj
 0001:00010740       ??_C@_0M@BIAIJING@fcb?5?$CB?$DN?5NULL?$AA@FNODOBFM@ 0000000000021740     create.obj
 0001:00010750       ??_C@_0M@MCBKONC@Vcb?5?$CB?$DN?5NULL?$AA@FNODOBFM@ 0000000000021750     create.obj
 0001:00010760       ??_C@_0BK@BKIFELDL@?$FLDokanFS?$FN?5?5?5Allocate?5FCB?6?$AA@FNODOBFM@ 0000000000021760     create.obj
 0001:00010780       ??_C@_0BJ@DKOJNHB@?$FLDokanFS?$FN?5?5?5Free?5FCB?3?$CFX?6?$AA@FNODOBFM@ 0000000000021780     create.obj
 0001:000107a0       ??_C@_0M@IAKLOPMG@ccb?5?$CB?$DN?5NULL?$AA@FNODOBFM@ 00000000000217a0     create.obj
 0001:000107b0       ??_C@_0CD@EHOAOKEB@?$FLDokanFS?$FN?5?$DN?$DN?$DO?5DokanCompleteCreat@FNODOBFM@ 00000000000217b0     create.obj
 0001:000107e0       ??_C@_0BK@EIDMBJFC@?$FLDokanFS?$FN?5?5?5FileName?3?$CFwZ?6?$AA@FNODOBFM@ 00000000000217e0     create.obj
 0001:00010800       ??_C@_0BJ@INLHPHCF@?$FLDokanFS?$FN?5?5?5FILE_OPENED?6?$AA@FNODOBFM@ 0000000000021800     create.obj
 0001:00010820       ??_C@_0BK@HLBJLEBL@?$FLDokanFS?$FN?5?5?5FILE_CREATED?6?$AA@FNODOBFM@ 0000000000021820     create.obj
 0001:00010840       ??_C@_0BO@LFKPLKGF@?$FLDokanFS?$FN?5?5?5FILE_OVERWRITTEN?6?$AA@FNODOBFM@ 0000000000021840     create.obj
 0001:00010860       ??_C@_0CB@NDKIMKHL@?$FLDokanFS?$FN?5?5?5FILE_DOES_NOT_EXIST?6@FNODOBFM@ 0000000000021860     create.obj
 0001:00010890       ??_C@_0BJ@DBOGLDMN@?$FLDokanFS?$FN?5?5?5FILE_EXISTS?6?$AA@FNODOBFM@ 0000000000021890     create.obj
 0001:000108b0       ??_C@_0BH@EAIJBCJD@?$FLDokanFS?$FN?5?5?5info?5?$DN?5?$CFd?6?$AA@FNODOBFM@ 00000000000218b0     create.obj
 0001:000108d0       ??_C@_0CE@DADOHPOC@?$FLDokanFS?$FN?5?5?5FILE_DIRECTORY_FILE?5@FNODOBFM@ 00000000000218d0     create.obj
 0001:00010900       ??_C@_0CF@DDDPGJCJ@?$FLDokanFS?$FN?5?5?5DOKAN_FILE_DIRECTORY@FNODOBFM@ 0000000000021900     create.obj
 0001:00010930       ??_C@_0DA@JEJLMCEI@?$FLDokanFS?$FN?5?5?5?5IRP_MJ_CREATE?5faile@FNODOBFM@ 0000000000021930     create.obj
 0001:00010960       ??_C@_0CD@JEIOEDHC@?$FLDokanFS?$FN?5?$DM?$DN?$DN?5DokanCompleteCreat@FNODOBFM@ 0000000000021960     create.obj
 0001:00010990       ??_C@_0CF@FOPNHIJF@EX?3?5Pageable?5code?5called?5at?5IRQL@FNODOBFM@ 0000000000021990     close.obj
 0001:000109c0       ??_C@_0BK@ODNGBGEN@?$FLDokanFS?$FN?5?$DN?$DN?$DO?5DokanClose?6?$AA@FNODOBFM@ 00000000000219c0     close.obj
 0001:000109e0       ??_C@_0CA@JHNOCGDJ@?$FLDokanFS?$FN?5?5?5fileObject?5is?5NULL?6?$AA@FNODOBFM@ 00000000000219e0     close.obj
 0001:00010a00       ??_C@_0BL@MFADMBAH@?$FLDokanFS?$FN?5?5?5ProcessId?5?$CFlu?6?$AA@FNODOBFM@ 0000000000021a00     close.obj
 0001:00010a20       ??_C@_0CN@ODNMEACG@?$FLDokanFS?$FN?5?5?5FileName?3?5?$CFwZ?5FCB?4Fi@FNODOBFM@ 0000000000021a20     close.obj
 0001:00010a50       ??_C@_0CJ@FCABGGBL@d?3?2code?2oss?2dokanx?2trunk?2src?2sys@FNODOBFM@ 0000000000021a50     close.obj
 0001:00010a80       ??_C@_0BK@BEIAHCPG@?$FLDokanFS?$FN?5?5?5?5Free?5CCB?3?$CFX?6?$AA@FNODOBFM@ 0000000000021a80     close.obj
 0001:00010aa0       ??_C@_0CD@KFBKHIJJ@?$FLDokanFS?$FN?5?5?5?5eventContext?5?$DN?$DN?5NUL@FNODOBFM@ 0000000000021aa0     close.obj
 0001:00010ad0       ??_C@_0BN@NKLNCIKM@?$FLDokanFS?$FN?5?5?5?5UserContext?3?$CFX?6?$AA@FNODOBFM@ 0000000000021ad0     close.obj
 0001:00010af0       ??_C@_0BK@DBNPKCAH@?$FLDokanFS?$FN?5?$DM?$DN?$DN?5DokanClose?6?$AA@FNODOBFM@ 0000000000021af0     close.obj
 0001:00010b10       ??_C@_0CF@FPGCKDDJ@?$FLDokanFS?$FN?5?$DN?$DN?$DO?5DokanIrpCancelRout@FNODOBFM@ 0000000000021b10     event.obj
 0001:00010b40       ??_C@_0CJ@IGIOOMLD@d?3?2code?2oss?2dokanx?2trunk?2src?2sys@FNODOBFM@ 0000000000021b40     event.obj
 0001:00010b70       ??_C@_0CF@LCLMJH@KeGetCurrentIrql?$CI?$CJ?5?$DM?$DN?5DISPATCH_L@FNODOBFM@ 0000000000021b70     event.obj
 0001:00010ba0       ??_C@_0O@KCFBMMAN@irpSp?5?$CB?$DN?5NULL?$AA@FNODOBFM@ 0000000000021ba0     event.obj
 0001:00010bb0       ??_C@_0BP@JGGBIIEC@?$FLDokanFS?$FN?5?5?5?5canceled?5IRP?5?$CD?$CFX?6?$AA@FNODOBFM@ 0000000000021bb0     event.obj
 0001:00010bd0       ??_C@_0CF@EADAOCL@?$FLDokanFS?$FN?5?$DM?$DN?$DN?5DokanIrpCancelRout@FNODOBFM@ 0000000000021bd0     event.obj
 0001:00010c00       ??_C@_0CC@MGOCLBPK@?$FLDokanFS?$FN?5?5device?5is?5not?5mounted@FNODOBFM@ 0000000000021c00     event.obj
 0001:00010c30       ??_C@_0CG@JKNLAJPG@?$FLDokanFS?$FN?5?5?5can?8t?5allocate?5IRP_E@FNODOBFM@ 0000000000021c30     event.obj
 0001:00010c60       ??_C@_0P@BKIHJMEI@?5?5Type?5?$CB?$DN?5VCB?6?$AA@FNODOBFM@ 0000000000021c60     event.obj
 0001:00010c70       ??_C@_0CN@EMIJEOFG@?$FLDokanFS?$FN?5DokanRegisterPendingIr@FNODOBFM@ 0000000000021c70     event.obj
 0001:00010ca0       ??_C@_0BC@GDFMLKCO@eventInfo?5?$CB?$DN?5NULL?$AA@FNODOBFM@ 0000000000021ca0     event.obj
 0001:00010cc0       ??_C@_0CL@LOBOLDGE@irpEntry?9?$DOCancelRoutineFreeMemor@FNODOBFM@ 0000000000021cc0     event.obj
 0001:00010cf0       ??_C@_0BK@PEFAPKGP@?$FLDokanFS?$FN?5Unknown?5IRP?5?$CFd?6?$AA@FNODOBFM@ 0000000000021cf0     event.obj
 0001:00010d10       ??_C@_0BP@JKBDLNLM@?$FLDokanFS?$FN?5?$DN?$DN?$DO?5DokanEventStart?6?$AA@FNODOBFM@ 0000000000021d10     event.obj
 0001:00010d30       ??_C@_0CF@JGCJOHHF@?$FLDokanFS?$FN?5?5?5Unknown?5device?5type?3@FNODOBFM@ 0000000000021d30     event.obj
 0001:00010d60       ??_C@_0DL@KMCNKBIC@?$FLDokanFS?$FN?5?5?5DeviceCharacteristic@FNODOBFM@ 0000000000021d60     event.obj
 0001:00010da0       ??_C@_0BI@EMCBCKNG@?$FLDokanFS?$FN?5?5?5MountId?3?$CFd?6?$AA@FNODOBFM@ 0000000000021da0     event.obj
 0001:00010dc0       ??_C@_0BM@CJOMOLCC@?$FLDokanFS?$FN?5?5?5DeviceName?3?$CFws?6?$AA@FNODOBFM@ 0000000000021dc0     event.obj
 0001:00010de0       ??_C@_0BL@GALFPLE@?$FLDokanFS?$FN?5?5?5ALT_STREAM_ON?6?$AA@FNODOBFM@ 0000000000021de0     event.obj
 0001:00010e00       ??_C@_0BL@GCENEJCG@?$FLDokanFS?$FN?5?5?5KEEP_ALIVE_ON?6?$AA@FNODOBFM@ 0000000000021e00     event.obj
 0001:00010e20       ??_C@_0BP@KGJPLIIL@?$FLDokanFS?$FN?5?$DM?$DN?$DN?5DokanEventStart?6?$AA@FNODOBFM@ 0000000000021e20     event.obj
 0001:00010e40       ??_C@_0CP@NPCDIIHM@?$FLDokanFS?$FN?5?$DN?$DN?$DO?5DokanEventWrite?5?$FLE@FNODOBFM@ 0000000000021e40     event.obj
 0001:00010e70       ??_C@_0BD@PCHHAGOO@writeIrpSp?5?$CB?$DN?5NULL?$AA@FNODOBFM@ 0000000000021e70     event.obj
 0001:00010e90       ??_C@_0BD@OEDMEEFH@eventIrpSp?5?$CB?$DN?5NULL?$AA@FNODOBFM@ 0000000000021e90     event.obj
 0001:00010eb0       ??_C@_0BF@MHJMPOCN@eventContext?5?$CB?$DN?5NULL?$AA@FNODOBFM@ 0000000000021eb0     event.obj
 0001:00010ed0       ??_C@_0DG@EHIHLINJ@?$FLDokanFS?$FN?5?5?5EventWrite?3?5STATUS_I@FNODOBFM@ 0000000000021ed0     event.obj
 0001:00010f10       ??_C@_0P@FBHHDKCM@buffer?5?$CB?$DN?5NULL?$AA@FNODOBFM@ 0000000000021f10     event.obj
 0001:00010f20       ??_C@_0CF@HBMEJIPB@?$FLDokanFS?$FN?5?$DN?$DN?$DO?5DokanDirectoryCont@FNODOBFM@ 0000000000021f20     directory.obj
 0001:00010f50       ??_C@_0CB@LNMFBLNK@?$FLDokanFS?$FN?5?5?5?5fileObject?5is?5NULL?6@FNODOBFM@ 0000000000021f50     directory.obj
 0001:00010f80       ??_C@_0CE@NNFNBLIE@?$FLDokanFS?$FN?5?5?5invalid?5minor?5functi@FNODOBFM@ 0000000000021f80     directory.obj
 0001:00010fb0       ??_C@_0CF@CKKFDFOD@?$FLDokanFS?$FN?5?$DM?$DN?$DN?5DokanDirectoryCont@FNODOBFM@ 0000000000021fb0     directory.obj
 0001:00010fe0       ??_C@_0CN@IAFHGCMJ@d?3?2code?2oss?2dokanx?2trunk?2src?2sys@FNODOBFM@ 0000000000021fe0     directory.obj
 0001:00011010       ??_C@_0CA@HAKFNENA@?$FLDokanFS?$FN?5?5?5index?5specified?5?$CFd?6?$AA@FNODOBFM@ 0000000000022010     directory.obj
 0001:00011030       ??_C@_0CB@MKBJOKNP@?$FLDokanFS?$FN?5?5?5return?5single?5entry?6@FNODOBFM@ 0000000000022030     directory.obj
 0001:00011060       ??_C@_0BK@IGCAOHPF@?$FLDokanFS?$FN?5?5?5restart?5scan?6?$AA@FNODOBFM@ 0000000000022060     directory.obj
 0001:00011080       ??_C@_0BJ@CEAJLOHJ@?$FLDokanFS?$FN?5?5?5pattern?3?$CFwZ?6?$AA@FNODOBFM@ 0000000000022080     directory.obj
 0001:000110a0       ??_C@_0CG@NNNCILCK@?$FLDokanFS?$FN?5?5?5FileDirectoryInforma@FNODOBFM@ 00000000000220a0     directory.obj
 0001:000110d0       ??_C@_0CK@BIEHMLJD@?$FLDokanFS?$FN?5?5?5FileFullDirectoryInf@FNODOBFM@ 00000000000220d0     directory.obj
 0001:00011100       ??_C@_0CC@GGNPPJBI@?$FLDokanFS?$FN?5?5?5FileNamesInformation@FNODOBFM@ 0000000000022100     directory.obj
 0001:00011130       ??_C@_0CK@HLJDCNNJ@?$FLDokanFS?$FN?5?5?5FileBothDirectoryInf@FNODOBFM@ 0000000000022130     directory.obj
 0001:00011160       ??_C@_0CM@CAAJMIKB@?$FLDokanFS?$FN?5?5?5FileIdBothDirectoryI@FNODOBFM@ 0000000000022160     directory.obj
 0001:00011190       ??_C@_0CG@CGNMJPDL@?$FLDokanFS?$FN?5?5?5unknown?5FileInfoClas@FNODOBFM@ 0000000000022190     directory.obj
 0001:000111c0       ??_C@_0BN@MEKBDBGL@?$FLDokanFS?$FN?5?5?5?5?5initial?5query?6?$AA@FNODOBFM@ 00000000000221c0     directory.obj
 0001:000111e0       ??_C@_0CC@CIINPOKC@?$FLDokanFS?$FN?5?5?5?5?5using?5FileIndex?5?$CFd@FNODOBFM@ 00000000000221e0     directory.obj
 0001:00011210       ??_C@_0BP@IDBLECIC@?$FLDokanFS?$FN?5?5?5?5?5SL_RESTART_SCAN?6?$AA@FNODOBFM@ 0000000000022210     directory.obj
 0001:00011230       ??_C@_0BP@LMGFKPFL@?$FLDokanFS?$FN?5?5?5?5?5ccb?9?$DOContext?5?$CFd?6?$AA@FNODOBFM@ 0000000000022230     directory.obj
 0001:00011250       ??_C@_0CG@LLPGOOHH@?$FLDokanFS?$FN?5?5?5?5?5ccb?9?$DOSearchPattern@FNODOBFM@ 0000000000022250     directory.obj
 0001:00011280       ??_C@_0CC@LOJNLIKH@?$FLDokanFS?$FN?5?7NotifyChangeDirectory@FNODOBFM@ 0000000000022280     directory.obj
 0001:000112b0       ??_C@_0CN@IGNNOBPD@?$FLDokanFS?$FN?5?$DN?$DN?$DO?5DokanCompleteDirec@FNODOBFM@ 00000000000222b0     directory.obj
 0001:000112e0       ??_C@_0CP@GLAGLLC@?$FLDokanFS?$FN?5?5?5?5?5eventInfo?9?$DODirecto@FNODOBFM@ 00000000000222e0     directory.obj
 0001:00011310       ??_C@_0CP@JDMMEFDG@?$FLDokanFS?$FN?5?5?5?5?5eventInfo?9?$DOBufferL@FNODOBFM@ 0000000000022310     directory.obj
 0001:00011340       ??_C@_0CL@ELMFLBPN@?$FLDokanFS?$FN?5?5?5?5?5eventInfo?9?$DOStatus?5@FNODOBFM@ 0000000000022340     directory.obj
 0001:00011370       ??_C@_0CN@BCFEEHCO@?$FLDokanFS?$FN?5?$DM?$DN?$DN?5DokanCompleteDirec@FNODOBFM@ 0000000000022370     directory.obj
 0001:000113a0       ??_C@_0CF@DPBALCEL@?$FLDokanFS?$FN?5?$DN?$DN?$DO?5DokanQueryInformat@FNODOBFM@ 00000000000223a0     fileinfo.obj
 0001:000113d0       ??_C@_0BO@PPCKJEGO@?$FLDokanFS?$FN?5?5?5FileInfoClass?5?$CFd?6?$AA@FNODOBFM@ 00000000000223d0     fileinfo.obj
 0001:000113f0       ??_C@_0CA@IEHHOGJM@?$FLDokanFS?$FN?5?5?5fileObject?5?$DN?$DN?5NULL?6?$AA@FNODOBFM@ 00000000000223f0     fileinfo.obj
 0001:00011410       ??_C@_0CM@FPKKIIKI@d?3?2code?2oss?2dokanx?2trunk?2src?2sys@FNODOBFM@ 0000000000022410     fileinfo.obj
 0001:00011440       ??_C@_0CC@JPMENNKP@?$FLDokanFS?$FN?5?5?5FileBasicInformation@FNODOBFM@ 0000000000022440     fileinfo.obj
 0001:00011470       ??_C@_0CF@NFLDCMOG@?$FLDokanFS?$FN?5?5?5FileInternalInformat@FNODOBFM@ 0000000000022470     fileinfo.obj
 0001:000114a0       ??_C@_0BP@MONCBCHE@?$FLDokanFS?$FN?5?5?5FileEaInformation?6?$AA@FNODOBFM@ 00000000000224a0     fileinfo.obj
 0001:000114c0       ??_C@_0CF@GAGEFKIL@?$FLDokanFS?$FN?5?5?5FileStandardInformat@FNODOBFM@ 00000000000224c0     fileinfo.obj
 0001:000114f0       ??_C@_0CA@HLPHGDPH@?$FLDokanFS?$FN?5?5?5FileAllInformation?6?$AA@FNODOBFM@ 00000000000224f0     fileinfo.obj
 0001:00011510       ??_C@_0CK@OPIDOIJH@?$FLDokanFS?$FN?5?5?5FileAlternateNameInf@FNODOBFM@ 0000000000022510     fileinfo.obj
 0001:00011540       ??_C@_0CJ@PJIOBCPM@?$FLDokanFS?$FN?5?5?5FileAttributeTagInfo@FNODOBFM@ 0000000000022540     fileinfo.obj
 0001:00011570       ??_C@_0CI@HNNEFANE@?$FLDokanFS?$FN?5?5?5FileCompressionInfor@FNODOBFM@ 0000000000022570     fileinfo.obj
 0001:000115a0       ??_C@_0CB@PPKJPPLD@?$FLDokanFS?$FN?5?5?5FileNameInformation?6@FNODOBFM@ 00000000000225a0     fileinfo.obj
 0001:000115d0       ??_C@_0BB@BCJAAGO@nameInfo?5?$CB?$DN?5NULL?$AA@FNODOBFM@ 00000000000225d0     fileinfo.obj
 0001:000115f0       ??_C@_0CI@CAOOIFJ@?$FLDokanFS?$FN?5?5?5FileNetworkOpenInfor@FNODOBFM@ 00000000000225f0     fileinfo.obj
 0001:00011620       ??_C@_0CF@EBAPOOEA@?$FLDokanFS?$FN?5?5?5FilePositionInformat@FNODOBFM@ 0000000000022620     fileinfo.obj
 0001:00011650       ??_C@_0BA@GIAFHMFK@posInfo?5?$CB?$DN?5NULL?$AA@FNODOBFM@ 0000000000022650     fileinfo.obj
 0001:00011660       ??_C@_0CD@FJGMIOCO@?$FLDokanFS?$FN?5?5?5FileStreamInformatio@FNODOBFM@ 0000000000022660     fileinfo.obj
 0001:00011690       ??_C@_0BN@FDONLKBH@?$FLDokanFS?$FN?5?5?5unknown?5type?3?$CFd?6?$AA@FNODOBFM@ 0000000000022690     fileinfo.obj
 0001:000116b0       ??_C@_0CF@GEHBBPFJ@?$FLDokanFS?$FN?5?$DM?$DN?$DN?5DokanQueryInformat@FNODOBFM@ 00000000000226b0     fileinfo.obj
 0001:000116e0       ??_C@_0CN@MIAJMLEJ@?$FLDokanFS?$FN?5?$DN?$DN?$DO?5DokanCompleteQuery@FNODOBFM@ 00000000000226e0     fileinfo.obj
 0001:00011710       ??_C@_0CN@FMIAGNJE@?$FLDokanFS?$FN?5?$DM?$DN?$DN?5DokanCompleteQuery@FNODOBFM@ 0000000000022710     fileinfo.obj
 0001:00011740       ??_C@_0CE@GKHEOPMG@?$FLDokanFS?$FN?5?$DN?$DN?$DO?5DokanSetInformatio@FNODOBFM@ 0000000000022740     fileinfo.obj
 0001:00011770       ??_C@_0CM@JJJNELEH@?$FLDokanFS?$FN?5?5?5FileAllocationInform@FNODOBFM@ 0000000000022770     fileinfo.obj
 0001:000117a0       ??_C@_0CI@HPOFLFF@?$FLDokanFS?$FN?5?5?5FileDispositionInfor@FNODOBFM@ 00000000000227a0     fileinfo.obj
 0001:000117d0       ??_C@_0CL@LHOBEGIN@?$FLDokanFS?$FN?5?5?5FileEndOfFileInforma@FNODOBFM@ 00000000000227d0     fileinfo.obj
 0001:00011800       ??_C@_0CB@ICGAMPMC@?$FLDokanFS?$FN?5?5?5FileLinkInformation?6@FNODOBFM@ 0000000000022800     fileinfo.obj
 0001:00011830       ??_C@_0CK@CIMCPMON@?$FLDokanFS?$FN?5?5?5FilePositionInformat@FNODOBFM@ 0000000000022830     fileinfo.obj
 0001:00011860       ??_C@_0CD@GPKLOOPG@?$FLDokanFS?$FN?5?5?5FileRenameInformatio@FNODOBFM@ 0000000000022860     fileinfo.obj
 0001:00011890       ??_C@_0CM@NIHBFHFI@?$FLDokanFS?$FN?5?5?5FileValidDataLengthI@FNODOBFM@ 0000000000022890     fileinfo.obj
 0001:000118c0       ??_C@_0CG@IKPJHEFJ@?$FLDokanFS?$FN?5?5?5FileObject?5Specified@FNODOBFM@ 00000000000228c0     fileinfo.obj
 0001:000118f0       ??_C@_0CO@DFPPEDBM@?$FLDokanFS?$FN?5?5?5renameContext?9?$DOFileN@FNODOBFM@ 00000000000228f0     fileinfo.obj
 0001:00011920       ??_C@_0CJ@CDKFMLFK@?$FLDokanFS?$FN?5?5?5renameContext?9?$DOFileN@FNODOBFM@ 0000000000022920     fileinfo.obj
 0001:00011950       ??_C@_0CD@PGOFNKJP@?$FLDokanFS?$FN?5?$DM?$DN?$DN?5DokanSetInformatio@FNODOBFM@ 0000000000022950     fileinfo.obj
 0001:00011980       ??_C@_0CL@LKPPEJGG@?$FLDokanFS?$FN?5?$DN?$DN?$DO?5DokanCompleteSetIn@FNODOBFM@ 0000000000022980     fileinfo.obj
 0001:000119b0       ??_C@_0CN@HOLBLJBB@?$FLDokanFS?$FN?5?5?5Cannot?5delete?5user?5m@FNODOBFM@ 00000000000229b0     fileinfo.obj
 0001:000119e0       ??_C@_0CP@DPOEFHMA@?$FLDokanFS?$FN?5?5?5?5FileObject?9?$DODeleteP@FNODOBFM@ 00000000000229e0     fileinfo.obj
 0001:00011a10       ??_C@_0DA@HHPDAEPC@?$FLDokanFS?$FN?5?5?5?5FileObject?9?$DODeleteP@FNODOBFM@ 0000000000022a10     fileinfo.obj
 0001:00011a40       ??_C@_0BN@GBBABMCG@fcb?9?$DOFileName?4Buffer?5?$CB?$DN?5NULL?$AA@FNODOBFM@ 0000000000022a40     fileinfo.obj
 0001:00011a60       ??_C@_0CL@JPCFOAOG@?$FLDokanFS?$FN?5?$DM?$DN?$DN?5DokanCompleteSetIn@FNODOBFM@ 0000000000022a60     fileinfo.obj
 0001:00011a90       ??_C@_0BJ@ILIBLAHH@?$FLDokanFS?$FN?5?$DN?$DN?$DO?5DokanRead?6?$AA@FNODOBFM@ 0000000000022a90     read.obj
 0001:00011ab0       ??_C@_0CF@JKBCOGAC@?$FLDokanFS?$FN?5use?5FileObject?5ByteOff@FNODOBFM@ 0000000000022ab0     read.obj
 0001:00011ae0       ??_C@_0CI@DIJJKPOA@?$FLDokanFS?$FN?5?5?5ByteCount?3?$CFd?5ByteOff@FNODOBFM@ 0000000000022ae0     read.obj
 0001:00011b10       ??_C@_0CI@BAHPFJMN@d?3?2code?2oss?2dokanx?2trunk?2src?2sys@FNODOBFM@ 0000000000022b10     read.obj
 0001:00011b40       ??_C@_0CG@CBBCHEOD@?$FLDokanFS?$FN?5?5?5?5DOKAN_FILE_DIRECTOR@FNODOBFM@ 0000000000022b40     read.obj
 0001:00011b70       ??_C@_0BH@MPHIOFEM@?$FLDokanFS?$FN?5?5?5Paging?5IO?6?$AA@FNODOBFM@ 0000000000022b70     read.obj
 0001:00011b90       ??_C@_0BM@CNKBFBGG@?$FLDokanFS?$FN?5?5?5Synchronous?5IO?6?$AA@FNODOBFM@ 0000000000022b90     read.obj
 0001:00011bb0       ??_C@_0BF@CFCLGHBC@?$FLDokanFS?$FN?5?5?5Nocache?6?$AA@FNODOBFM@ 0000000000022bb0     read.obj
 0001:00011bd0       ??_C@_0BM@CHEPAADG@?$FLDokanFS?$FN?5?5?5STATUS_PENDING?6?$AA@FNODOBFM@ 0000000000022bd0     read.obj
 0001:00011bf0       ??_C@_0BJ@IPLAAHFB@?$FLDokanFS?$FN?5?$DM?$DN?$DN?5DokanRead?6?$AA@FNODOBFM@ 0000000000022bf0     read.obj
 0001:00011c10       ??_C@_0BD@GPOKNFMJ@fileObject?5?$CB?$DN?5NULL?$AA@FNODOBFM@ 0000000000022c10     read.obj
 0001:00011c30       ??_C@_0CF@LCHPPPPE@?$FLDokanFS?$FN?5?$DN?$DN?$DO?5DokanCompleteRead?5@FNODOBFM@ 0000000000022c30     read.obj
 0001:00011c60       ??_C@_0CO@KKFECHPL@?$FLDokanFS?$FN?5?5?5bufferLen?5?$CFd?0?5Event?4@FNODOBFM@ 0000000000022c60     read.obj
 0001:00011c90       ??_C@_0CN@NHPENONM@?$FLDokanFS?$FN?5?5?5Updated?5CurrentByteO@FNODOBFM@ 0000000000022c90     read.obj
 0001:00011cc0       ??_C@_0BM@GCAHDFEP@?$FLDokanFS?$FN?5?5?5STATUS_SUCCESS?6?$AA@FNODOBFM@ 0000000000022cc0     read.obj
 0001:00011ce0       ??_C@_0CL@GOHFFEFB@?$FLDokanFS?$FN?5?5?5STATUS_INSUFFICIENT_@FNODOBFM@ 0000000000022ce0     read.obj
 0001:00011d10       ??_C@_0CA@GGDLNCBN@?$FLDokanFS?$FN?5?5?5STATUS_END_OF_FILE?6?$AA@FNODOBFM@ 0000000000022d10     read.obj
 0001:00011d30       ??_C@_0BL@EOLEGKAI@?$FLDokanFS?$FN?5?5?5status?5?$DN?50x?$CFX?6?$AA@FNODOBFM@ 0000000000022d30     read.obj
 0001:00011d50       ??_C@_0CB@LCDGLODB@?$FLDokanFS?$FN?5?$DM?$DN?$DN?5DokanCompleteRead?6@FNODOBFM@ 0000000000022d50     read.obj
 0001:00011d80       ??_C@_0BK@FLAMAAGC@?$FLDokanFS?$FN?5?$DN?$DN?$DO?5DokanWrite?6?$AA@FNODOBFM@ 0000000000022d80     write.obj
 0001:00011da0       ??_C@_0CJ@PJGIIBFE@d?3?2code?2oss?2dokanx?2trunk?2src?2sys@FNODOBFM@ 0000000000022da0     write.obj
 0001:00011dd0       ??_C@_0BM@EELKCHPB@?$FLDokanFS?$FN?5?5?5use?5MdlAddress?6?$AA@FNODOBFM@ 0000000000022dd0     write.obj
 0001:00011df0       ??_C@_0BM@HHCNBOOE@?$FLDokanFS?$FN?5?5?5use?5UserBuffer?6?$AA@FNODOBFM@ 0000000000022df0     write.obj
 0001:00011e10       ??_C@_0BM@HJDDKGKJ@?$FLDokanFS?$FN?5?5?5buffer?5?$DN?$DN?5NULL?6?$AA@FNODOBFM@ 0000000000022e10     write.obj
 0001:00011e30       ??_C@_0CH@GPMMEFNC@?$FLDokanFS?$FN?5?5?5WriteOffset?5?$DN?5end?5of@FNODOBFM@ 0000000000022e30     write.obj
 0001:00011e60       ??_C@_0CG@NBMKALOI@?$FLDokanFS?$FN?5?5?5?5Offset?5?$CFd?3?$CFd?0?5Lengt@FNODOBFM@ 0000000000022e60     write.obj
 0001:00011e90       ??_C@_0DA@HLGMIEEJ@?$FLDokanFS?$FN?5?5?5?5Offset?5?$CFd?3?$CFd?0?5Lengt@FNODOBFM@ 0000000000022e90     write.obj
 0001:00011ec0       ??_C@_0BK@IJAFLECI@?$FLDokanFS?$FN?5?$DM?$DN?$DN?5DokanWrite?6?$AA@FNODOBFM@ 0000000000022ec0     write.obj
 0001:00011ee0       ??_C@_0CG@JACAKAF@?$FLDokanFS?$FN?5?$DN?$DN?$DO?5DokanCompleteWrite@FNODOBFM@ 0000000000022ee0     write.obj
 0001:00011f10       ??_C@_0CC@MEIKFDMJ@?$FLDokanFS?$FN?5?$DM?$DN?$DN?5DokanCompleteWrite@FNODOBFM@ 0000000000022f10     write.obj
 0001:00011f40       ??_C@_0CL@DCPBNDII@?$FLDokanFS?$FN?5?$DN?$DN?$DO?5DokanQueryVolumeIn@FNODOBFM@ 0000000000022f40     volume.obj
 0001:00011f70       ??_C@_0BL@FDDILAAA@?$FLDokanFS?$FN?5?5?5FileName?3?5?$CFwZ?6?$AA@FNODOBFM@ 0000000000022f70     volume.obj
 0001:00011f90       ??_C@_0CF@IOKOJJEG@?$FLDokanFS?$FN?5?5?5FileFsVolumeInformat@FNODOBFM@ 0000000000022f90     volume.obj
 0001:00011fc0       ??_C@_0CE@KGBCACGA@?$FLDokanFS?$FN?5?5?5FileFsLabelInformati@FNODOBFM@ 0000000000022fc0     volume.obj
 0001:00011ff0       ??_C@_0CD@DCGCDPAM@?$FLDokanFS?$FN?5?5?5FileFsSizeInformatio@FNODOBFM@ 0000000000022ff0     volume.obj
 0001:00012020       ??_C@_0CF@HCNGNCDF@?$FLDokanFS?$FN?5?5?5FileFsDeviceInformat@FNODOBFM@ 0000000000023020     volume.obj
 0001:00012050       ??_C@_0CI@OMBOFBK@?$FLDokanFS?$FN?5?5?5FileFsAttributeInfor@FNODOBFM@ 0000000000023050     volume.obj
 0001:00012080       ??_C@_0CG@NNKDIPDP@?$FLDokanFS?$FN?5?5?5FileFsControlInforma@FNODOBFM@ 0000000000023080     volume.obj
 0001:000120b0       ??_C@_0CH@PHDJOIIC@?$FLDokanFS?$FN?5?5?5FileFsFullSizeInform@FNODOBFM@ 00000000000230b0     volume.obj
 0001:000120e0       ??_C@_0CH@LPAGIBLM@?$FLDokanFS?$FN?5?5?5FileFsObjectIdInform@FNODOBFM@ 00000000000230e0     volume.obj
 0001:00012110       ??_C@_0CG@KDLJFCLH@?$FLDokanFS?$FN?5?5?5FileFsMaximumInforma@FNODOBFM@ 0000000000023110     volume.obj
 0001:00012140       ??_C@_0CL@BHCLHKAI@?$FLDokanFS?$FN?5?$DM?$DN?$DN?5DokanQueryVolumeIn@FNODOBFM@ 0000000000023140     volume.obj
 0001:00012170       ??_C@_0DD@BGGBINHN@?$FLDokanFS?$FN?5?$DN?$DN?$DO?5DokanCompleteQuery@FNODOBFM@ 0000000000023170     volume.obj
 0001:000121b0       ??_C@_0CK@EPKJIDNN@d?3?2code?2oss?2dokanx?2trunk?2src?2sys@FNODOBFM@ 00000000000231b0     volume.obj
 0001:000121e0       ??_C@_0DD@CNONABCH@?$FLDokanFS?$FN?5?$DM?$DN?$DN?5DokanCompleteQuery@FNODOBFM@ 00000000000231e0     volume.obj
 0001:00012220       ??_C@_0CJ@JGDFHJNK@?$FLDokanFS?$FN?5?$DN?$DN?$DO?5DokanSetVolumeInfo@FNODOBFM@ 0000000000023220     volume.obj
 0001:00012250       ??_C@_0CI@OCLKFJHL@?$FLDokanFS?$FN?5?$DM?$DN?$DN?5DokanSetVolumeInfo@FNODOBFM@ 0000000000023250     volume.obj
 0001:00012280       ??_C@_0BM@LBPPJKBA@?$FLDokanFS?$FN?5?$DN?$DN?$DO?5DokanCleanup?6?$AA@FNODOBFM@ 0000000000023280     cleanup.obj
 0001:000122a0       ??_C@_0CL@HHMNGJDP@d?3?2code?2oss?2dokanx?2trunk?2src?2sys@FNODOBFM@ 00000000000232a0     cleanup.obj
 0001:000122d0       ??_C@_0BM@HHGFJIAD@?$FLDokanFS?$FN?5?$DM?$DN?$DN?5DokanCleanup?6?$AA@FNODOBFM@ 00000000000232d0     cleanup.obj
 0001:000122f0       ??_C@_0CE@LBGNGPEF@?$FLDokanFS?$FN?5?$DN?$DN?$DO?5DokanCompleteClean@FNODOBFM@ 00000000000232f0     cleanup.obj
 0001:00012320       ??_C@_0CE@OGOGAPK@?$FLDokanFS?$FN?5?$DM?$DN?$DN?5DokanCompleteClean@FNODOBFM@ 0000000000023320     cleanup.obj
 0001:00012350       ??_C@_0BJ@FJLIEEIL@?$FLDokanFS?$FN?5?$DN?$DN?$DO?5DokanLock?6?$AA@FNODOBFM@ 0000000000023350     lock.obj
 0001:00012370       ??_C@_0BJ@MPKBFGNG@?$FLDokanFS?$FN?5?5?5IRP_MN_LOCK?6?$AA@FNODOBFM@ 0000000000023370     lock.obj
 0001:00012390       ??_C@_0BP@FKPACAFN@?$FLDokanFS?$FN?5?5?5IRP_MN_UNLOCK_ALL?6?$AA@FNODOBFM@ 0000000000023390     lock.obj
 0001:000123b0       ??_C@_0CG@KLKJNJNH@?$FLDokanFS?$FN?5?5?5IRP_MN_UNLOCK_ALL_BY@FNODOBFM@ 00000000000233b0     lock.obj
 0001:000123e0       ??_C@_0CC@JACMAPCB@?$FLDokanFS?$FN?5?5?5IRP_MN_UNLOCK_SINGLE@FNODOBFM@ 00000000000233e0     lock.obj
 0001:00012410       ??_C@_0CD@DGIKJIJB@?$FLDokanFS?$FN?5?5?5unknown?5function?5?3?5?$CF@FNODOBFM@ 0000000000023410     lock.obj
 0001:00012440       ??_C@_0CI@KEKGNOAO@d?3?2code?2oss?2dokanx?2trunk?2src?2sys@FNODOBFM@ 0000000000023440     lock.obj
 0001:00012470       ??_C@_0BN@HCKGNDJC@?$FLDokanFS?$FN?5?5?5?5get?5Context?5?$CFX?6?$AA@FNODOBFM@ 0000000000023470     lock.obj
 0001:00012490       ??_C@_0CH@BMAAHCIC@?$FLDokanFS?$FN?5?5?5LockControl?4Length?5?$DN@FNODOBFM@ 0000000000023490     lock.obj
 0001:000124c0       ??_C@_0BJ@FNIJPDKN@?$FLDokanFS?$FN?5?$DM?$DN?$DN?5DokanLock?6?$AA@FNODOBFM@ 00000000000234c0     lock.obj
 0001:000124e0       ??_C@_0CB@IAGCCCPK@?$FLDokanFS?$FN?5?$DN?$DN?$DO?5DokanCompleteLock?6@FNODOBFM@ 00000000000234e0     lock.obj
 0001:00012510       ??_C@_0CB@GAAPEKMN@?$FLDokanFS?$FN?5?$DM?$DN?$DN?5DokanCompleteLock?6@FNODOBFM@ 0000000000023510     lock.obj
 0001:00012540       ??_C@_0CL@BGKBOCAH@?$FLDokanFS?$FN?5?5?5Send?5Unmount?5to?5Serv@FNODOBFM@ 0000000000023540     timeout.obj
 0001:00012570       ??_C@_0CG@PAHFFNDP@?$FLDokanFS?$FN?5?5?5Timeout?0?5force?5to?5um@FNODOBFM@ 0000000000023570     timeout.obj
 0001:000125a0       ??_C@_0CI@IPPCGHHO@?$FLDokanFS?$FN?5?$DN?$DN?$DO?5ReleaseTimeoutPend@FNODOBFM@ 00000000000235a0     timeout.obj
 0001:000125d0       ??_C@_0CL@JLLMMNLF@d?3?2code?2oss?2dokanx?2trunk?2src?2sys@FNODOBFM@ 00000000000235d0     timeout.obj
 0001:00012600       ??_C@_0BP@LKKJDDEE@?$FLDokanFS?$FN?5?5?5IrpQueue?5is?5Empty?6?$AA@FNODOBFM@ 0000000000023600     timeout.obj
 0001:00012620       ??_C@_0BM@OJAPGOFJ@?$FLDokanFS?$FN?5?5timeout?5Irp?5?$CD?$CFX?6?$AA@FNODOBFM@ 0000000000023620     timeout.obj
 0001:00012640       ??_C@_0CI@LBEMIDFB@?$FLDokanFS?$FN?5?$DM?$DN?$DN?5ReleaseTimeoutPend@FNODOBFM@ 0000000000023640     timeout.obj
 0001:00012670       ??_C@_0CG@BIKMJKBK@?$FLDokanFS?$FN?5?$DN?$DN?$DO?5ResetPendingIrpTim@FNODOBFM@ 0000000000023670     timeout.obj
 0001:000126a0       ??_C@_0CG@OLEOIKPP@?$FLDokanFS?$FN?5?$DM?$DN?$DN?5ResetPendingIrpTim@FNODOBFM@ 00000000000236a0     timeout.obj
 0001:000126d0       ??_C@_0CC@MFDIJLIL@?$FLDokanFS?$FN?5?$DN?$DN?$DO?5DokanTimeoutThread@FNODOBFM@ 00000000000236d0     timeout.obj
 0001:00012700       ??_C@_0DC@OCGKLIEG@?$FLDokanFS?$FN?5?5?5DokanTimeoutThread?5c@FNODOBFM@ 0000000000023700     timeout.obj
 0001:00012740       ??_C@_0CC@HNGFFDOM@?$FLDokanFS?$FN?5?$DM?$DN?$DN?5DokanTimeoutThread@FNODOBFM@ 0000000000023740     timeout.obj
 0001:00012770       ??_C@_0CF@HJINGOEI@?$FLDokanFS?$FN?5?$DN?$DN?$DO?5DokanStartCheckThr@FNODOBFM@ 0000000000023770     timeout.obj
 0001:000127a0       ??_C@_0CF@CCOMMDFK@?$FLDokanFS?$FN?5?$DM?$DN?$DN?5DokanStartCheckThr@FNODOBFM@ 00000000000237a0     timeout.obj
 0001:000127d0       ??_C@_0CE@OCJBCFBL@?$FLDokanFS?$FN?5?$DN?$DN?$DO?5DokanStopCheckThre@FNODOBFM@ 00000000000237d0     timeout.obj
 0001:00012800       ??_C@_0CE@FNJCCKKE@?$FLDokanFS?$FN?5?$DM?$DN?$DN?5DokanStopCheckThre@FNODOBFM@ 0000000000023800     timeout.obj
 0001:00012830       ??_C@_0BK@JDGGCFJK@?$FLDokanFS?$FN?5?$DN?$DN?$DO?5DokanFlush?6?$AA@FNODOBFM@ 0000000000023830     flush.obj
 0001:00012850       ??_C@_0CJ@EKMGJBFP@d?3?2code?2oss?2dokanx?2trunk?2src?2sys@FNODOBFM@ 0000000000023850     flush.obj
 0001:00012880       ??_C@_0BK@EBGPJBNA@?$FLDokanFS?$FN?5?$DM?$DN?$DN?5DokanFlush?6?$AA@FNODOBFM@ 0000000000023880     flush.obj
 0001:000128a0       ??_C@_0CC@LELNLOFG@?$FLDokanFS?$FN?5?$DN?$DN?$DO?5DokanCompleteFlush@FNODOBFM@ 00000000000238a0     flush.obj
 0001:000128d0       ??_C@_0BN@EALAKBIL@?$FLDokanFS?$FN?5?5?5?5set?5Context?5?$CFX?6?$AA@FNODOBFM@ 00000000000238d0     flush.obj
 0001:000128f0       ??_C@_0CC@MOAHGDB@?$FLDokanFS?$FN?5?$DM?$DN?$DN?5DokanCompleteFlush@FNODOBFM@ 00000000000238f0     flush.obj
 0001:00012920       ??_C@_07CIFAGBMG@unknown?$AA@FNODOBFM@ 0000000000023920     device.obj
 0001:00012930       ??_C@_0CA@MLJBHEGK@?$FLDokanFS?$FN?5?5?5?5Unknown?5Code?50x?$CFx?6?$AA@FNODOBFM@ 0000000000023930     device.obj
 0001:00012950       ??_C@_0BD@IGDCCGAI@IOCTL_STORAGE_BASE?$AA@FNODOBFM@ 0000000000023950     device.obj
 0001:00012970       ??_C@_0BA@DDIEMKOK@IOCTL_DISK_BASE?$AA@FNODOBFM@ 0000000000023970     device.obj
 0001:00012980       ??_C@_0BC@JGOCJABF@IOCTL_VOLUME_BASE?$AA@FNODOBFM@ 0000000000023980     device.obj
 0001:000129a0       ??_C@_0BE@MLEGKLLA@MOUNTDEVCONTROLTYPE?$AA@FNODOBFM@ 00000000000239a0     device.obj
 0001:000129c0       ??_C@_0BE@JMODBCOE@MOUNTMGRCONTROLTYPE?$AA@FNODOBFM@ 00000000000239c0     device.obj
 0001:000129e0       ??_C@_0DH@CIEKOOON@?$FLDokanFS?$FN?5?5?5?5BaseCode?3?50x?$CFx?$CI?$CFs?$CJ?5@FNODOBFM@ 00000000000239e0     device.obj
 0001:00012a20       ??_C@_0CK@LPDILDNA@?$FLDokanFS?$FN?5?5?5?5?$DN?$DO?5DokanGlobalDevic@FNODOBFM@ 0000000000023a20     device.obj
 0001:00012a50       ??_C@_0BP@JMDIBBKL@?$FLDokanFS?$FN?5?5?5IOCTL_EVENT_START?6?$AA@FNODOBFM@ 0000000000023a50     device.obj
 0001:00012a70       ??_C@_0CG@BLHJFNMM@?$FLDokanFS?$FN?5?5?5IOCTL_SET_DEBUG_MODE@FNODOBFM@ 0000000000023a70     device.obj
 0001:00012aa0       ??_C@_0DC@FIGGJMKG@?$FLDokanFS?$FN?5?5?5?5?$DM?$DN?5DokanGlobalDevic@FNODOBFM@ 0000000000023aa0     device.obj
 0001:00012ae0       ??_C@_0CI@HMFOFINP@?$FLDokanFS?$FN?5?5?5?5?$DN?$DO?5DokanDiskDeviceC@FNODOBFM@ 0000000000023ae0     device.obj
 0001:00012b10       ??_C@_0CL@EDLIDOCK@?$FLDokanFS?$FN?5?5?5IOCTL_DISK_GET_DRIVE@FNODOBFM@ 0000000000023b10     device.obj
 0001:00012b40       ??_C@_0CK@FENFEKOD@d?3?2code?2oss?2dokanx?2trunk?2src?2sys@FNODOBFM@ 0000000000023b40     device.obj
 0001:00012b70       ??_C@_0BF@BFKBDNPA@diskGeometry?5?$CB?$DN?5NULL?$AA@FNODOBFM@ 0000000000023b70     device.obj
 0001:00012b90       ??_C@_0CI@EKEFHMPB@?$FLDokanFS?$FN?5?5?5IOCTL_DISK_GET_LENGT@FNODOBFM@ 0000000000023b90     device.obj
 0001:00012bc0       ??_C@_0BG@FAEJFEHN@getLengthInfo?5?$CB?$DN?5NULL?$AA@FNODOBFM@ 0000000000023bc0     device.obj
 0001:00012be0       ??_C@_0CL@GGACKGAM@?$FLDokanFS?$FN?5?5?5IOCTL_DISK_GET_PARTI@FNODOBFM@ 0000000000023be0     device.obj
 0001:00012c10       ??_C@_0CO@NLDAPMHH@?$FLDokanFS?$FN?5?5?5IOCTL_DISK_GET_PARTI@FNODOBFM@ 0000000000023c10     device.obj
 0001:00012c40       ??_C@_0CE@NNDKAKCO@?$FLDokanFS?$FN?5?5?5IOCTL_DISK_IS_WRITAB@FNODOBFM@ 0000000000023c40     device.obj
 0001:00012c70       ??_C@_0CG@DLCLIADI@?$FLDokanFS?$FN?5?5?5IOCTL_DISK_MEDIA_REM@FNODOBFM@ 0000000000023c70     device.obj
 0001:00012ca0       ??_C@_0CJ@EBNPGGJH@?$FLDokanFS?$FN?5?5?5IOCTL_STORAGE_MEDIA_@FNODOBFM@ 0000000000023ca0     device.obj
 0001:00012cd0       ??_C@_0CL@MICJOGHA@?$FLDokanFS?$FN?5?5?5IOCTL_DISK_SET_PARTI@FNODOBFM@ 0000000000023cd0     device.obj
 0001:00012d00       ??_C@_0BP@DHNGKICK@?$FLDokanFS?$FN?5?5?5IOCTL_DISK_VERIFY?6?$AA@FNODOBFM@ 0000000000023d00     device.obj
 0001:00012d20       ??_C@_0CM@PGFELGFE@?$FLDokanFS?$FN?5?5?5IOCTL_STORAGE_GET_HO@FNODOBFM@ 0000000000023d20     device.obj
 0001:00012d50       ??_C@_0CO@JIHAIOPA@?$FLDokanFS?$FN?5?5?5?5IOCTL_VOLUME_GET_GP@FNODOBFM@ 0000000000023d50     device.obj
 0001:00012d80       ??_C@_0CF@FKGPKOCC@?$FLDokanFS?$FN?5?5?5IOCTL_DISK_CHECK_VER@FNODOBFM@ 0000000000023d80     device.obj
 0001:00012db0       ??_C@_0CI@MENDKJKJ@?$FLDokanFS?$FN?5?5?5IOCTL_STORAGE_CHECK_@FNODOBFM@ 0000000000023db0     device.obj
 0001:00012de0       ??_C@_0CJ@HPFJJEEH@?$FLDokanFS?$FN?5?5?5IOCTL_STORAGE_CHECK_@FNODOBFM@ 0000000000023de0     device.obj
 0001:00012e10       ??_C@_0CP@MJDBJKGA@?$FLDokanFS?$FN?5?5?5?5IOCTL_MOUNTDEV_QUER@FNODOBFM@ 0000000000023e10     device.obj
 0001:00012e40       ??_C@_0BF@BIJJGEON@mountdevName?5?$CB?$DN?5NULL?$AA@FNODOBFM@ 0000000000023e40     device.obj
 0001:00012e60       ??_C@_0BM@LMDNLHLA@?$FLDokanFS?$FN?5?5?5DeviceName?5?$CFwZ?6?$AA@FNODOBFM@ 0000000000023e60     device.obj
 0001:00012e80       ??_C@_0CN@PFANMNG@?$FLDokanFS?$FN?5?5?5?5IOCTL_MOUNTDEV_QUER@FNODOBFM@ 0000000000023e80     device.obj
 0001:00012eb0       ??_C@_0BB@NJKPEMBL@uniqueId?5?$CB?$DN?5NULL?$AA@FNODOBFM@ 0000000000023eb0     device.obj
 0001:00012ed0       ??_C@_0BM@CABNHGBP@?$FLDokanFS?$FN?5?5?5UniqueName?5?$CFws?6?$AA@FNODOBFM@ 0000000000023ed0     device.obj
 0001:00012ef0       ??_C@_0DH@NNIBNMMC@?$FLDokanFS?$FN?5?5?5?5IOCTL_MOUNTDEV_QUER@FNODOBFM@ 0000000000023ef0     device.obj
 0001:00012f30       ??_C@_0CK@FFKADIDG@?$FLDokanFS?$FN?5?5?5?5IOCTL_MOUNTDEV_LINK@FNODOBFM@ 0000000000023f30     device.obj
 0001:00012f60       ??_C@_0BK@FNCEMBFM@?$FLDokanFS?$FN?5?5?5?5?5?5Name?3?5?$CFws?6?$AA@FNODOBFM@ 0000000000023f60     device.obj
 0001:00012f80       ??_C@_0CK@EJLGGKAI@?$FLDokanFS?$FN?5?5?5?5IOCTL_MOUNTDEV_LINK@FNODOBFM@ 0000000000023f80     device.obj
 0001:00012fb0       ??_C@_0CP@LKDODPF@?$FLDokanFS?$FN?5?5?5?5IOCTL_MOUNTDEV_QUER@FNODOBFM@ 0000000000023fb0     device.obj
 0001:00012fe0       ??_C@_0CC@JEHABJOL@?$FLDokanFS?$FN?5?5?5?5IOCTL_VOLUME_ONLINE@FNODOBFM@ 0000000000023fe0     device.obj
 0001:00013010       ??_C@_0CD@PEBMOHMH@?$FLDokanFS?$FN?5?5?5?5IOCTL_VOLUME_OFFLIN@FNODOBFM@ 0000000000024010     device.obj
 0001:00013040       ??_C@_0CF@OIPBPBHK@?$FLDokanFS?$FN?5?5?5?5IOCTL_VOLUME_READ_P@FNODOBFM@ 0000000000024040     device.obj
 0001:00013070       ??_C@_0CP@LCKDGOBC@?$FLDokanFS?$FN?5?5?5?5IOCTL_VOLUME_PHYSIC@FNODOBFM@ 0000000000024070     device.obj
 0001:000130a0       ??_C@_0CI@BLKAJBHA@?$FLDokanFS?$FN?5?5?5?5IOCTL_VOLUME_IS_CLU@FNODOBFM@ 00000000000240a0     device.obj
 0001:000130d0       ??_C@_0DD@KAHIOAGP@?$FLDokanFS?$FN?5?5?5?5IOCTL_VOLUME_GET_VO@FNODOBFM@ 00000000000240d0     device.obj
 0001:00013110       ??_C@_0CI@CBCCMHDB@?$FLDokanFS?$FN?5?5?5?5IOCTL_STORAGE_EJECT@FNODOBFM@ 0000000000024110     device.obj
 0001:00013140       ??_C@_0CE@DJJBEJBG@?$FLDokanFS?$FN?5?5?5IOCTL_REDIR_QUERY_PA@FNODOBFM@ 0000000000024140     device.obj
 0001:00013170       ??_C@_0CI@OAIFKOGG@?$FLDokanFS?$FN?5?5?5?5?$DM?$DN?5DokanDiskDeviceC@FNODOBFM@ 0000000000024170     device.obj
 0001:000131a0       ??_C@_0CG@PJODHJBN@?$FLDokanFS?$FN?5?$DN?$DN?$DO?5DokanDispatchIoCon@FNODOBFM@ 00000000000241a0     device.obj
 0001:000131d0       ??_C@_0CB@GNJGFAIG@?$FLDokanFS?$FN?5?5?5IOCTL_EVENT_RELEASE?6@FNODOBFM@ 00000000000241d0     device.obj
 0001:00013200       ??_C@_0BP@LGNBALPP@?$FLDokanFS?$FN?5?5?5IOCTL_EVENT_WRITE?6?$AA@FNODOBFM@ 0000000000024200     device.obj
 0001:00013220       ??_C@_0CG@KABGJPI@?$FLDokanFS?$FN?5?$DM?$DN?$DN?5DokanDispatchIoCon@FNODOBFM@ 0000000000024220     device.obj
 0001:00013250       ??_C@_0CM@NBEGMDDD@?$FLDokanFS?$FN?5?5?5?5?5FSCTL_REQUEST_OPLO@FNODOBFM@ 0000000000024250     fscontrol.obj
 0001:00013280       ??_C@_0CM@NDAAHNGK@?$FLDokanFS?$FN?5?5?5?5?5FSCTL_REQUEST_OPLO@FNODOBFM@ 0000000000024280     fscontrol.obj
 0001:000132b0       ??_C@_0CK@DBJOLDID@?$FLDokanFS?$FN?5?5?5?5?5FSCTL_REQUEST_BATC@FNODOBFM@ 00000000000242b0     fscontrol.obj
 0001:000132e0       ??_C@_0CO@DKGDKMGM@?$FLDokanFS?$FN?5?5?5?5?5FSCTL_OPLOCK_BREAK@FNODOBFM@ 00000000000242e0     fscontrol.obj
 0001:00013310       ??_C@_0CP@NEGJPNFM@?$FLDokanFS?$FN?5?5?5?5?5FSCTL_OPBATCH_ACK_@FNODOBFM@ 0000000000024310     fscontrol.obj
 0001:00013340       ??_C@_0CJ@MIAPNNFM@?$FLDokanFS?$FN?5?5?5?5?5FSCTL_OPLOCK_BREAK@FNODOBFM@ 0000000000024340     fscontrol.obj
 0001:00013370       ??_C@_0CB@PJFHHIJL@?$FLDokanFS?$FN?5?5?5?5?5FSCTL_LOCK_VOLUME?6@FNODOBFM@ 0000000000024370     fscontrol.obj
 0001:000133a0       ??_C@_0CD@JCGKKHNA@?$FLDokanFS?$FN?5?5?5?5?5FSCTL_UNLOCK_VOLUM@FNODOBFM@ 00000000000243a0     fscontrol.obj
 0001:000133d0       ??_C@_0CF@OCMKDADF@?$FLDokanFS?$FN?5?5?5?5?5FSCTL_DISMOUNT_VOL@FNODOBFM@ 00000000000243d0     fscontrol.obj
 0001:00013400       ??_C@_0CH@CJLALILD@?$FLDokanFS?$FN?5?5?5?5?5FSCTL_IS_VOLUME_MO@FNODOBFM@ 0000000000024400     fscontrol.obj
 0001:00013430       ??_C@_0CH@MIBFIFPL@?$FLDokanFS?$FN?5?5?5?5?5FSCTL_IS_PATHNAME_@FNODOBFM@ 0000000000024430     fscontrol.obj
 0001:00013460       ??_C@_0CH@BGBPPMKC@?$FLDokanFS?$FN?5?5?5?5?5FSCTL_MARK_VOLUME_@FNODOBFM@ 0000000000024460     fscontrol.obj
 0001:00013490       ??_C@_0CO@NONHDOFD@?$FLDokanFS?$FN?5?5?5?5?5FSCTL_QUERY_RETRIE@FNODOBFM@ 0000000000024490     fscontrol.obj
 0001:000134c0       ??_C@_0CF@LEPKPPDN@?$FLDokanFS?$FN?5?5?5?5?5FSCTL_GET_COMPRESS@FNODOBFM@ 00000000000244c0     fscontrol.obj
 0001:000134f0       ??_C@_0CF@NAKDEBIP@?$FLDokanFS?$FN?5?5?5?5?5FSCTL_SET_COMPRESS@FNODOBFM@ 00000000000244f0     fscontrol.obj
 0001:00013520       ??_C@_0CJ@NCIPFKDF@?$FLDokanFS?$FN?5?5?5?5?5FSCTL_MARK_AS_SYST@FNODOBFM@ 0000000000024520     fscontrol.obj
 0001:00013550       ??_C@_0CL@HKOGJAHP@?$FLDokanFS?$FN?5?5?5?5?5FSCTL_OPLOCK_BREAK@FNODOBFM@ 0000000000024550     fscontrol.obj
 0001:00013580       ??_C@_0CI@JKIKMMKF@?$FLDokanFS?$FN?5?5?5?5?5FSCTL_INVALIDATE_V@FNODOBFM@ 0000000000024580     fscontrol.obj
 0001:000135b0       ??_C@_0CD@KFNIDIFJ@?$FLDokanFS?$FN?5?5?5?5?5FSCTL_QUERY_FAT_BP@FNODOBFM@ 00000000000245b0     fscontrol.obj
 0001:000135e0       ??_C@_0CL@MBAJKPHO@?$FLDokanFS?$FN?5?5?5?5?5FSCTL_REQUEST_FILT@FNODOBFM@ 00000000000245e0     fscontrol.obj
 0001:00013610       ??_C@_0CP@FDAICMGJ@?$FLDokanFS?$FN?5?5?5?5?5FSCTL_FILESYSTEM_G@FNODOBFM@ 0000000000024610     fscontrol.obj
 0001:00013640       ??_C@_0CK@CONCPDKG@?$FLDokanFS?$FN?5?5?5?5?5FSCTL_GET_NTFS_VOL@FNODOBFM@ 0000000000024640     fscontrol.obj
 0001:00013670       ??_C@_0CK@OEDFPDNP@?$FLDokanFS?$FN?5?5?5?5?5FSCTL_GET_NTFS_FIL@FNODOBFM@ 0000000000024670     fscontrol.obj
 0001:000136a0       ??_C@_0CH@OKOGPPLK@?$FLDokanFS?$FN?5?5?5?5?5FSCTL_GET_VOLUME_B@FNODOBFM@ 00000000000246a0     fscontrol.obj
 0001:000136d0       ??_C@_0CM@OAAEHICN@?$FLDokanFS?$FN?5?5?5?5?5FSCTL_GET_RETRIEVA@FNODOBFM@ 00000000000246d0     fscontrol.obj
 0001:00013700       ??_C@_0BP@LCPIECFC@?$FLDokanFS?$FN?5?5?5?5?5FSCTL_MOVE_FILE?6?$AA@FNODOBFM@ 0000000000024700     fscontrol.obj
 0001:00013720       ??_C@_0CF@LHCEAPKM@?$FLDokanFS?$FN?5?5?5?5?5FSCTL_IS_VOLUME_DI@FNODOBFM@ 0000000000024720     fscontrol.obj
 0001:00013750       ??_C@_0CM@IMGEIIKK@?$FLDokanFS?$FN?5?5?5?5?5FSCTL_ALLOW_EXTEND@FNODOBFM@ 0000000000024750     fscontrol.obj
 0001:00013780       ??_C@_0CH@HAOHKPPJ@?$FLDokanFS?$FN?5?5?5?5?5FSCTL_FIND_FILES_B@FNODOBFM@ 0000000000024780     fscontrol.obj
 0001:000137b0       ??_C@_0CD@BDONFHDM@?$FLDokanFS?$FN?5?5?5?5?5FSCTL_SET_OBJECT_I@FNODOBFM@ 00000000000247b0     fscontrol.obj
 0001:000137e0       ??_C@_0CD@NNPDKNBA@?$FLDokanFS?$FN?5?5?5?5?5FSCTL_GET_OBJECT_I@FNODOBFM@ 00000000000247e0     fscontrol.obj
 0001:00013810       ??_C@_0CG@HIHIHIF@?$FLDokanFS?$FN?5?5?5?5?5FSCTL_DELETE_OBJEC@FNODOBFM@ 0000000000024810     fscontrol.obj
 0001:00013840       ??_C@_0CH@JBHHKHLA@?$FLDokanFS?$FN?5?5?5?5?5FSCTL_SET_REPARSE_@FNODOBFM@ 0000000000024840     fscontrol.obj
 0001:00013870       ??_C@_0CH@GLFNJBFI@?$FLDokanFS?$FN?5?5?5?5?5FSCTL_GET_REPARSE_@FNODOBFM@ 0000000000024870     fscontrol.obj
 0001:000138a0       ??_C@_0CK@PJEMMEMA@?$FLDokanFS?$FN?5?5?5?5?5FSCTL_DELETE_REPAR@FNODOBFM@ 00000000000248a0     fscontrol.obj
 0001:000138d0       ??_C@_0CD@OJLFKLMH@?$FLDokanFS?$FN?5?5?5?5?5FSCTL_ENUM_USN_DAT@FNODOBFM@ 00000000000248d0     fscontrol.obj
 0001:00013900       ??_C@_0CH@DFOPLHAM@?$FLDokanFS?$FN?5?5?5?5?5FSCTL_SECURITY_ID_@FNODOBFM@ 0000000000024900     fscontrol.obj
 0001:00013930       ??_C@_0CG@KPLCGKMD@?$FLDokanFS?$FN?5?5?5?5?5FSCTL_READ_USN_JOU@FNODOBFM@ 0000000000024930     fscontrol.obj
 0001:00013960       ??_C@_0CM@LGOLHHPJ@?$FLDokanFS?$FN?5?5?5?5?5FSCTL_SET_OBJECT_I@FNODOBFM@ 0000000000024960     fscontrol.obj
 0001:00013990       ??_C@_0CN@LCDCGJHI@?$FLDokanFS?$FN?5?5?5?5?5FSCTL_CREATE_OR_GE@FNODOBFM@ 0000000000024990     fscontrol.obj
 0001:000139c0       ??_C@_0CA@CLDDILCP@?$FLDokanFS?$FN?5?5?5?5?5FSCTL_SET_SPARSE?6?$AA@FNODOBFM@ 00000000000249c0     fscontrol.obj
 0001:000139e0       ??_C@_0CD@HAIIEIAG@?$FLDokanFS?$FN?5?5?5?5?5FSCTL_SET_ZERO_DAT@FNODOBFM@ 00000000000249e0     fscontrol.obj
 0001:00013a10       ??_C@_0CM@BHCECEM@?$FLDokanFS?$FN?5?5?5?5?5FSCTL_QUERY_ALLOCA@FNODOBFM@ 0000000000024a10     fscontrol.obj
 0001:00013a40       ??_C@_0CE@NCGLFMKA@?$FLDokanFS?$FN?5?5?5?5?5FSCTL_SET_ENCRYPTI@FNODOBFM@ 0000000000024a40     fscontrol.obj
 0001:00013a70       ??_C@_0CJ@LFBPPLFK@?$FLDokanFS?$FN?5?5?5?5?5FSCTL_ENCRYPTION_F@FNODOBFM@ 0000000000024a70     fscontrol.obj
 0001:00013aa0       ??_C@_0CJ@FJNADMBF@?$FLDokanFS?$FN?5?5?5?5?5FSCTL_WRITE_RAW_EN@FNODOBFM@ 0000000000024aa0     fscontrol.obj
 0001:00013ad0       ??_C@_0CI@LFHHHGFD@?$FLDokanFS?$FN?5?5?5?5?5FSCTL_READ_RAW_ENC@FNODOBFM@ 0000000000024ad0     fscontrol.obj
 0001:00013b00       ??_C@_0CI@FKHCDKLF@?$FLDokanFS?$FN?5?5?5?5?5FSCTL_CREATE_USN_J@FNODOBFM@ 0000000000024b00     fscontrol.obj
 0001:00013b30       ??_C@_0CI@FEOLJBLM@?$FLDokanFS?$FN?5?5?5?5?5FSCTL_READ_FILE_US@FNODOBFM@ 0000000000024b30     fscontrol.obj
 0001:00013b60       ??_C@_0CM@OPOCNPMF@?$FLDokanFS?$FN?5?5?5?5?5FSCTL_WRITE_USN_CL@FNODOBFM@ 0000000000024b60     fscontrol.obj
 0001:00013b90       ??_C@_0CD@HGNEMEBJ@?$FLDokanFS?$FN?5?5?5?5?5FSCTL_EXTEND_VOLUM@FNODOBFM@ 0000000000024b90     fscontrol.obj
 0001:00013bc0       ??_C@_0CH@MNHECFFD@?$FLDokanFS?$FN?5?5?5?5?5FSCTL_QUERY_USN_JO@FNODOBFM@ 0000000000024bc0     fscontrol.obj
 0001:00013bf0       ??_C@_0CI@GJEBBDEF@?$FLDokanFS?$FN?5?5?5?5?5FSCTL_DELETE_USN_J@FNODOBFM@ 0000000000024bf0     fscontrol.obj
 0001:00013c20       ??_C@_0CB@DDHCEJBD@?$FLDokanFS?$FN?5?5?5?5?5FSCTL_MARK_HANDLE?6@FNODOBFM@ 0000000000024c20     fscontrol.obj
 0001:00013c50       ??_C@_0CC@MELPKOOM@?$FLDokanFS?$FN?5?5?5?5?5FSCTL_SIS_COPYFILE@FNODOBFM@ 0000000000024c50     fscontrol.obj
 0001:00013c80       ??_C@_0CE@HNNGOBAN@?$FLDokanFS?$FN?5?5?5?5?5FSCTL_SIS_LINK_FIL@FNODOBFM@ 0000000000024c80     fscontrol.obj
 0001:00013cb0       ??_C@_0CB@OJHMFLEA@?$FLDokanFS?$FN?5?5?5?5?5FSCTL_RECALL_FILE?6@FNODOBFM@ 0000000000024cb0     fscontrol.obj
 0001:00013ce0       ??_C@_0CA@PNGPDGCB@?$FLDokanFS?$FN?5?5?5?5?5Unknown?5FSCTL?5?$CFd?6?$AA@FNODOBFM@ 0000000000024ce0     fscontrol.obj
 0001:00013d00       ??_C@_0CG@CGEHJNFN@?$FLDokanFS?$FN?5?$DN?$DN?$DO?5DokanFileSystemCon@FNODOBFM@ 0000000000024d00     fscontrol.obj
 0001:00013d30       ??_C@_0CA@FNDKILCM@?$FLDokanFS?$FN?5?7?5IRP_MN_KERNEL_CALL?6?$AA@FNODOBFM@ 0000000000024d30     fscontrol.obj
 0001:00013d50       ??_C@_0CF@NPILONAL@?$FLDokanFS?$FN?5?7?5IRP_MN_LOAD_FILE_SYS@FNODOBFM@ 0000000000024d50     fscontrol.obj
 0001:00013d80       ??_C@_0CB@OJLFNEHF@?$FLDokanFS?$FN?5?7?5IRP_MN_MOUNT_VOLUME?6@FNODOBFM@ 0000000000024d80     fscontrol.obj
 0001:00013db0       ??_C@_0CC@IBACDFHO@?$FLDokanFS?$FN?5?5?5?5Not?5DokanDiskDevice@FNODOBFM@ 0000000000024db0     fscontrol.obj
 0001:00013de0       ??_C@_0CE@LNNFPMEO@?$FLDokanFS?$FN?5?7?5IRP_MN_USER_FS_REQUE@FNODOBFM@ 0000000000024de0     fscontrol.obj
 0001:00013e10       ??_C@_0CC@FECDDCJJ@?$FLDokanFS?$FN?5?7?5IRP_MN_VERIFY_VOLUME@FNODOBFM@ 0000000000024e10     fscontrol.obj
 0001:00013e40       ??_C@_0BI@PEKLFLIA@?$FLDokanFS?$FN?5?5?5unknown?5?$CFd?6?$AA@FNODOBFM@ 0000000000024e40     fscontrol.obj
 0001:00013e60       ??_C@_0CG@NFKFINLI@?$FLDokanFS?$FN?5?$DM?$DN?$DN?5DokanFileSystemCon@FNODOBFM@ 0000000000024e60     fscontrol.obj
 0001:00013e90       ??_C@_0DA@KABPMCKM@d?3?2code?2oss?2dokanx?2trunk?2src?2sys@FNODOBFM@ 0000000000024e90     notification.obj
 0001:00013ec0       ??_C@_0DH@NPDNIIKK@?$FLDokanFS?$FN?5EventNotice?5?3?5STATUS_I@FNODOBFM@ 0000000000024ec0     notification.obj
 0001:00013f00       ??_C@_0CJ@FMIAEEFC@?$FLDokanFS?$FN?5?5?5bufferLen?3?5?$CFd?0?5event@FNODOBFM@ 0000000000024f00     notification.obj
 0001:00013f30       ??_C@_0CC@NBLMBBLH@?$FLDokanFS?$FN?5?$DN?$DN?$DO?5NotificationThread@FNODOBFM@ 0000000000024f30     notification.obj
 0001:00013f60       ??_C@_0CH@IKEDFOIJ@?$FLDokanFS?$FN?5?5?5Can?8t?5allocate?5WAIT_@FNODOBFM@ 0000000000024f60     notification.obj
 0001:00013f90       ??_C@_0CC@GJOBNJNA@?$FLDokanFS?$FN?5?$DM?$DN?$DN?5NotificationThread@FNODOBFM@ 0000000000024f90     notification.obj
 0001:00013fc0       ??_C@_0DB@JOCDLAJD@?$FLDokanFS?$FN?5?$DN?$DN?$DO?5DokanStartEventNot@FNODOBFM@ 0000000000024fc0     notification.obj
 0001:00014000       ??_C@_0DB@IKMLIEFK@?$FLDokanFS?$FN?5?$DM?$DN?$DN?5DokanStartEventNot@FNODOBFM@ 0000000000025000     notification.obj
 0001:00014040       ??_C@_0DA@FFPNBLEB@?$FLDokanFS?$FN?5?$DN?$DN?$DO?5DokanStopEventNoti@FNODOBFM@ 0000000000025040     notification.obj
 0001:00014070       ??_C@_0DA@LMJFJNFN@?$FLDokanFS?$FN?5?$DM?$DN?$DN?5DokanStopEventNoti@FNODOBFM@ 0000000000025070     notification.obj
 0001:000140a0       ??_C@_0DM@JFDAOHDF@?$FLDokanFS?$FN?5?5?5NotifyCleanup?5ccb?3?$CFX@FNODOBFM@ 00000000000250a0     notification.obj
 0001:000140e0       ??_C@_0CC@BIAIKJJH@?$FLDokanFS?$FN?5?$DN?$DN?$DO?5DokanQuerySecurity@FNODOBFM@ 00000000000250e0     security.obj
 0001:00014110       ??_C@_0BM@BNAPFDKJ@?5?5?5?5DeviceExtension?5?$CB?$DN?5VCB?6?$AA@FNODOBFM@ 0000000000025110     security.obj
 0001:00014130       ??_C@_0BL@CKDCGMPJ@?$FLDokanFS?$FN?5?5?5?5?5ccb?5?$DN?$DN?5NULL?6?$AA@FNODOBFM@ 0000000000025130     security.obj
 0001:00014150       ??_C@_0CK@HBHMFJBP@?$FLDokanFS?$FN?5?5?5?5?5OWNER_SECURITY_INF@FNODOBFM@ 0000000000025150     security.obj
 0001:00014180       ??_C@_0CK@BFCPIMAF@?$FLDokanFS?$FN?5?5?5?5?5GROUP_SECURITY_INF@FNODOBFM@ 0000000000025180     security.obj
 0001:000141b0       ??_C@_0CJ@OLANBONL@?$FLDokanFS?$FN?5?5?5?5?5DACL_SECURITY_INFO@FNODOBFM@ 00000000000251b0     security.obj
 0001:000141e0       ??_C@_0CJ@GHKMPDAI@?$FLDokanFS?$FN?5?5?5?5?5SACL_SECURITY_INFO@FNODOBFM@ 00000000000251e0     security.obj
 0001:00014210       ??_C@_0CK@PDGJACBL@?$FLDokanFS?$FN?5?5?5?5?5LABEL_SECURITY_INF@FNODOBFM@ 0000000000025210     security.obj
 0001:00014240       ??_C@_0CC@KAFFGBPA@?$FLDokanFS?$FN?5?$DM?$DN?$DN?5DokanQuerySecurity@FNODOBFM@ 0000000000025240     security.obj
 0001:00014270       ??_C@_0CK@NDNGMGNB@?$FLDokanFS?$FN?5?$DN?$DN?$DO?5DokanCompleteQuery@FNODOBFM@ 0000000000025270     security.obj
 0001:000142a0       ??_C@_0CM@COLLMKHI@d?3?2code?2oss?2dokanx?2trunk?2src?2sys@FNODOBFM@ 00000000000252a0     security.obj
 0001:000142d0       ??_C@_0BJ@EMKAPADJ@?$FLDokanFS?$FN?5?5?5ccb?5?$DN?$DN?5NULL?6?$AA@FNODOBFM@ 00000000000252d0     security.obj
 0001:000142f0       ??_C@_0CK@GGKNOGGD@?$FLDokanFS?$FN?5?$DM?$DN?$DN?5DokanCompleteQuery@FNODOBFM@ 00000000000252f0     security.obj
 0001:00014320       ??_C@_0CA@PJHHFOEM@?$FLDokanFS?$FN?5?$DN?$DN?$DO?5DokanSetSecurity?6?$AA@FNODOBFM@ 0000000000025320     security.obj
 0001:00014340       ??_C@_0DM@DGEEJBJN@?$FLDokanFS?$FN?5?5?5?5?5SecurityDescriptor@FNODOBFM@ 0000000000025340     security.obj
 0001:00014380       ??_C@_0CA@EBPGHHEG@?$FLDokanFS?$FN?5?$DM?$DN?$DN?5DokanSetSecurity?6?$AA@FNODOBFM@ 0000000000025380     security.obj
 0001:000143a0       ??_C@_0CI@PFNMPIHP@?$FLDokanFS?$FN?5?$DN?$DN?$DO?5DokanCompleteSetSe@FNODOBFM@ 00000000000253a0     security.obj
 0001:000143d0       ??_C@_0CI@MLGCBMFA@?$FLDokanFS?$FN?5?$DM?$DN?$DN?5DokanCompleteSetSe@FNODOBFM@ 00000000000253d0     security.obj
 0001:00014400       ??_C@_0CD@ENDJBDEO@?$FLDokanFS?$FN?5?$DN?$DN?$DO?5DokanGetAccessToke@FNODOBFM@ 0000000000025400     access.obj
 0001:00014430       ??_C@_0CK@IPJLOKPI@d?3?2code?2oss?2dokanx?2trunk?2src?2sys@FNODOBFM@ 0000000000025430     access.obj
 0001:00014460       ??_C@_0CP@IJFECDEI@?$FLDokanFS?$FN?5?5?5needs?5to?5be?5called?5f@FNODOBFM@ 0000000000025460     access.obj
 0001:00014490       ??_C@_0CG@GLANEOBH@?$FLDokanFS?$FN?5?5?5GetIdentifierType?5?$CB?$DN@FNODOBFM@ 0000000000025490     access.obj
 0001:000144c0       ??_C@_0DB@IJJGPGNJ@?$FLDokanFS?$FN?5?5?5wrong?5input?5or?5outpu@FNODOBFM@ 00000000000254c0     access.obj
 0001:00014500       ??_C@_0CI@ELEEJNGC@?$FLDokanFS?$FN?5?5?5can?8t?5find?5pending?5I@FNODOBFM@ 0000000000025500     access.obj
 0001:00014530       ??_C@_0CB@LOOIFAJJ@?$FLDokanFS?$FN?5?5?5accessToken?5?$DN?$DN?5NULL?6@FNODOBFM@ 0000000000025530     access.obj
 0001:00014560       ??_C@_0DA@CHKPEDDA@?$FLDokanFS?$FN?5?5?5ObOpenObjectByPointe@FNODOBFM@ 0000000000025560     access.obj
 0001:00014590       ??_C@_0CD@JOFHLKHN@?$FLDokanFS?$FN?5?$DM?$DN?$DN?5DokanGetAccessToke@FNODOBFM@ 0000000000025590     access.obj
 0002:00000000       __imp_ExAcquireResourceExclusiveLite 0000000000026000     ntoskrnl:ntoskrnl.exe
 0002:00000008       __imp_ExAllocatePoolWithTag 0000000000026008     ntoskrnl:ntoskrnl.exe
 0002:00000010       __imp_IoDeleteSymbolicLink 0000000000026010     ntoskrnl:ntoskrnl.exe
 0002:00000018       __imp_FsRtlMdlReadDev      0000000000026018     ntoskrnl:ntoskrnl.exe
 0002:00000020       __imp_FsRtlRegisterFileSystemFilterCallbacks 0000000000026020     ntoskrnl:ntoskrnl.exe
 0002:00000028       __imp_ExInitializeNPagedLookasideList 0000000000026028     ntoskrnl:ntoskrnl.exe
 0002:00000030       __imp_FsRtlCopyRead        0000000000026030     ntoskrnl:ntoskrnl.exe
 0002:00000038       __imp_RtlInitUnicodeString 0000000000026038     ntoskrnl:ntoskrnl.exe
 0002:00000040       __imp_IoDeleteDevice       0000000000026040     ntoskrnl:ntoskrnl.exe
 0002:00000048       __imp_FsRtlMdlReadCompleteDev 0000000000026048     ntoskrnl:ntoskrnl.exe
 0002:00000050       __imp_FsRtlMdlWriteCompleteDev 0000000000026050     ntoskrnl:ntoskrnl.exe
 0002:00000058       __imp_IoFreeMdl            0000000000026058     ntoskrnl:ntoskrnl.exe
 0002:00000060       __imp_FsRtlCopyWrite       0000000000026060     ntoskrnl:ntoskrnl.exe
 0002:00000068       __imp_ExReleaseResourceLite 0000000000026068     ntoskrnl:ntoskrnl.exe
 0002:00000070       __imp_IofCompleteRequest   0000000000026070     ntoskrnl:ntoskrnl.exe
 0002:00000078       __imp_IoSetTopLevelIrp     0000000000026078     ntoskrnl:ntoskrnl.exe
 0002:00000080       __imp_MmProbeAndLockPages  0000000000026080     ntoskrnl:ntoskrnl.exe
 0002:00000088       __imp_MmUnlockPages        0000000000026088     ntoskrnl:ntoskrnl.exe
 0002:00000090       __imp_IoGetTopLevelIrp     0000000000026090     ntoskrnl:ntoskrnl.exe
 0002:00000098       __imp_FsRtlPrepareMdlWriteDev 0000000000026098     ntoskrnl:ntoskrnl.exe
 0002:000000a0       __imp_RtlAssert            00000000000260a0     ntoskrnl:ntoskrnl.exe
 0002:000000a8       __imp_FsRtlNotifyFullReportChange 00000000000260a8     ntoskrnl:ntoskrnl.exe
 0002:000000b0       __imp_DbgPrintEx           00000000000260b0     ntoskrnl:ntoskrnl.exe
 0002:000000b8       __imp_DbgPrint             00000000000260b8     ntoskrnl:ntoskrnl.exe
 0002:000000c0       __imp_ExDeleteNPagedLookasideList 00000000000260c0     ntoskrnl:ntoskrnl.exe
 0002:000000c8       __imp_IoAllocateMdl        00000000000260c8     ntoskrnl:ntoskrnl.exe
 0002:000000d0       __imp_ExFreePoolWithTag    00000000000260d0     ntoskrnl:ntoskrnl.exe
 0002:000000d8       __imp_FsRtlDeregisterUncProvider 00000000000260d8     ntoskrnl:ntoskrnl.exe
 0002:000000e0       __imp_FsRtlRegisterUncProvider 00000000000260e0     ntoskrnl:ntoskrnl.exe
 0002:000000e8       __imp_KeInitializeEvent    00000000000260e8     ntoskrnl:ntoskrnl.exe
 0002:000000f0       __imp_RtlFreeUnicodeString 00000000000260f0     ntoskrnl:ntoskrnl.exe
 0002:000000f8       __imp_PsCreateSystemThread 00000000000260f8     ntoskrnl:ntoskrnl.exe
 0002:00000100       __imp_PsTerminateSystemThread 0000000000026100     ntoskrnl:ntoskrnl.exe
 0002:00000108       __imp_ZwClose              0000000000026108     ntoskrnl:ntoskrnl.exe
 0002:00000110       __imp_ObReferenceObjectByHandle 0000000000026110     ntoskrnl:ntoskrnl.exe
 0002:00000118       __imp_KeWaitForSingleObject 0000000000026118     ntoskrnl:ntoskrnl.exe
 0002:00000120       __imp_ObfReferenceObject   0000000000026120     ntoskrnl:ntoskrnl.exe
 0002:00000128       __imp_IoCreateSymbolicLink 0000000000026128     ntoskrnl:ntoskrnl.exe
 0002:00000130       __imp_ObfDereferenceObject 0000000000026130     ntoskrnl:ntoskrnl.exe
 0002:00000138       __imp_IoCreateDevice       0000000000026138     ntoskrnl:ntoskrnl.exe
 0002:00000140       __imp_ExInitializeResourceLite 0000000000026140     ntoskrnl:ntoskrnl.exe
 0002:00000148       __imp_FsRtlNotifyInitializeSync 0000000000026148     ntoskrnl:ntoskrnl.exe
 0002:00000150       __imp_KeLeaveCriticalRegion 0000000000026150     ntoskrnl:ntoskrnl.exe
 0002:00000158       __imp_KeEnterCriticalRegion 0000000000026158     ntoskrnl:ntoskrnl.exe
 0002:00000160       __imp_FsRtlTeardownPerStreamContexts 0000000000026160     ntoskrnl:ntoskrnl.exe
 0002:00000168       __imp_IoGetRequestorProcessId 0000000000026168     ntoskrnl:ntoskrnl.exe
 0002:00000170       __imp_ExDeleteResourceLite 0000000000026170     ntoskrnl:ntoskrnl.exe
 0002:00000178       __imp_RtlStringFromGUID    0000000000026178     ntoskrnl:ntoskrnl.exe
 0002:00000180       __imp_KeClearEvent         0000000000026180     ntoskrnl:ntoskrnl.exe
 0002:00000188       __imp_KeSetEvent           0000000000026188     ntoskrnl:ntoskrnl.exe
 0002:00000190       __imp_ExpInterlockedPushEntrySList 0000000000026190     ntoskrnl:ntoskrnl.exe
 0002:00000198       __imp_KeReleaseSpinLock    0000000000026198     ntoskrnl:ntoskrnl.exe
 0002:000001a0       __imp_ExpInterlockedPopEntrySList 00000000000261a0     ntoskrnl:ntoskrnl.exe
 0002:000001a8       __imp_MmMapLockedPagesSpecifyCache 00000000000261a8     ntoskrnl:ntoskrnl.exe
 0002:000001b0       __imp_ExQueryDepthSList    00000000000261b0     ntoskrnl:ntoskrnl.exe
 0002:000001b8       __imp_IoReleaseCancelSpinLock 00000000000261b8     ntoskrnl:ntoskrnl.exe
 0002:000001c0       __imp_KeAcquireSpinLockRaiseToDpc 00000000000261c0     ntoskrnl:ntoskrnl.exe
 0002:000001c8       __imp_FsRtlNotifyFullChangeDirectory 00000000000261c8     ntoskrnl:ntoskrnl.exe
 0002:000001d0       __imp_MmFlushImageSection  00000000000261d0     ntoskrnl:ntoskrnl.exe
 0002:000001d8       __imp_FsRtlNotifyCleanup   00000000000261d8     ntoskrnl:ntoskrnl.exe
 0002:000001e0       __imp_CcUninitializeCacheMap 00000000000261e0     ntoskrnl:ntoskrnl.exe
 0002:000001e8       __imp_CcPurgeCacheSection  00000000000261e8     ntoskrnl:ntoskrnl.exe
 0002:000001f0       __imp_CcFlushCache         00000000000261f0     ntoskrnl:ntoskrnl.exe
 0002:000001f8       __imp_KeSetTimerEx         00000000000261f8     ntoskrnl:ntoskrnl.exe
 0002:00000200       __imp_ExAcquireResourceSharedLite 0000000000026200     ntoskrnl:ntoskrnl.exe
 0002:00000208       __imp_KeQueryTimeIncrement 0000000000026208     ntoskrnl:ntoskrnl.exe
 0002:00000210       __imp_KeInitializeTimerEx  0000000000026210     ntoskrnl:ntoskrnl.exe
 0002:00000218       __imp_KeCancelTimer        0000000000026218     ntoskrnl:ntoskrnl.exe
 0002:00000220       __imp_KeWaitForMultipleObjects 0000000000026220     ntoskrnl:ntoskrnl.exe
 0002:00000228       __imp_KeResetEvent         0000000000026228     ntoskrnl:ntoskrnl.exe
 0002:00000230       __imp_ExInterlockedInsertTailList 0000000000026230     ntoskrnl:ntoskrnl.exe
 0002:00000238       __imp_RtlLengthSecurityDescriptor 0000000000026238     ntoskrnl:ntoskrnl.exe
 0002:00000240       SeTokenObjectType          0000000000026240     ntoskrnl:ntoskrnl.exe
 0002:00000240       __imp_SeTokenObjectType    0000000000026240     ntoskrnl:ntoskrnl.exe
 0002:00000248       __imp_ObOpenObjectByPointer 0000000000026248     ntoskrnl:ntoskrnl.exe
 0002:00000250       __imp_KeBugCheckEx         0000000000026250     ntoskrnl:ntoskrnl.exe
 0002:00000258       __imp_MmGetSystemRoutineAddress 0000000000026258     wdmsec:ntoskrnl.exe
 0002:00000260       __imp_ZwSetSecurityObject  0000000000026260     wdmsec:ntoskrnl.exe
 0002:00000268       IoDeviceObjectType         0000000000026268     wdmsec:ntoskrnl.exe
 0002:00000268       __imp_IoDeviceObjectType   0000000000026268     wdmsec:ntoskrnl.exe
 0002:00000270       __imp__snwprintf           0000000000026270     wdmsec:ntoskrnl.exe
 0002:00000278       __imp_SeCaptureSecurityDescriptor 0000000000026278     wdmsec:ntoskrnl.exe
 0002:00000280       __imp_RtlCreateSecurityDescriptor 0000000000026280     wdmsec:ntoskrnl.exe
 0002:00000288       __imp_RtlSetDaclSecurityDescriptor 0000000000026288     wdmsec:ntoskrnl.exe
 0002:00000290       __imp_RtlAbsoluteToSelfRelativeSD 0000000000026290     wdmsec:ntoskrnl.exe
 0002:00000298       __imp_IoIsWdmVersionAvailable 0000000000026298     wdmsec:ntoskrnl.exe
 0002:000002a0       __imp_SeExports            00000000000262a0     wdmsec:ntoskrnl.exe
 0002:000002a8       __imp_wcschr               00000000000262a8     wdmsec:ntoskrnl.exe
 0002:000002b0       __imp__wcsnicmp            00000000000262b0     wdmsec:ntoskrnl.exe
 0002:000002b8       __imp_RtlLengthSid         00000000000262b8     wdmsec:ntoskrnl.exe
 0002:000002c0       __imp_RtlAddAccessAllowedAce 00000000000262c0     wdmsec:ntoskrnl.exe
 0002:000002c8       __imp_RtlGetSaclSecurityDescriptor 00000000000262c8     wdmsec:ntoskrnl.exe
 0002:000002d0       __imp_RtlGetDaclSecurityDescriptor 00000000000262d0     wdmsec:ntoskrnl.exe
 0002:000002d8       __imp_RtlGetGroupSecurityDescriptor 00000000000262d8     wdmsec:ntoskrnl.exe
 0002:000002e0       __imp_RtlGetOwnerSecurityDescriptor 00000000000262e0     wdmsec:ntoskrnl.exe
 0002:000002e8       __imp_ZwOpenKey            00000000000262e8     wdmsec:ntoskrnl.exe
 0002:000002f0       __imp_ZwCreateKey          00000000000262f0     wdmsec:ntoskrnl.exe
 0002:000002f8       __imp_ZwQueryValueKey      00000000000262f8     wdmsec:ntoskrnl.exe
 0002:00000300       __imp_ZwSetValueKey        0000000000026300     wdmsec:ntoskrnl.exe
 0002:00000308       __imp___C_specific_handler 0000000000026308     ntoskrnl:ntoskrnl.exe
 0002:00000310       __imp__local_unwind        0000000000026310     ntoskrnl:ntoskrnl.exe
 0002:00000318       \177ntoskrnl_NULL_THUNK_DATA 0000000000026318     ntoskrnl:ntoskrnl.exe
 0002:00000340       SDDL_DEVOBJ_KERNEL_ONLY_buffer 0000000000026340     wdmsec:iosddl.obj
 0002:00000348       SDDL_DEVOBJ_KERNEL_ONLY    0000000000026348     wdmsec:iosddl.obj
 0002:00000358       SDDL_DEVOBJ_SYS_ALL_buffer 0000000000026358     wdmsec:iosddl.obj
 0002:00000378       SDDL_DEVOBJ_SYS_ALL        0000000000026378     wdmsec:iosddl.obj
 0002:00000388       SDDL_DEVOBJ_SYS_ALL_ADM_ALL_buffer 0000000000026388     wdmsec:iosddl.obj
 0002:000003c0       SDDL_DEVOBJ_SYS_ALL_ADM_ALL 00000000000263c0     wdmsec:iosddl.obj
 0002:000003d0       SDDL_DEVOBJ_SYS_ALL_ADM_RX_buffer 00000000000263d0     wdmsec:iosddl.obj
 0002:00000410       SDDL_DEVOBJ_SYS_ALL_ADM_RX 0000000000026410     wdmsec:iosddl.obj
 0002:00000420       SDDL_DEVOBJ_SYS_ALL_ADM_RWX_WORLD_R_buffer 0000000000026420     wdmsec:iosddl.obj
 0002:00000478       SDDL_DEVOBJ_SYS_ALL_ADM_RWX_WORLD_R 0000000000026478     wdmsec:iosddl.obj
 0002:00000490       SDDL_DEVOBJ_SYS_ALL_ADM_RWX_WORLD_R_RES_R_buffer 0000000000026490     wdmsec:iosddl.obj
 0002:00000500       SDDL_DEVOBJ_SYS_ALL_ADM_RWX_WORLD_R_RES_R 0000000000026500     wdmsec:iosddl.obj
 0002:00000510       SDDL_DEVOBJ_SYS_ALL_ADM_RWX_WORLD_RW_RES_R_buffer 0000000000026510     wdmsec:iosddl.obj
 0002:00000588       SDDL_DEVOBJ_SYS_ALL_ADM_RWX_WORLD_RW_RES_R 0000000000026588     wdmsec:iosddl.obj
 0002:000005a0       SDDL_DEVOBJ_SYS_ALL_ADM_RWX_WORLD_RWX_RES_RWX_buffer 00000000000265a0     wdmsec:iosddl.obj
 0002:00000620       SDDL_DEVOBJ_SYS_ALL_ADM_RWX_WORLD_RWX_RES_RWX 0000000000026620     wdmsec:iosddl.obj
 0002:00000630       ??_C@_1CK@LEEDIGFP@?$AAI?$AAo?$AAC?$AAr?$AAe?$AAa?$AAt?$AAe?$AAD?$AAe?$AAv?$AAi?$AAc?$AAe?$AAS?$AAe?$AAc?$AAu?$AAr?$AAe?$AA?$AA@ 0000000000026630     wdmsec:wlwrap.obj
 0002:00000660       ??_C@_1EA@BAHCLPHE@?$AAI?$AAo?$AAV?$AAa?$AAl?$AAi?$AAd?$AAa?$AAt?$AAe?$AAD?$AAe?$AAv?$AAi?$AAc?$AAe?$AAI?$AAo?$AAC?$AAo?$AAn?$AAt?$AAr?$AAo?$AAl?$AAA?$AAc?$AAc?$AAe?$AAs?$AAs?$AA?$AA@ 0000000000026660     wdmsec:wlwrap.obj
 0002:000006a0       ??_C@_1BG@COALCEMK@?$AAP?$AAr?$AAo?$AAp?$AAe?$AAr?$AAt?$AAi?$AAe?$AAs?$AA?$AA@ 00000000000266a0     wdmsec:ppregstate.obj
 0002:000006b8       ??_C@_1M@OAHBGIFG@?$AAC?$AAl?$AAa?$AAs?$AAs?$AA?$AA@ 00000000000266b8     wdmsec:ppregstate.obj
 0002:000006c8       ??_C@_1BO@DAOBINHA@?$AAN?$AAo?$AAD?$AAi?$AAs?$AAp?$AAl?$AAa?$AAy?$AAC?$AAl?$AAa?$AAs?$AAs?$AA?$AA@ 00000000000266c8     wdmsec:ppregstate.obj
 0002:000006e8       ??_C@_1BG@OPOOGLJC@?$AAN?$AAo?$AAU?$AAs?$AAe?$AAC?$AAl?$AAa?$AAs?$AAs?$AA?$AA@ 00000000000266e8     wdmsec:ppregstate.obj
 0002:00000700       ??_C@_1BC@FCJNIDNL@?$AAS?$AAe?$AAc?$AAu?$AAr?$AAi?$AAt?$AAy?$AA?$AA@ 0000000000026700     wdmsec:ppregstate.obj
 0002:00000718       ??_C@_1BG@KCOOGCNN@?$AAD?$AAe?$AAv?$AAi?$AAc?$AAe?$AAT?$AAy?$AAp?$AAe?$AA?$AA@ 0000000000026718     wdmsec:ppregstate.obj
 0002:00000730       ??_C@_1CM@DIJFBEC@?$AAD?$AAe?$AAv?$AAi?$AAc?$AAe?$AAC?$AAh?$AAa?$AAr?$AAa?$AAc?$AAt?$AAe?$AAr?$AAi?$AAs?$AAt?$AAi?$AAc?$AAs?$AA?$AA@ 0000000000026730     wdmsec:ppregstate.obj
 0002:00000760       ??_C@_1BE@DJHAJDEM@?$AAE?$AAx?$AAc?$AAl?$AAu?$AAs?$AAi?$AAv?$AAe?$AA?$AA@ 0000000000026760     wdmsec:ppregstate.obj
 0002:00000780       ??_C@_1HC@DKINPPAJ@?$AA?2?$AAR?$AAe?$AAg?$AAi?$AAs?$AAt?$AAr?$AAy?$AA?2?$AAM?$AAa?$AAc?$AAh?$AAi?$AAn?$AAe?$AA?2?$AAS?$AAy?$AAs?$AAt?$AAe?$AAm?$AA?2?$AAC?$AAu?$AAr?$AAr?$AAe?$AAn?$AAt@ 0000000000026780     wdmsec:ppregstate.obj
 0002:00000800       ??_C@_1GG@FCALANDO@?$AA?$HL?$AA?$CF?$AA0?$AA8?$AAX?$AA?9?$AA?$CF?$AA0?$AA4?$AAX?$AA?9?$AA?$CF?$AA0?$AA4?$AAX?$AA?9?$AA?$CF?$AA0?$AA2?$AAX?$AA?$CF?$AA0?$AA2?$AAX?$AA?9?$AA?$CF?$AA0?$AA2?$AAX?$AA?$CF?$AA0?$AA2@ 0000000000026800     wdmsec:ppregstate.obj
 0002:00000868       ??_C@_15FCNJEDMF@?$AAG?$AAX?$AA?$AA@ 0000000000026868     wdmsec:sesddl.obj
 0002:00000870       ??_C@_15KLKFDJD@?$AAG?$AAW?$AA?$AA@ 0000000000026870     wdmsec:sesddl.obj
 0002:00000878       ??_C@_15DNGEKDKB@?$AAG?$AAR?$AA?$AA@ 0000000000026878     wdmsec:sesddl.obj
 0002:00000880       ??_C@_15HPMIFLNA@?$AAG?$AAA?$AA?$AA@ 0000000000026880     wdmsec:sesddl.obj
 0002:00000888       ??_C@_15NAFBOLGP@?$AAS?$AAD?$AA?$AA@ 0000000000026888     wdmsec:sesddl.obj
 0002:00000890       ??_C@_15JMMBCOHI@?$AAW?$AAO?$AA?$AA@ 0000000000026890     wdmsec:sesddl.obj
 0002:00000898       ??_C@_15ELMAKJHJ@?$AAW?$AAD?$AA?$AA@ 0000000000026898     wdmsec:sesddl.obj
 0002:000008a0       ??_C@_15IGNKAAHD@?$AAR?$AAC?$AA?$AA@ 00000000000268a0     wdmsec:sesddl.obj
 0002:000008a8       ??_C@_13PNBDBPLL@?$AAA?$AA?$AA@ 00000000000268a8     wdmsec:sesddl.obj
 0003:00000000       HotPatchBuffer             0000000000027000     hotpatch.obj
 0003:00000100       __security_cookie          0000000000027100     BufferOverflowK:gs_support.obj
 0003:00000108       __security_cookie_complement 0000000000027108     BufferOverflowK:gs_support.obj
 0003:00000110       PiRegStateSysAllInherittedSecurityDescriptor 0000000000027110     wdmsec:ppregstate.obj
 0003:00000300       WdmlibInitialized          0000000000027300     wdmsec:wlwrap.obj
 0003:00000308       PfnIoCreateDeviceSecure    0000000000027308     wdmsec:wlwrap.obj
 0003:00000310       PfnIoValidateDeviceIoControlAccess 0000000000027310     wdmsec:wlwrap.obj
 0003:00000318       PiRegStateDiscriptor       0000000000027318     wdmsec:ppregstate.obj
 0003:00000340       DokanIrpEntryLookasideList 0000000000027340     dokan.obj
 0003:000003c0       g_Debug                    00000000000273c0     dokan.obj
 0003:000003d0       FcbFileNameNull            00000000000273d0     <common>
 0005:00000010       DokanUnload                0000000000029010 f   dokan.obj
 0005:00000140       DokanDispatchShutdown      0000000000029140 f   dokan.obj
 0005:000001f0       DokanDispatchPnp           00000000000291f0 f   dokan.obj
 0005:000003d0       DokanDispatchCreate        00000000000293d0 f   create.obj
 0005:00000d04       WdmlibInit                 0000000000029d04 f   wdmsec:wlwrap.obj
 0005:00000d70       WdmlibIoCreateDeviceSecure 0000000000029d70 f   wdmsec:wlwrap.obj
 0005:00000e08       IopDevObjApplyPostCreationSettings 0000000000029e08 f   wdmsec:iodevobj.obj
 0005:00000eb4       IoDevObjCreateDeviceSecure 0000000000029eb4 f   wdmsec:iodevobj.obj
 0005:0000106c       PpRegStateLoadSecurityDescriptor 000000000002a06c f   wdmsec:ppregstate.obj
 0005:00001080       PpRegStateFreeStackCreationSettings 000000000002a080 f   wdmsec:ppregstate.obj
 0005:000010a0       PiRegStateOpenClassKey     000000000002a0a0 f   wdmsec:ppregstate.obj
 0005:0000123c       PpRegStateInitEmptyCreationSettings 000000000002a23c f   wdmsec:ppregstate.obj
 0005:00001254       PiRegStateReadStackCreationSettingsFromKey 000000000002a254 f   wdmsec:ppregstate.obj
 0005:00001420       PpRegStateReadCreateClassCreationSettings 000000000002a420 f   wdmsec:ppregstate.obj
 0005:00001550       PpRegStateUpdateStackCreationSettings 000000000002a550 f   wdmsec:ppregstate.obj
 0005:0000167c       SepSddlParseWideStringUlong 000000000002a67c f   wdmsec:sesddl.obj
 0005:0000175c       SepSddlAddAceToAcl         000000000002a75c f   wdmsec:sesddl.obj
 0005:00001844       SepSddlLookupAccessMaskInTable 000000000002a844 f   wdmsec:sesddl.obj
 0005:000018dc       SepSddlGetSidForString     000000000002a8dc f   wdmsec:sesddl.obj
 0005:000019a0       SepSddlGetAclForString     000000000002a9a0 f   wdmsec:sesddl.obj
 0005:00001d60       SepSddlDaclFromSDDLString  000000000002ad60 f   wdmsec:sesddl.obj
 0005:00001e28       SepSddlSecurityDescriptorFromSDDLString 000000000002ae28 f   wdmsec:sesddl.obj
 0005:00001f28       SeSddlSecurityDescriptorFromSDDL 000000000002af28 f   wdmsec:sesddl.obj
 0005:00001ff0       SeSetSecurityAccessMask    000000000002aff0 f   wdmsec:seutil.obj
 0005:0000201c       SeUtilSecurityInfoFromSecurityDescriptor 000000000002b01c f   wdmsec:seutil.obj
 0005:000020ec       CmpRegUtilAllocateUnicodeString 000000000002b0ec f   wdmsec:cmregutil.obj
 0005:00002138       CmRegUtilUcValueSetUcString 000000000002b138 f   wdmsec:cmregutil.obj
 0005:00002238       CmRegUtilUcValueGetDword   000000000002b238 f   wdmsec:cmregutil.obj
 0005:000022b0       CmRegUtilCreateUcKey       000000000002b2b0 f   wdmsec:cmregutil.obj
 0005:0000234c       CmRegUtilOpenExistingUcKey 000000000002b34c f   wdmsec:cmregutil.obj
 0005:000023a8       CmRegUtilWstrValueSetWstrString 000000000002b3a8 f   wdmsec:cmregutil.obj
 0005:00002400       CmRegUtilWstrValueSetUcString 000000000002b400 f   wdmsec:cmregutil.obj
 0005:00002440       CmRegUtilWstrValueSetFullBuffer 000000000002b440 f   wdmsec:cmregutil.obj
 0005:000024a0       CmRegUtilWstrValueGetDword 000000000002b4a0 f   wdmsec:cmregutil.obj
 0005:000024f0       CmRegUtilCreateWstrKey     000000000002b4f0 f   wdmsec:cmregutil.obj
 0005:00002568       CmRegUtilOpenExistingWstrKey 000000000002b568 f   wdmsec:cmregutil.obj
 0005:000025b8       CmRegUtilUcValueGetFullBuffer 000000000002b5b8 f   wdmsec:cmregutil.obj
 0005:000026f0       CmRegUtilWstrValueGetFullBuffer 000000000002b6f0 f   wdmsec:cmregutil.obj
 0005:00002750       ??_C@_1DC@JJHBEEBC@?$AA?2?$AAD?$AAo?$AAs?$AAD?$AAe?$AAv?$AAi?$AAc?$AAe?$AAs?$AA?2?$AAG?$AAl?$AAo?$AAb?$AAa?$AAl?$AA?2?$AAD?$AAo?$AAk?$AAa?$AAn?$AA?$AA@NNGAKEGL@ 000000000002b750     dokan.obj
 0005:00002790       ??_C@_0CF@FOPNHIJF@EX?3?5Pageable?5code?5called?5at?5IRQL@NNGAKEGL@ 000000000002b790     dokan.obj
 0005:000027c0       ??_C@_0BL@DBIFFDGE@?$FLDokanFS?$FN?5?$DN?$DN?$DO?5DokanUnload?6?$AA@NNGAKEGL@ 000000000002b7c0     dokan.obj
 0005:000027e0       ??_C@_0CI@DPDCJHML@?$FLDokanFS?$FN?5?5?5Delete?5Global?5Device@NNGAKEGL@ 000000000002b7e0     dokan.obj
 0005:00002810       ??_C@_0BL@KHFOPCFO@?$FLDokanFS?$FN?5?$DM?$DN?$DN?5DokanUnload?6?$AA@NNGAKEGL@ 000000000002b810     dokan.obj
 0005:00002830       ??_C@_0BN@INDEKCNC@?$FLDokanFS?$FN?5?$DN?$DN?$DO?5DokanShutdown?6?$AA@NNGAKEGL@ 000000000002b830     dokan.obj
 0005:00002850       ??_C@_0BN@JEMHJAO@?$FLDokanFS?$FN?5?$DM?$DN?$DN?5DokanShutdown?6?$AA@NNGAKEGL@ 000000000002b850     dokan.obj
 0005:00002870       ??_C@_0BI@JEIGCPEL@?$FLDokanFS?$FN?5?$DN?$DN?$DO?5DokanPnp?6?$AA@NNGAKEGL@ 000000000002b870     dokan.obj
 0005:00002890       ??_C@_0CI@LONEDHGB@?$FLDokanFS?$FN?5?5?5IRP_MN_QUERY_REMOVE_@NNGAKEGL@ 000000000002b890     dokan.obj
 0005:000028c0       ??_C@_0CF@FGCGDMOP@?$FLDokanFS?$FN?5?5?5IRP_MN_SURPRISE_REMO@NNGAKEGL@ 000000000002b8c0     dokan.obj
 0005:000028f0       ??_C@_0CC@OBODMGOO@?$FLDokanFS?$FN?5?5?5IRP_MN_REMOVE_DEVICE@NNGAKEGL@ 000000000002b8f0     dokan.obj
 0005:00002920       ??_C@_0CJ@NPIMEFHM@?$FLDokanFS?$FN?5?5?5IRP_MN_CANCEL_REMOVE@NNGAKEGL@ 000000000002b920     dokan.obj
 0005:00002950       ??_C@_0CL@CFKFLKA@?$FLDokanFS?$FN?5?5?5IRP_MN_QUERY_DEVICE_@NNGAKEGL@ 000000000002b950     dokan.obj
 0005:00002980       ??_C@_0CH@GHDIJIE@?$FLDokanFS?$FN?5?5?5?5other?5minnor?5functi@NNGAKEGL@ 000000000002b980     dokan.obj
 0005:000029b0       ??_C@_0BI@HOBHBMMN@?$FLDokanFS?$FN?5?$DM?$DN?$DN?5DokanPnp?6?$AA@NNGAKEGL@ 000000000002b9b0     dokan.obj
 0005:000029d0       ??_C@_0BL@NFBFLPEB@?$FLDokanFS?$FN?5?$DN?$DN?$DO?5DokanCreate?6?$AA@NNGAKEGL@ 000000000002b9d0     create.obj
 0005:000029f0       ??_C@_0CA@IEHHOGJM@?$FLDokanFS?$FN?5?5?5fileObject?5?$DN?$DN?5NULL?6?$AA@NNGAKEGL@ 000000000002b9f0     create.obj
 0005:00002a10       ??_C@_0BL@MFADMBAH@?$FLDokanFS?$FN?5?5?5ProcessId?5?$CFlu?6?$AA@NNGAKEGL@ 000000000002ba10     create.obj
 0005:00002a30       ??_C@_0BK@EIDMBJFC@?$FLDokanFS?$FN?5?5?5FileName?3?$CFwZ?6?$AA@NNGAKEGL@ 000000000002ba30     create.obj
 0005:00002a50       ??_C@_0BP@CGNJLGHF@?$FLDokanFS?$FN?5?5?5IrpSp?9?$DOFlags?5?$DN?5?$CFd?6?$AA@NNGAKEGL@ 000000000002ba50     create.obj
 0005:00002a70       ??_C@_0CM@DGGNABDF@?$FLDokanFS?$FN?5?5?5IrpSp?9?$DOFlags?5SL_CASE@NNGAKEGL@ 000000000002ba70     create.obj
 0005:00002aa0       ??_C@_0DA@FLADGEBO@?$FLDokanFS?$FN?5?5?5IrpSp?9?$DOFlags?5SL_FORC@NNGAKEGL@ 000000000002baa0     create.obj
 0005:00002ad0       ??_C@_0CO@KBMLNLMH@?$FLDokanFS?$FN?5?5?5IrpSp?9?$DOFlags?5SL_OPEN@NNGAKEGL@ 000000000002bad0     create.obj
 0005:00002b00       ??_C@_0DD@OEBBIMDF@?$FLDokanFS?$FN?5?5?5IrpSp?9?$DOFlags?5SL_OPEN@NNGAKEGL@ 000000000002bb00     create.obj
 0005:00002b40       ??_C@_0CE@EGIJKPNB@?$FLDokanFS?$FN?5?5?5?5request?5for?5FS?5devi@NNGAKEGL@ 000000000002bb40     create.obj
 0005:00002b70       ??_C@_0FI@LLDCACOE@?$FLDokanFS?$FN?5?5?5when?5RelatedFileObje@NNGAKEGL@ 000000000002bb70     create.obj
 0005:00002bd0       ??_C@_0CA@CNPONDGD@?$FLDokanFS?$FN?5?5?5?5?5alternate?5stream?6?$AA@NNGAKEGL@ 000000000002bbd0     create.obj
 0005:00002bf0       ??_C@_0CB@HPBGBMHG@?$FLDokanFS?$FN?5?5?5RelatedFileName?3?$CFwZ?6@NNGAKEGL@ 000000000002bbf0     create.obj
 0005:00002c20       ??_C@_0BL@EDMOBOHL@?$FLDokanFS?$FN?5?$DM?$DN?$DN?5DokanCreate?6?$AA@NNGAKEGL@ 000000000002bc20     create.obj
 0006:00000010       DriverEntry                000000000002c010 f   dokan.obj
 0006:0000042c       __security_init_cookie     000000000002c42c f   BufferOverflowK:gs_support.obj
 0006:00000488       GsDriverEntry              000000000002c488 f   BufferOverflowK:gs_support.obj
 0006:000004b0       ??_C@_08PPGGFPFM@19?354?353?$AA@PBOPGDP@ 000000000002c4b0     dokan.obj
 0006:000004c0       ??_C@_0M@ONAIECIM@Feb?517?52012?$AA@PBOPGDP@ 000000000002c4c0     dokan.obj
 0006:000004d0       ??_C@_0CJ@LNIFNHPE@?$FLDokanFS?$FN?5?$DN?$DN?$DO?5DriverEntry?5ver?4?$CFx@PBOPGDP@ 000000000002c4d0     dokan.obj
 0006:00000500       ??_C@_0EC@DFDEMNAL@?$FLDokanFS?$FN?5?5?5FsRtlRegisterFileSys@PBOPGDP@ 000000000002c500     dokan.obj
 0006:00000550       ??_C@_0BL@BIABGKCC@?$FLDokanFS?$FN?5?$DM?$DN?$DN?5DriverEntry?6?$AA@PBOPGDP@ 000000000002c550     dokan.obj
 0006:0000056c       __IMPORT_DESCRIPTOR_ntoskrnl 000000000002c56c     ntoskrnl:ntoskrnl.exe
 0006:00000580       __NULL_IMPORT_DESCRIPTOR   000000000002c580     ntoskrnl:ntoskrnl.exe

 entry point at        0006:00000488

 Static symbols

 0001:00000ee0       RtlStringLengthWorkerW     0000000000011ee0 f    CIL library: CIL module
 0001:00000f90       RtlStringValidateDestW     0000000000011f90 f    CIL library: CIL module
 0001:00000fe0       RtlStringValidateDestAndLengthW 0000000000011fe0 f    CIL library: CIL module
 0001:00001050       RtlStringCopyWorkerW       0000000000012050 f    CIL library: CIL module
 0001:000145d0       DokanAllocateMdl$filt$0    00000000000255d0 f    CIL library: CIL module
 0001:00014600       DokanGetAccessToken$fin$0  0000000000025600 f    CIL library: CIL module
 0001:00014650       DokanDispatchFileSystemControl$fin$0 0000000000025650 f    CIL library: CIL module
 0001:000146c0       DokanCompleteSetInformation$fin$0 00000000000256c0 f    CIL library: CIL module
 0001:00014730       DokanDispatchClose$fin$0   0000000000025730 f    CIL library: CIL module
 0001:000147b0       DokanDispatchSetSecurity$fin$0 00000000000257b0 f    CIL library: CIL module
 0001:00014840       DokanDispatchQuerySecurity$fin$0 0000000000025840 f    CIL library: CIL module
 0001:000148d0       DokanDispatchFlush$fin$0   00000000000258d0 f    CIL library: CIL module
 0001:00014980       DokanDispatchLock$fin$0    0000000000025980 f    CIL library: CIL module
 0001:00014a00       DokanDispatchCleanup$fin$0 0000000000025a00 f    CIL library: CIL module
 0001:00014a80       DokanDispatchQueryVolumeInformation$fin$0 0000000000025a80 f    CIL library: CIL module
 0001:00014b00       DokanDispatchWrite$fin$0   0000000000025b00 f    CIL library: CIL module
 0001:00014bb0       DokanDispatchRead$fin$0    0000000000025bb0 f    CIL library: CIL module
 0001:00014c60       DokanDispatchSetInformation$fin$0 0000000000025c60 f    CIL library: CIL module
 0001:00014ce0       DokanDispatchQueryInformation$fin$0 0000000000025ce0 f    CIL library: CIL module
 0001:00014d60       DokanDispatchDirectoryControl$fin$0 0000000000025d60 f    CIL library: CIL module
 0001:00014de0       DokanDispatchDeviceControl$fin$0 0000000000025de0 f    CIL library: CIL module
 0005:00002c50       DokanDispatchPnp$fin$0     000000000002bc50 f    CIL library: CIL module
 0005:00002cb0       DokanDispatchCreate$fin$0  000000000002bcb0 f    CIL library: CIL module
