 dokanx

 Timestamp is 4f3e323f (Fri Feb 17 19:55:59 2012)

 Preferred load address is 0000000000010000

 Start         Length     Name                   Class
 0001:00000000 00005fa2H .text                   CODE
 0001:00005fb0 0000017cH .text$s                 CODE
 0001:0000612c 0000029dH .text$x                 CODE
 0002:00000000 00000308H .idata$5                DATA
 0002:00000310 0000058cH .rdata                  DATA
 0002:0000089c 0000005cH .rdata$debug            DATA
 0002:000008f8 000006f0H .xdata                  DATA
 0003:00000000 000002e0H .data                   DATA
 0003:00000300 000000c4H .bss                    DATA
 0004:00000000 00000558H .pdata                  DATA
 0005:00000000 00001f73H PAGE                    CODE
 0005:00001f80 00000032H PAGE$s                  CODE
 0005:00001fb2 0000006aH PAGE$x                  CODE
 0006:00000000 00000452H INIT                    CODE
 0006:00000454 00000014H .idata$2                CODE
 0006:00000468 00000014H .idata$3                CODE
 0006:00000480 00000308H .idata$4                CODE
 0006:00000788 000008ccH .idata$6                CODE
 0007:00000000 00000058H .rsrc$01                DATA
 0007:00000060 00000388H .rsrc$02                DATA

  Address         Publics by Value              Rva+Base               Lib:Object

 0000:00000000       ___safe_se_handler_count   0000000000000000     <absolute>
 0000:00000000       ___safe_se_handler_table   0000000000000000     <absolute>
 0001:00000008       DokanFastIoCheckIfPossible 0000000000011008 f   dokan.obj
 0001:00000014       DokanAcquireForCreateSection 0000000000011014 f   dokan.obj
 0001:00000040       DokanReleaseForCreateSection 0000000000011040 f   dokan.obj
 0001:00000068       DokanFilterCallbackAcquireForCreateSection 0000000000011068 f   dokan.obj
 0001:000000ac       DokanNoOpAcquire           00000000000110ac f   dokan.obj
 0001:000000c8       DokanNoOpRelease           00000000000110c8 f   dokan.obj
 0001:000000d8       DokanNotifyReportChange0   00000000000110d8 f   dokan.obj
 0001:00000158       PrintIdType                0000000000011158 f   dokan.obj
 0001:00000164       DokanCheckCCB              0000000000011164 f   dokan.obj
 0001:00000198       DokanAllocateMdl           0000000000011198 f   dokan.obj
 0001:00000210       RtlStringCchCatW           0000000000011210 f i init.obj
 0001:000002a8       DokanRegisterUncProvider   00000000000112a8 f   init.obj
 0001:000002e4       AllocateUnicodeString      00000000000112e4 f   init.obj
 0001:00000374       DokanCreateDiskDevice      0000000000011374 f   init.obj
 0001:00000b88       DokanGetFCB                0000000000011b88 f   create.obj
 0001:00000dc4       DokanFreeFCB               0000000000011dc4 f   create.obj
 0001:00000ec4       DokanAllocateCCB           0000000000011ec4 f   create.obj
 0001:00000fb8       DokanFreeCCB               0000000000011fb8 f   create.obj
 0001:0000105c       DokanUnicodeStringChar     000000000001205c f   create.obj
 0001:00001084       SetFileObjectForVCB        0000000000012084 f   create.obj
 0001:0000109c       DokanCompleteCreate        000000000001209c f   create.obj
 0001:000011b0       DokanDispatchClose         00000000000121b0 f   close.obj
 0001:00001314       DokanIrpCancelRoutine      0000000000012314 f   event.obj
 0001:0000143c       RegisterPendingIrpMain     000000000001243c f   event.obj
 0001:000015fc       DokanRegisterPendingIrp    00000000000125fc f   event.obj
 0001:00001830       DokanRegisterPendingIrpForEvent 0000000000012830 f   event.obj
 0001:00001a0c       DokanCompleteIrp           0000000000012a0c f   event.obj
 0001:00001da4       DokanEventStart            0000000000012da4 f   event.obj
 0001:000021d4       DokanEventWrite            00000000000131d4 f   event.obj
 0001:0000239c       DokanDispatchDirectoryControl 000000000001339c f   directory.obj
 0001:00002510       DokanQueryDirectory        0000000000013510 f   directory.obj
 0001:00002704       DokanCompleteDirectoryControl 0000000000013704 f   directory.obj
 0001:00002828       DokanDispatchQueryInformation 0000000000013828 f   fileinfo.obj
 0001:00002a6c       DokanCompleteQueryInformation 0000000000013a6c f   fileinfo.obj
 0001:00002b3c       DokanDispatchSetInformation 0000000000013b3c f   fileinfo.obj
 0001:00002d74       DokanCompleteSetInformation 0000000000013d74 f   fileinfo.obj
 0001:000030c8       DokanDispatchRead          00000000000140c8 f   read.obj
 0001:000032a4       DokanCompleteRead          00000000000142a4 f   read.obj
 0001:000033ac       DokanDispatchWrite         00000000000143ac f   write.obj
 0001:000036c4       DokanDispatchQueryVolumeInformation 00000000000146c4 f   volume.obj
 0001:00003898       DokanDispatchSetVolumeInformation 0000000000014898 f   volume.obj
 0001:000038c4       DokanDispatchCleanup       00000000000148c4 f   cleanup.obj
 0001:00003a48       DokanDispatchLock          0000000000014a48 f   lock.obj
 0001:00003ba0       DokanUnmount               0000000000014ba0 f   timeout.obj
 0001:00003d10       ReleaseTimeoutPendingIrp   0000000000014d10 f   timeout.obj
 0001:00003ef8       DokanResetPendingIrpTimeout 0000000000014ef8 f   timeout.obj
 0001:00003fb0       DokanTimeoutThread         0000000000014fb0 f   timeout.obj
 0001:000040e8       DokanUpdateTimeout         00000000000150e8 f   timeout.obj
 0001:00004134       DokanDispatchFlush         0000000000015134 f   flush.obj
 0001:0000427c       DiskDeviceControl          000000000001527c f   device.obj
 0001:00004554       DokanDispatchDeviceControl 0000000000015554 f   device.obj
 0001:000047b4       DokanUserFsRequest         00000000000157b4 f   fscontrol.obj
 0001:000049a0       DokanDispatchFileSystemControl 00000000000159a0 f   fscontrol.obj
 0001:00004b58       AllocateEventContextRaw    0000000000015b58 f   notification.obj
 0001:00004bb8       AllocateEventContext       0000000000015bb8 f   notification.obj
 0001:00004c54       DokanEventNotification     0000000000015c54 f   notification.obj
 0001:00004c90       ReleasePendingIrp          0000000000015c90 f   notification.obj
 0001:00004e04       NotificationLoop           0000000000015e04 f   notification.obj
 0001:00005068       NotificationThread         0000000000016068 f   notification.obj
 0001:00005154       DokanEventRelease          0000000000016154 f   notification.obj
 0001:000053e4       DokanDispatchQuerySecurity 00000000000163e4 f   security.obj
 0001:00005588       DokanCompleteQuerySecurity 0000000000016588 f   security.obj
 0001:0000569c       DokanDispatchSetSecurity   000000000001669c f   security.obj
 0001:00005854       DokanGetAccessToken        0000000000016854 f   access.obj
 0001:000059d0       __security_check_cookie    00000000000169d0 f   BufferOverflowK:amdsecgs.obj
 0001:000059f8       __report_gsfailure         00000000000169f8 f   BufferOverflowK:gs_report.obj
 0001:00005a30       memmove                    0000000000016a30     ntoskrnl:memcpy.obj
 0001:00005a30       memcpy                     0000000000016a30 f   ntoskrnl:memcpy.obj
 0001:00005d6a       DbgPrint                   0000000000016d6a f   ntoskrnl:ntoskrnl.exe
 0001:00005d78       WdmlibRtlInitUnicodeStringEx 0000000000016d78 f   wdmsec:wlwrap.obj
 0001:00005dd8       _snwprintf                 0000000000016dd8 f   wdmsec:ntoskrnl.exe
 0001:00005de4       __GSHandlerCheckCommon     0000000000016de4 f   wdmsec:gshandler.obj
 0001:00005e50       __GSHandlerCheck           0000000000016e50 f   wdmsec:gshandler.obj
 0001:00005e74       wcschr                     0000000000016e74 f   wdmsec:ntoskrnl.exe
 0001:00005e80       _wcsnicmp                  0000000000016e80 f   wdmsec:ntoskrnl.exe
 0001:00005ea0       memset                     0000000000016ea0 f   wdmsec:memset.obj
 0001:00005f90       __C_specific_handler       0000000000016f90 f   ntoskrnl:ntoskrnl.exe
 0001:00005f9c       _local_unwind              0000000000016f9c f   ntoskrnl:ntoskrnl.exe
 0001:00005fb0       ??_C@_1BM@FHCNJMDP@?$AA?2?$AAD?$AAe?$AAv?$AAi?$AAc?$AAe?$AA?2?$AAD?$AAo?$AAk?$AAa?$AAn?$AA?$AA@FNODOBFM@ 0000000000016fb0     init.obj
 0001:00005fd0       ??_C@_1DC@JJHBEEBC@?$AA?2?$AAD?$AAo?$AAs?$AAD?$AAe?$AAv?$AAi?$AAc?$AAe?$AAs?$AA?2?$AAG?$AAl?$AAo?$AAb?$AAa?$AAl?$AA?2?$AAD?$AAo?$AAk?$AAa?$AAn?$AA?$AA@FNODOBFM@ 0000000000016fd0     init.obj
 0001:00006010       ??_C@_1DA@PLMHAKFB@?$AA?2?$AAD?$AAe?$AAv?$AAi?$AAc?$AAe?$AA?2?$AAD?$AAo?$AAk?$AAa?$AAn?$AAR?$AAe?$AAd?$AAi?$AAr?$AAe?$AAc?$AAt?$AAo?$AAr?$AA?$AA@FNODOBFM@ 0000000000017010     init.obj
 0001:00006040       ??_C@_1EG@LEKJENPI@?$AA?2?$AAD?$AAo?$AAs?$AAD?$AAe?$AAv?$AAi?$AAc?$AAe?$AAs?$AA?2?$AAG?$AAl?$AAo?$AAb?$AAa?$AAl?$AA?2?$AAD?$AAo?$AAk?$AAa?$AAn?$AAR?$AAe?$AAd?$AAi?$AAr?$AAe?$AAc?$AAt@FNODOBFM@ 0000000000017040     init.obj
 0001:00006090       ??_C@_1BO@LGPKALII@?$AA?2?$AAD?$AAe?$AAv?$AAi?$AAc?$AAe?$AA?2?$AAV?$AAo?$AAl?$AAu?$AAm?$AAe?$AA?$AA@FNODOBFM@ 0000000000017090     init.obj
 0001:000060b0       ??_C@_1DE@BONIMFNN@?$AA?2?$AAD?$AAo?$AAs?$AAD?$AAe?$AAv?$AAi?$AAc?$AAe?$AAs?$AA?2?$AAG?$AAl?$AAo?$AAb?$AAa?$AAl?$AA?2?$AAV?$AAo?$AAl?$AAu?$AAm?$AAe?$AA?$AA@FNODOBFM@ 00000000000170b0     init.obj
 0001:000060f0       ??_C@_1M@BDMGMBEO@?$AAD?$AAO?$AAK?$AAA?$AAN?$AA?$AA@FNODOBFM@ 00000000000170f0     init.obj
 0001:00006100       ??_C@_0P@BKIHJMEI@?5?5Type?5?$CB?$DN?5VCB?6?$AA@FNODOBFM@ 0000000000017100     event.obj
 0001:00006110       ??_C@_0BM@BNAPFDKJ@?5?5?5?5DeviceExtension?5?$CB?$DN?5VCB?6?$AA@FNODOBFM@ 0000000000017110     security.obj
 0002:00000000       __imp_ExAcquireResourceExclusiveLite 0000000000018000     ntoskrnl:ntoskrnl.exe
 0002:00000008       __imp_ExAllocatePoolWithTag 0000000000018008     ntoskrnl:ntoskrnl.exe
 0002:00000010       __imp_IoDeleteSymbolicLink 0000000000018010     ntoskrnl:ntoskrnl.exe
 0002:00000018       __imp_FsRtlMdlReadDev      0000000000018018     ntoskrnl:ntoskrnl.exe
 0002:00000020       __imp_FsRtlRegisterFileSystemFilterCallbacks 0000000000018020     ntoskrnl:ntoskrnl.exe
 0002:00000028       __imp_ExInitializeNPagedLookasideList 0000000000018028     ntoskrnl:ntoskrnl.exe
 0002:00000030       __imp_FsRtlCopyRead        0000000000018030     ntoskrnl:ntoskrnl.exe
 0002:00000038       __imp_RtlInitUnicodeString 0000000000018038     ntoskrnl:ntoskrnl.exe
 0002:00000040       __imp_IoDeleteDevice       0000000000018040     ntoskrnl:ntoskrnl.exe
 0002:00000048       __imp_FsRtlMdlReadCompleteDev 0000000000018048     ntoskrnl:ntoskrnl.exe
 0002:00000050       __imp_FsRtlMdlWriteCompleteDev 0000000000018050     ntoskrnl:ntoskrnl.exe
 0002:00000058       __imp_IoFreeMdl            0000000000018058     ntoskrnl:ntoskrnl.exe
 0002:00000060       __imp_FsRtlCopyWrite       0000000000018060     ntoskrnl:ntoskrnl.exe
 0002:00000068       __imp_ExReleaseResourceLite 0000000000018068     ntoskrnl:ntoskrnl.exe
 0002:00000070       __imp_IofCompleteRequest   0000000000018070     ntoskrnl:ntoskrnl.exe
 0002:00000078       __imp_IoSetTopLevelIrp     0000000000018078     ntoskrnl:ntoskrnl.exe
 0002:00000080       __imp_MmProbeAndLockPages  0000000000018080     ntoskrnl:ntoskrnl.exe
 0002:00000088       __imp_MmUnlockPages        0000000000018088     ntoskrnl:ntoskrnl.exe
 0002:00000090       __imp_FsRtlPrepareMdlWriteDev 0000000000018090     ntoskrnl:ntoskrnl.exe
 0002:00000098       __imp_FsRtlNotifyFullReportChange 0000000000018098     ntoskrnl:ntoskrnl.exe
 0002:000000a0       __imp_ExDeleteNPagedLookasideList 00000000000180a0     ntoskrnl:ntoskrnl.exe
 0002:000000a8       __imp_IoAllocateMdl        00000000000180a8     ntoskrnl:ntoskrnl.exe
 0002:000000b0       __imp_ExFreePoolWithTag    00000000000180b0     ntoskrnl:ntoskrnl.exe
 0002:000000b8       __imp_FsRtlDeregisterUncProvider 00000000000180b8     ntoskrnl:ntoskrnl.exe
 0002:000000c0       __imp_FsRtlRegisterUncProvider 00000000000180c0     ntoskrnl:ntoskrnl.exe
 0002:000000c8       __imp_KeInitializeEvent    00000000000180c8     ntoskrnl:ntoskrnl.exe
 0002:000000d0       __imp_RtlFreeUnicodeString 00000000000180d0     ntoskrnl:ntoskrnl.exe
 0002:000000d8       __imp_PsCreateSystemThread 00000000000180d8     ntoskrnl:ntoskrnl.exe
 0002:000000e0       __imp_PsTerminateSystemThread 00000000000180e0     ntoskrnl:ntoskrnl.exe
 0002:000000e8       __imp_ZwClose              00000000000180e8     ntoskrnl:ntoskrnl.exe
 0002:000000f0       __imp_ObReferenceObjectByHandle 00000000000180f0     ntoskrnl:ntoskrnl.exe
 0002:000000f8       __imp_KeWaitForSingleObject 00000000000180f8     ntoskrnl:ntoskrnl.exe
 0002:00000100       __imp_ObfReferenceObject   0000000000018100     ntoskrnl:ntoskrnl.exe
 0002:00000108       __imp_IoCreateSymbolicLink 0000000000018108     ntoskrnl:ntoskrnl.exe
 0002:00000110       __imp_ObfDereferenceObject 0000000000018110     ntoskrnl:ntoskrnl.exe
 0002:00000118       __imp_IoCreateDevice       0000000000018118     ntoskrnl:ntoskrnl.exe
 0002:00000120       __imp_ExInitializeResourceLite 0000000000018120     ntoskrnl:ntoskrnl.exe
 0002:00000128       __imp_FsRtlNotifyInitializeSync 0000000000018128     ntoskrnl:ntoskrnl.exe
 0002:00000130       __imp_KeLeaveCriticalRegion 0000000000018130     ntoskrnl:ntoskrnl.exe
 0002:00000138       __imp_KeEnterCriticalRegion 0000000000018138     ntoskrnl:ntoskrnl.exe
 0002:00000140       __imp_FsRtlTeardownPerStreamContexts 0000000000018140     ntoskrnl:ntoskrnl.exe
 0002:00000148       __imp_ExDeleteResourceLite 0000000000018148     ntoskrnl:ntoskrnl.exe
 0002:00000150       __imp_RtlStringFromGUID    0000000000018150     ntoskrnl:ntoskrnl.exe
 0002:00000158       __imp_KeClearEvent         0000000000018158     ntoskrnl:ntoskrnl.exe
 0002:00000160       __imp_KeSetEvent           0000000000018160     ntoskrnl:ntoskrnl.exe
 0002:00000168       __imp_ExpInterlockedPushEntrySList 0000000000018168     ntoskrnl:ntoskrnl.exe
 0002:00000170       __imp_KeReleaseSpinLock    0000000000018170     ntoskrnl:ntoskrnl.exe
 0002:00000178       __imp_ExpInterlockedPopEntrySList 0000000000018178     ntoskrnl:ntoskrnl.exe
 0002:00000180       __imp_MmMapLockedPagesSpecifyCache 0000000000018180     ntoskrnl:ntoskrnl.exe
 0002:00000188       __imp_ExQueryDepthSList    0000000000018188     ntoskrnl:ntoskrnl.exe
 0002:00000190       __imp_IoReleaseCancelSpinLock 0000000000018190     ntoskrnl:ntoskrnl.exe
 0002:00000198       __imp_DbgPrint             0000000000018198     ntoskrnl:ntoskrnl.exe
 0002:000001a0       __imp_KeAcquireSpinLockRaiseToDpc 00000000000181a0     ntoskrnl:ntoskrnl.exe
 0002:000001a8       __imp_FsRtlNotifyFullChangeDirectory 00000000000181a8     ntoskrnl:ntoskrnl.exe
 0002:000001b0       __imp_MmFlushImageSection  00000000000181b0     ntoskrnl:ntoskrnl.exe
 0002:000001b8       __imp_FsRtlNotifyCleanup   00000000000181b8     ntoskrnl:ntoskrnl.exe
 0002:000001c0       __imp_CcUninitializeCacheMap 00000000000181c0     ntoskrnl:ntoskrnl.exe
 0002:000001c8       __imp_CcPurgeCacheSection  00000000000181c8     ntoskrnl:ntoskrnl.exe
 0002:000001d0       __imp_CcFlushCache         00000000000181d0     ntoskrnl:ntoskrnl.exe
 0002:000001d8       __imp_KeSetTimerEx         00000000000181d8     ntoskrnl:ntoskrnl.exe
 0002:000001e0       __imp_ExAcquireResourceSharedLite 00000000000181e0     ntoskrnl:ntoskrnl.exe
 0002:000001e8       __imp_KeQueryTimeIncrement 00000000000181e8     ntoskrnl:ntoskrnl.exe
 0002:000001f0       __imp_KeInitializeTimerEx  00000000000181f0     ntoskrnl:ntoskrnl.exe
 0002:000001f8       __imp_KeCancelTimer        00000000000181f8     ntoskrnl:ntoskrnl.exe
 0002:00000200       __imp_KeWaitForMultipleObjects 0000000000018200     ntoskrnl:ntoskrnl.exe
 0002:00000208       __imp_KeResetEvent         0000000000018208     ntoskrnl:ntoskrnl.exe
 0002:00000210       __imp_ExInterlockedInsertTailList 0000000000018210     ntoskrnl:ntoskrnl.exe
 0002:00000218       __imp_IoGetRequestorProcessId 0000000000018218     ntoskrnl:ntoskrnl.exe
 0002:00000220       __imp_RtlLengthSecurityDescriptor 0000000000018220     ntoskrnl:ntoskrnl.exe
 0002:00000228       __imp_SeTokenObjectType    0000000000018228     ntoskrnl:ntoskrnl.exe
 0002:00000228       SeTokenObjectType          0000000000018228     ntoskrnl:ntoskrnl.exe
 0002:00000230       __imp_ObOpenObjectByPointer 0000000000018230     ntoskrnl:ntoskrnl.exe
 0002:00000238       __imp_KeBugCheckEx         0000000000018238     ntoskrnl:ntoskrnl.exe
 0002:00000240       __imp_MmGetSystemRoutineAddress 0000000000018240     wdmsec:ntoskrnl.exe
 0002:00000248       __imp_ZwSetSecurityObject  0000000000018248     wdmsec:ntoskrnl.exe
 0002:00000250       __imp_IoDeviceObjectType   0000000000018250     wdmsec:ntoskrnl.exe
 0002:00000250       IoDeviceObjectType         0000000000018250     wdmsec:ntoskrnl.exe
 0002:00000258       __imp__snwprintf           0000000000018258     wdmsec:ntoskrnl.exe
 0002:00000260       __imp_SeCaptureSecurityDescriptor 0000000000018260     wdmsec:ntoskrnl.exe
 0002:00000268       __imp_RtlCreateSecurityDescriptor 0000000000018268     wdmsec:ntoskrnl.exe
 0002:00000270       __imp_RtlSetDaclSecurityDescriptor 0000000000018270     wdmsec:ntoskrnl.exe
 0002:00000278       __imp_RtlAbsoluteToSelfRelativeSD 0000000000018278     wdmsec:ntoskrnl.exe
 0002:00000280       __imp_IoIsWdmVersionAvailable 0000000000018280     wdmsec:ntoskrnl.exe
 0002:00000288       __imp_SeExports            0000000000018288     wdmsec:ntoskrnl.exe
 0002:00000290       __imp_wcschr               0000000000018290     wdmsec:ntoskrnl.exe
 0002:00000298       __imp__wcsnicmp            0000000000018298     wdmsec:ntoskrnl.exe
 0002:000002a0       __imp_RtlLengthSid         00000000000182a0     wdmsec:ntoskrnl.exe
 0002:000002a8       __imp_RtlAddAccessAllowedAce 00000000000182a8     wdmsec:ntoskrnl.exe
 0002:000002b0       __imp_RtlGetSaclSecurityDescriptor 00000000000182b0     wdmsec:ntoskrnl.exe
 0002:000002b8       __imp_RtlGetDaclSecurityDescriptor 00000000000182b8     wdmsec:ntoskrnl.exe
 0002:000002c0       __imp_RtlGetGroupSecurityDescriptor 00000000000182c0     wdmsec:ntoskrnl.exe
 0002:000002c8       __imp_RtlGetOwnerSecurityDescriptor 00000000000182c8     wdmsec:ntoskrnl.exe
 0002:000002d0       __imp_ZwOpenKey            00000000000182d0     wdmsec:ntoskrnl.exe
 0002:000002d8       __imp_ZwCreateKey          00000000000182d8     wdmsec:ntoskrnl.exe
 0002:000002e0       __imp_ZwQueryValueKey      00000000000182e0     wdmsec:ntoskrnl.exe
 0002:000002e8       __imp_ZwSetValueKey        00000000000182e8     wdmsec:ntoskrnl.exe
 0002:000002f0       __imp___C_specific_handler 00000000000182f0     ntoskrnl:ntoskrnl.exe
 0002:000002f8       __imp__local_unwind        00000000000182f8     ntoskrnl:ntoskrnl.exe
 0002:00000300       \177ntoskrnl_NULL_THUNK_DATA 0000000000018300     ntoskrnl:ntoskrnl.exe
 0002:00000330       SDDL_DEVOBJ_KERNEL_ONLY_buffer 0000000000018330     wdmsec:iosddl.obj
 0002:00000338       SDDL_DEVOBJ_KERNEL_ONLY    0000000000018338     wdmsec:iosddl.obj
 0002:00000348       SDDL_DEVOBJ_SYS_ALL_buffer 0000000000018348     wdmsec:iosddl.obj
 0002:00000368       SDDL_DEVOBJ_SYS_ALL        0000000000018368     wdmsec:iosddl.obj
 0002:00000378       SDDL_DEVOBJ_SYS_ALL_ADM_ALL_buffer 0000000000018378     wdmsec:iosddl.obj
 0002:000003b0       SDDL_DEVOBJ_SYS_ALL_ADM_ALL 00000000000183b0     wdmsec:iosddl.obj
 0002:000003c0       SDDL_DEVOBJ_SYS_ALL_ADM_RX_buffer 00000000000183c0     wdmsec:iosddl.obj
 0002:00000400       SDDL_DEVOBJ_SYS_ALL_ADM_RX 0000000000018400     wdmsec:iosddl.obj
 0002:00000410       SDDL_DEVOBJ_SYS_ALL_ADM_RWX_WORLD_R_buffer 0000000000018410     wdmsec:iosddl.obj
 0002:00000468       SDDL_DEVOBJ_SYS_ALL_ADM_RWX_WORLD_R 0000000000018468     wdmsec:iosddl.obj
 0002:00000480       SDDL_DEVOBJ_SYS_ALL_ADM_RWX_WORLD_R_RES_R_buffer 0000000000018480     wdmsec:iosddl.obj
 0002:000004f0       SDDL_DEVOBJ_SYS_ALL_ADM_RWX_WORLD_R_RES_R 00000000000184f0     wdmsec:iosddl.obj
 0002:00000500       SDDL_DEVOBJ_SYS_ALL_ADM_RWX_WORLD_RW_RES_R_buffer 0000000000018500     wdmsec:iosddl.obj
 0002:00000578       SDDL_DEVOBJ_SYS_ALL_ADM_RWX_WORLD_RW_RES_R 0000000000018578     wdmsec:iosddl.obj
 0002:00000590       SDDL_DEVOBJ_SYS_ALL_ADM_RWX_WORLD_RWX_RES_RWX_buffer 0000000000018590     wdmsec:iosddl.obj
 0002:00000610       SDDL_DEVOBJ_SYS_ALL_ADM_RWX_WORLD_RWX_RES_RWX 0000000000018610     wdmsec:iosddl.obj
 0002:00000620       ??_C@_1CK@LEEDIGFP@?$AAI?$AAo?$AAC?$AAr?$AAe?$AAa?$AAt?$AAe?$AAD?$AAe?$AAv?$AAi?$AAc?$AAe?$AAS?$AAe?$AAc?$AAu?$AAr?$AAe?$AA?$AA@ 0000000000018620     wdmsec:wlwrap.obj
 0002:00000650       ??_C@_1EA@BAHCLPHE@?$AAI?$AAo?$AAV?$AAa?$AAl?$AAi?$AAd?$AAa?$AAt?$AAe?$AAD?$AAe?$AAv?$AAi?$AAc?$AAe?$AAI?$AAo?$AAC?$AAo?$AAn?$AAt?$AAr?$AAo?$AAl?$AAA?$AAc?$AAc?$AAe?$AAs?$AAs?$AA?$AA@ 0000000000018650     wdmsec:wlwrap.obj
 0002:00000690       ??_C@_1BG@COALCEMK@?$AAP?$AAr?$AAo?$AAp?$AAe?$AAr?$AAt?$AAi?$AAe?$AAs?$AA?$AA@ 0000000000018690     wdmsec:ppregstate.obj
 0002:000006a8       ??_C@_1M@OAHBGIFG@?$AAC?$AAl?$AAa?$AAs?$AAs?$AA?$AA@ 00000000000186a8     wdmsec:ppregstate.obj
 0002:000006b8       ??_C@_1BO@DAOBINHA@?$AAN?$AAo?$AAD?$AAi?$AAs?$AAp?$AAl?$AAa?$AAy?$AAC?$AAl?$AAa?$AAs?$AAs?$AA?$AA@ 00000000000186b8     wdmsec:ppregstate.obj
 0002:000006d8       ??_C@_1BG@OPOOGLJC@?$AAN?$AAo?$AAU?$AAs?$AAe?$AAC?$AAl?$AAa?$AAs?$AAs?$AA?$AA@ 00000000000186d8     wdmsec:ppregstate.obj
 0002:000006f0       ??_C@_1BC@FCJNIDNL@?$AAS?$AAe?$AAc?$AAu?$AAr?$AAi?$AAt?$AAy?$AA?$AA@ 00000000000186f0     wdmsec:ppregstate.obj
 0002:00000708       ??_C@_1BG@KCOOGCNN@?$AAD?$AAe?$AAv?$AAi?$AAc?$AAe?$AAT?$AAy?$AAp?$AAe?$AA?$AA@ 0000000000018708     wdmsec:ppregstate.obj
 0002:00000720       ??_C@_1CM@DIJFBEC@?$AAD?$AAe?$AAv?$AAi?$AAc?$AAe?$AAC?$AAh?$AAa?$AAr?$AAa?$AAc?$AAt?$AAe?$AAr?$AAi?$AAs?$AAt?$AAi?$AAc?$AAs?$AA?$AA@ 0000000000018720     wdmsec:ppregstate.obj
 0002:00000750       ??_C@_1BE@DJHAJDEM@?$AAE?$AAx?$AAc?$AAl?$AAu?$AAs?$AAi?$AAv?$AAe?$AA?$AA@ 0000000000018750     wdmsec:ppregstate.obj
 0002:00000770       ??_C@_1HC@DKINPPAJ@?$AA?2?$AAR?$AAe?$AAg?$AAi?$AAs?$AAt?$AAr?$AAy?$AA?2?$AAM?$AAa?$AAc?$AAh?$AAi?$AAn?$AAe?$AA?2?$AAS?$AAy?$AAs?$AAt?$AAe?$AAm?$AA?2?$AAC?$AAu?$AAr?$AAr?$AAe?$AAn?$AAt@ 0000000000018770     wdmsec:ppregstate.obj
 0002:000007f0       ??_C@_1GG@FCALANDO@?$AA?$HL?$AA?$CF?$AA0?$AA8?$AAX?$AA?9?$AA?$CF?$AA0?$AA4?$AAX?$AA?9?$AA?$CF?$AA0?$AA4?$AAX?$AA?9?$AA?$CF?$AA0?$AA2?$AAX?$AA?$CF?$AA0?$AA2?$AAX?$AA?9?$AA?$CF?$AA0?$AA2?$AAX?$AA?$CF?$AA0?$AA2@ 00000000000187f0     wdmsec:ppregstate.obj
 0002:00000858       ??_C@_15FCNJEDMF@?$AAG?$AAX?$AA?$AA@ 0000000000018858     wdmsec:sesddl.obj
 0002:00000860       ??_C@_15KLKFDJD@?$AAG?$AAW?$AA?$AA@ 0000000000018860     wdmsec:sesddl.obj
 0002:00000868       ??_C@_15DNGEKDKB@?$AAG?$AAR?$AA?$AA@ 0000000000018868     wdmsec:sesddl.obj
 0002:00000870       ??_C@_15HPMIFLNA@?$AAG?$AAA?$AA?$AA@ 0000000000018870     wdmsec:sesddl.obj
 0002:00000878       ??_C@_15NAFBOLGP@?$AAS?$AAD?$AA?$AA@ 0000000000018878     wdmsec:sesddl.obj
 0002:00000880       ??_C@_15JMMBCOHI@?$AAW?$AAO?$AA?$AA@ 0000000000018880     wdmsec:sesddl.obj
 0002:00000888       ??_C@_15ELMAKJHJ@?$AAW?$AAD?$AA?$AA@ 0000000000018888     wdmsec:sesddl.obj
 0002:00000890       ??_C@_15IGNKAAHD@?$AAR?$AAC?$AA?$AA@ 0000000000018890     wdmsec:sesddl.obj
 0002:00000898       ??_C@_13PNBDBPLL@?$AAA?$AA?$AA@ 0000000000018898     wdmsec:sesddl.obj
 0003:00000000       HotPatchBuffer             0000000000019000     hotpatch.obj
 0003:00000100       __security_cookie          0000000000019100     BufferOverflowK:gs_support.obj
 0003:00000108       __security_cookie_complement 0000000000019108     BufferOverflowK:gs_support.obj
 0003:00000110       PiRegStateSysAllInherittedSecurityDescriptor 0000000000019110     wdmsec:ppregstate.obj
 0003:00000300       WdmlibInitialized          0000000000019300     wdmsec:wlwrap.obj
 0003:00000308       PfnIoCreateDeviceSecure    0000000000019308     wdmsec:wlwrap.obj
 0003:00000310       PfnIoValidateDeviceIoControlAccess 0000000000019310     wdmsec:wlwrap.obj
 0003:00000318       PiRegStateDiscriptor       0000000000019318     wdmsec:ppregstate.obj
 0003:00000340       DokanIrpEntryLookasideList 0000000000019340     dokan.obj
 0003:000003c0       g_Debug                    00000000000193c0     dokan.obj
 0005:00000008       DokanUnload                000000000001b008 f   dokan.obj
 0005:00000090       DokanDispatchShutdown      000000000001b090 f   dokan.obj
 0005:000000b8       DokanDispatchPnp           000000000001b0b8 f   dokan.obj
 0005:00000114       DokanDispatchCreate        000000000001b114 f   create.obj
 0005:00000534       WdmlibInit                 000000000001b534 f   wdmsec:wlwrap.obj
 0005:000005a0       WdmlibIoCreateDeviceSecure 000000000001b5a0 f   wdmsec:wlwrap.obj
 0005:00000638       IopDevObjApplyPostCreationSettings 000000000001b638 f   wdmsec:iodevobj.obj
 0005:000006e4       IoDevObjCreateDeviceSecure 000000000001b6e4 f   wdmsec:iodevobj.obj
 0005:0000089c       PpRegStateLoadSecurityDescriptor 000000000001b89c f   wdmsec:ppregstate.obj
 0005:000008b0       PpRegStateFreeStackCreationSettings 000000000001b8b0 f   wdmsec:ppregstate.obj
 0005:000008d0       PiRegStateOpenClassKey     000000000001b8d0 f   wdmsec:ppregstate.obj
 0005:00000a6c       PpRegStateInitEmptyCreationSettings 000000000001ba6c f   wdmsec:ppregstate.obj
 0005:00000a84       PiRegStateReadStackCreationSettingsFromKey 000000000001ba84 f   wdmsec:ppregstate.obj
 0005:00000c50       PpRegStateReadCreateClassCreationSettings 000000000001bc50 f   wdmsec:ppregstate.obj
 0005:00000d80       PpRegStateUpdateStackCreationSettings 000000000001bd80 f   wdmsec:ppregstate.obj
 0005:00000eac       SepSddlParseWideStringUlong 000000000001beac f   wdmsec:sesddl.obj
 0005:00000f8c       SepSddlAddAceToAcl         000000000001bf8c f   wdmsec:sesddl.obj
 0005:00001074       SepSddlLookupAccessMaskInTable 000000000001c074 f   wdmsec:sesddl.obj
 0005:0000110c       SepSddlGetSidForString     000000000001c10c f   wdmsec:sesddl.obj
 0005:000011d0       SepSddlGetAclForString     000000000001c1d0 f   wdmsec:sesddl.obj
 0005:00001590       SepSddlDaclFromSDDLString  000000000001c590 f   wdmsec:sesddl.obj
 0005:00001658       SepSddlSecurityDescriptorFromSDDLString 000000000001c658 f   wdmsec:sesddl.obj
 0005:00001758       SeSddlSecurityDescriptorFromSDDL 000000000001c758 f   wdmsec:sesddl.obj
 0005:00001820       SeSetSecurityAccessMask    000000000001c820 f   wdmsec:seutil.obj
 0005:0000184c       SeUtilSecurityInfoFromSecurityDescriptor 000000000001c84c f   wdmsec:seutil.obj
 0005:0000191c       CmpRegUtilAllocateUnicodeString 000000000001c91c f   wdmsec:cmregutil.obj
 0005:00001968       CmRegUtilUcValueSetUcString 000000000001c968 f   wdmsec:cmregutil.obj
 0005:00001a68       CmRegUtilUcValueGetDword   000000000001ca68 f   wdmsec:cmregutil.obj
 0005:00001ae0       CmRegUtilCreateUcKey       000000000001cae0 f   wdmsec:cmregutil.obj
 0005:00001b7c       CmRegUtilOpenExistingUcKey 000000000001cb7c f   wdmsec:cmregutil.obj
 0005:00001bd8       CmRegUtilWstrValueSetWstrString 000000000001cbd8 f   wdmsec:cmregutil.obj
 0005:00001c30       CmRegUtilWstrValueSetUcString 000000000001cc30 f   wdmsec:cmregutil.obj
 0005:00001c70       CmRegUtilWstrValueSetFullBuffer 000000000001cc70 f   wdmsec:cmregutil.obj
 0005:00001cd0       CmRegUtilWstrValueGetDword 000000000001ccd0 f   wdmsec:cmregutil.obj
 0005:00001d20       CmRegUtilCreateWstrKey     000000000001cd20 f   wdmsec:cmregutil.obj
 0005:00001d98       CmRegUtilOpenExistingWstrKey 000000000001cd98 f   wdmsec:cmregutil.obj
 0005:00001de8       CmRegUtilUcValueGetFullBuffer 000000000001cde8 f   wdmsec:cmregutil.obj
 0005:00001f20       CmRegUtilWstrValueGetFullBuffer 000000000001cf20 f   wdmsec:cmregutil.obj
 0005:00001f80       ??_C@_1DC@JJHBEEBC@?$AA?2?$AAD?$AAo?$AAs?$AAD?$AAe?$AAv?$AAi?$AAc?$AAe?$AAs?$AA?2?$AAG?$AAl?$AAo?$AAb?$AAa?$AAl?$AA?2?$AAD?$AAo?$AAk?$AAa?$AAn?$AA?$AA@NNGAKEGL@ 000000000001cf80     dokan.obj
 0006:00000008       DriverEntry                000000000001e008 f   dokan.obj
 0006:000003d8       __security_init_cookie     000000000001e3d8 f   BufferOverflowK:gs_support.obj
 0006:00000434       GsDriverEntry              000000000001e434 f   BufferOverflowK:gs_support.obj
 0006:00000454       __IMPORT_DESCRIPTOR_ntoskrnl 000000000001e454     ntoskrnl:ntoskrnl.exe
 0006:00000468       __NULL_IMPORT_DESCRIPTOR   000000000001e468     ntoskrnl:ntoskrnl.exe

 entry point at        0006:00000434

 Static symbols

 0001:00006132       DokanGetAccessToken$fin$0  0000000000017132 f    CIL library: CIL module
 0001:00006168       DokanDispatchFileSystemControl$fin$0 0000000000017168 f    CIL library: CIL module
 0001:0000619c       DokanCompleteSetInformation$fin$0 000000000001719c f    CIL library: CIL module
 0001:000061ca       DokanDispatchSetSecurity$fin$0 00000000000171ca f    CIL library: CIL module
 0001:00006203       DokanDispatchCleanup$fin$0 0000000000017203 f    CIL library: CIL module
 0001:00006203       DokanDispatchSetInformation$fin$0 0000000000017203 f    CIL library: CIL module
 0001:00006203       DokanDispatchQuerySecurity$fin$0 0000000000017203 f    CIL library: CIL module
 0001:0000623c       DokanDispatchLock$fin$0    000000000001723c f    CIL library: CIL module
 0001:0000623c       DokanDispatchClose$fin$0   000000000001723c f    CIL library: CIL module
 0001:0000623c       DokanDispatchFlush$fin$0   000000000001723c f    CIL library: CIL module
 0001:00006275       DokanDispatchQueryVolumeInformation$fin$0 0000000000017275 f    CIL library: CIL module
 0001:000062b0       DokanDispatchWrite$fin$0   00000000000172b0 f    CIL library: CIL module
 0001:000062ec       DokanDispatchRead$fin$0    00000000000172ec f    CIL library: CIL module
 0001:00006327       DokanDispatchQueryInformation$fin$0 0000000000017327 f    CIL library: CIL module
 0001:00006362       DokanDispatchDirectoryControl$fin$0 0000000000017362 f    CIL library: CIL module
 0001:0000639b       DokanDispatchDeviceControl$fin$0 000000000001739b f    CIL library: CIL module
 0005:00001fb8       DokanDispatchPnp$fin$0     000000000001cfb8 f    CIL library: CIL module
 0005:00001fe4       DokanDispatchCreate$fin$0  000000000001cfe4 f    CIL library: CIL module
