 dokanx

 Timestamp is 4f3e31c5 (Fri Feb 17 19:53:57 2012)

 Preferred load address is 00010000

 Start         Length     Name                   Class
 0001:00000000 0000c7e4H .text                   CODE
 0001:0000c7f0 00004c33H .text$s                 CODE
 0002:00000000 000001a0H .idata$5                DATA
 0002:000001a0 00000560H .rdata                  DATA
 0002:00000700 00000059H .rdata$debug            DATA
 0002:00000760 00000008H .rdata$sxdata           DATA
 0002:00000768 0000025cH .xdata$x                DATA
 0003:00000000 00000198H .data                   DATA
 0003:000001a0 00000070H .bss                    DATA
 0004:00000000 00001eb8H PAGE                    CODE
 0004:00001ec0 000004ebH PAGE$s                  CODE
 0005:00000000 000002bbH INIT                    CODE
 0005:000002c0 000000b9H INIT$s                  CODE
 0005:0000037c 00000028H .idata$2                CODE
 0005:000003a4 00000014H .idata$3                CODE
 0005:000003b8 000001a0H .idata$4                CODE
 0005:00000558 00000904H .idata$6                CODE
 0006:00000000 00000058H .rsrc$01                DATA
 0006:00000060 00000388H .rsrc$02                DATA

  Address         Publics by Value              Rva+Base       Lib:Object

 0000:00000002       ___safe_se_handler_count   00000002     <absolute>
 0001:00000010       _DokanFastIoCheckIfPossible@32 00011010 f   dokan.obj
 0001:00000040       _DokanAcquireForCreateSection@4 00011040 f   dokan.obj
 0001:000000a0       _DokanReleaseForCreateSection@4 000110a0 f   dokan.obj
 0001:000000f0       _DokanFilterCallbackAcquireForCreateSection@8 000110f0 f   dokan.obj
 0001:00000160       _DbgRaiseAssertionFailure@0 00011160 f i dokan.obj
 0001:00000170       _IoGetCurrentIrpStackLocation@4 00011170 f i dokan.obj
 0001:000001d0       _DokanNoOpAcquire@8        000111d0 f   dokan.obj
 0001:00000260       _DokanNoOpRelease@4        00011260 f   dokan.obj
 0001:000002f0       _DokanPrintNTStatus@4      000112f0 f   dokan.obj
 0001:000005b0       _DokanNotifyReportChange0@16 000115b0 f   dokan.obj
 0001:000006e0       _DokanNotifyReportChange@12 000116e0 f   dokan.obj
 0001:00000740       _PrintIdType@4             00011740 f   dokan.obj
 0001:00000880       _DokanCheckCCB@8           00011880 f   dokan.obj
 0001:00000970       _DokanAllocateMdl@8        00011970 f   dokan.obj
 0001:00000aa0       _DokanFreeMdl@4            00011aa0 f   dokan.obj
 0001:00000ae0       _DokanInitIrpList@4        00011ae0 f   init.obj
 0001:00000b20       _InitializeListHead@4      00011b20 f i init.obj
 0001:00000b40       _KeInitializeSpinLock@4    00011b40 f i init.obj
 0001:00000b60       _DokanCreateGlobalDiskDevice@8 00011b60 f   init.obj
 0001:00000d10       _DokanRegisterUncProvider@4 00011d10 f   init.obj
 0001:00000da0       _AllocateUnicodeString@4   00011da0 f   init.obj
 0001:00000e60       _FreeUnicodeString@4       00011e60 f   init.obj
 0001:00000e90       _DokanCreateDiskDevice@28  00011e90 f   init.obj
 0001:000016d0       _ExInitializeFastMutex@4   000126d0 f i init.obj
 0001:00001710       _FsRtlSetupAdvancedHeader@8 00012710 f i init.obj
 0001:00001790       _RtlStringCchCopyW@12      00012790 f i init.obj
 0001:000017e0       _RtlStringCchCatW@12       000127e0 f i init.obj
 0001:000019f0       _DokanDeleteDeviceObject@4 000129f0 f   init.obj
 0001:00001c20       _DokanAllocateFCB@4        00012c20 f   create.obj
 0001:00001dc0       _InsertTailList@8          00012dc0 f i create.obj
 0001:00001e00       _DokanGetFCB@12            00012e00 f   create.obj
 0001:00001fc0       _DokanFreeFCB@4            00012fc0 f   create.obj
 0001:00002130       _RemoveEntryList@4         00013130 f i create.obj
 0001:00002170       _DokanAllocateCCB@8        00013170 f   create.obj
 0001:000022b0       _DokanFreeCCB@4            000132b0 f   create.obj
 0001:00002380       _DokanUnicodeStringChar@8  00013380 f   create.obj
 0001:000023d0       _SetFileObjectForVCB@8     000133d0 f   create.obj
 0001:00002400       _DokanCompleteCreate@8     00013400 f   create.obj
 0001:00002760       _DokanDispatchClose@8      00013760 f   close.obj
 0001:00002bc0       _DokanIrpCancelRoutine@8   00013bc0 f   event.obj
 0001:00002da0       _IsListEmpty@4             00013da0 f i event.obj
 0001:00002dc0       _ExFreeToNPagedLookasideList@8 00013dc0 f i event.obj
 0001:00002e20       _RegisterPendingIrpMain@24 00013e20 f   event.obj
 0001:00003010       _ExAllocateFromNPagedLookasideList@4 00014010 f i event.obj
 0001:00003080       _IoMarkIrpPending@4        00014080 f i event.obj
 0001:000030b0       _DokanRegisterPendingIrp@16 000140b0 f   event.obj
 0001:00003150       _DokanRegisterPendingIrpForEvent@8 00014150 f   event.obj
 0001:000031b0       _DokanRegisterPendingIrpForService@8 000141b0 f   event.obj
 0001:00003220       _DokanCompleteIrp@8        00014220 f   event.obj
 0001:00003580       _DokanEventStart@8         00014580 f   event.obj
 0001:00003ae0       _DokanEventWrite@8         00014ae0 f   event.obj
 0001:00003e60       _DokanDispatchDirectoryControl@8 00014e60 f   directory.obj
 0001:000040d0       _DokanQueryDirectory@8     000150d0 f   directory.obj
 0001:00004670       _DokanNotifyChangeDirectory@8 00015670 f   directory.obj
 0001:000047b0       _DokanCompleteDirectoryControl@8 000157b0 f   directory.obj
 0001:00004a10       _DokanDispatchQueryInformation@8 00015a10 f   fileinfo.obj
 0001:000050a0       _DokanCompleteQueryInformation@8 000160a0 f   fileinfo.obj
 0001:00005260       _DokanDispatchSetInformation@8 00016260 f   fileinfo.obj
 0001:00005910       _DokanCompleteSetInformation@8 00016910 f   fileinfo.obj
 0001:00005e30       _DokanDispatchRead@8       00016e30 f   read.obj
 0001:00006320       _DokanCompleteRead@8       00017320 f   read.obj
 0001:00006610       _DokanDispatchWrite@8      00017610 f   write.obj
 0001:00006c80       _DokanCompleteWrite@8      00017c80 f   write.obj
 0001:00006e10       _DokanDispatchQueryVolumeInformation@8 00017e10 f   volume.obj
 0001:00007290       _DokanCompleteQueryVolumeInformation@8 00018290 f   volume.obj
 0001:000073e0       _DokanDispatchSetVolumeInformation@8 000183e0 f   volume.obj
 0001:00007480       _DokanDispatchCleanup@8    00018480 f   cleanup.obj
 0001:00007800       _DokanCompleteCleanup@8    00018800 f   cleanup.obj
 0001:00007980       _DokanDispatchLock@8       00018980 f   lock.obj
 0001:00007de0       _DokanCompleteLock@8       00018de0 f   lock.obj
 0001:00007ec0       _DokanUnmount@4            00018ec0 f   timeout.obj
 0001:00008020       _DokanCheckKeepAlive@4     00019020 f   timeout.obj
 0001:00008100       _ReleaseTimeoutPendingIrp@4 00019100 f   timeout.obj
 0001:000083b0       _RemoveHeadList@4          000193b0 f i timeout.obj
 0001:000083f0       _DokanResetPendingIrpTimeout@8 000193f0 f   timeout.obj
 0001:00008560       _DokanTimeoutThread@4      00019560 f   timeout.obj
 0001:00008670       _DokanStartCheckThread@4   00019670 f   timeout.obj
 0001:00008710       _DokanStopCheckThread@4    00019710 f   timeout.obj
 0001:000087b0       _DokanUpdateTimeout@8      000197b0 f   timeout.obj
 0001:00008830       _DokanDispatchFlush@8      00019830 f   flush.obj
 0001:00008b70       _DokanCompleteFlush@8      00019b70 f   flush.obj
 0001:00008c80       _PrintUnknownDeviceIoctlCode@4 00019c80 f   device.obj
 0001:00008de0       _GlobalDeviceControl@8     00019de0 f   device.obj
 0001:00008f70       _DiskDeviceControl@8       00019f70 f   device.obj
 0001:000099b0       _DokanDispatchDeviceControl@8 0001a9b0 f   device.obj
 0001:00009d60       _DokanUserFsRequest@8      0001ad60 f   fscontrol.obj
 0001:0000a790       _DokanDispatchFileSystemControl@8 0001b790 f   fscontrol.obj
 0001:0000aac0       _SetCommonEventContext@16  0001bac0 f   notification.obj
 0001:0000ab40       _AllocateEventContextRaw@4 0001bb40 f   notification.obj
 0001:0000abb0       _AllocateEventContext@16   0001bbb0 f   notification.obj
 0001:0000ac10       _DokanFreeEventContext@4   0001bc10 f   notification.obj
 0001:0000ac40       _DokanEventNotification@8  0001bc40 f   notification.obj
 0001:0000acc0       _ReleasePendingIrp@4       0001bcc0 f   notification.obj
 0001:0000ae50       _NotificationLoop@8        0001be50 f   notification.obj
 0001:0000b130       _NotificationThread@4      0001c130 f   notification.obj
 0001:0000b270       _DokanStartEventNotificationThread@4 0001c270 f   notification.obj
 0001:0000b320       _DokanStopEventNotificationThread@4 0001c320 f   notification.obj
 0001:0000b3c0       _DokanEventRelease@4       0001c3c0 f   notification.obj
 0001:0000b560       _DokanDispatchQuerySecurity@8 0001c560 f   security.obj
 0001:0000b950       _DokanCompleteQuerySecurity@8 0001c950 f   security.obj
 0001:0000bb50       _DokanDispatchSetSecurity@8 0001cb50 f   security.obj
 0001:0000bf80       _DokanCompleteSetSecurity@8 0001cf80 f   security.obj
 0001:0000c080       _DokanGetAccessToken@8     0001d080 f   access.obj
 0001:0000c3d9       @__security_check_cookie@4 0001d3d9 f   BufferOverflowK:secchk.obj
 0001:0000c3ee       ___report_gsfailure        0001d3ee f   BufferOverflowK:gs_report.obj
 0001:0000c41a       _memset                    0001d41a f   ntoskrnl:ntoskrnl.exe
 0001:0000c426       _DbgPrint                  0001d426 f   ntoskrnl:ntoskrnl.exe
 0001:0000c440       __except_handler4          0001d440 f   ntoskrnl:chandler4.obj
 0001:0000c59a       _memcpy                    0001d59a f   ntoskrnl:ntoskrnl.exe
 0001:0000c5a8       __local_unwind4            0001d5a8 f   ntoskrnl:exsup4.obj
 0001:0000c67e       __seh_longjmp_unwind4@4    0001d67e f   ntoskrnl:exsup4.obj
 0001:0000c69a       @_EH4_CallFilterFunc@8     0001d69a f   ntoskrnl:exsup4.obj
 0001:0000c6b1       @_EH4_TransferToHandler@8  0001d6b1 f   ntoskrnl:exsup4.obj
 0001:0000c6ca       @_EH4_GlobalUnwind@4       0001d6ca f   ntoskrnl:exsup4.obj
 0001:0000c6e4       @_EH4_LocalUnwind@16       0001d6e4 f   ntoskrnl:exsup4.obj
 0001:0000c700       __NLG_Notify1              0001d700 f   ntoskrnl:_nlgsupp.obj
 0001:0000c709       __NLG_Notify               0001d709 f   ntoskrnl:_nlgsupp.obj
 0001:0000c720       __NLG_Dispatch2            0001d720     ntoskrnl:_nlgsupp.obj
 0001:0000c720       __NLG_Dispatch             0001d720     ntoskrnl:_nlgsupp.obj
 0001:0000c728       __NLG_Call                 0001d728 f   ntoskrnl:_nlgsupp.obj
 0001:0000c72a       __NLG_Return2              0001d72a     ntoskrnl:_nlgsupp.obj
 0001:0000c730       _RtlUnwind@16              0001d730 f   ntoskrnl:ntoskrnl.exe
 0001:0000c73b       _WdmlibRtlInitUnicodeStringEx@8 0001d73b f   wdmsec:wlwrap.obj
 0001:0000c798       _RtlULongAdd@12            0001d798 f i wdmsec:cmregutil.obj
 0001:0000c7c6       __snwprintf                0001d7c6 f   wdmsec:ntoskrnl.exe
 0001:0000c7d2       __wcsnicmp                 0001d7d2 f   wdmsec:ntoskrnl.exe
 0001:0000c7de       _wcschr                    0001d7de f   wdmsec:ntoskrnl.exe
 0001:0000c7f0       ??_C@_0CG@IKMLNFC@?$FLDokanFS?$FN?5DokanFastIoCheckIfPoss@FNODOBFM@ 0001d7f0     dokan.obj
 0001:0000c820       ??_C@_0CI@EPAGIBIG@?$FLDokanFS?$FN?5DokanAcquireForCreateS@FNODOBFM@ 0001d820     dokan.obj
 0001:0000c850       ??_C@_0CI@OBEHLELH@?$FLDokanFS?$FN?5DokanReleaseForCreateS@FNODOBFM@ 0001d850     dokan.obj
 0001:0000c880       ??_C@_0DG@GEEHCBAI@?$FLDokanFS?$FN?5DokanFilterCallbackAcq@FNODOBFM@ 0001d880     dokan.obj
 0001:0000c8c0       ??_C@_0CM@LOONDNKF@Irp?9?$DOCurrentLocation?5?$DM?$DN?5Irp?9?$DOSta@FNODOBFM@ 0001d8c0     dokan.obj
 0001:0000c8f0       ??_C@_0CF@LIHGPBLF@c?3?2winddk?27600?416385?41?2inc?2ddk?2w@FNODOBFM@ 0001d8f0     dokan.obj
 0001:0000c920       ??_C@_0CA@PBMLOPME@?$FLDokanFS?$FN?5?$DM?$DN?$DN?5DokanNoOpAcquire?6?$AA@FNODOBFM@ 0001d920     dokan.obj
 0001:0000c940       ??_C@_0BL@GKLKFIBL@IoGetTopLevelIrp?$CI?$CJ?5?$DN?$DN?5NULL?$AA@FNODOBFM@ 0001d940     dokan.obj
 0001:0000c960       ??_C@_0CJ@DPJMHEGK@d?3?2code?2oss?2dokanx?2trunk?2src?2sys@FNODOBFM@ 0001d960     dokan.obj
 0001:0000c990       ??_C@_0CA@EJEKMGMO@?$FLDokanFS?$FN?5?$DN?$DN?$DO?5DokanNoOpAcquire?6?$AA@FNODOBFM@ 0001d990     dokan.obj
 0001:0000c9b0       ??_C@_0CA@CPPKELMG@?$FLDokanFS?$FN?5?$DM?$DN?$DN?5DokanNoOpRelease?6?$AA@FNODOBFM@ 0001d9b0     dokan.obj
 0001:0000c9d0       ??_C@_0DG@BIDPEDCH@IoGetTopLevelIrp?$CI?$CJ?5?$DN?$DN?5?$CIPIRP?$CJFSRT@FNODOBFM@ 0001d9d0     dokan.obj
 0001:0000ca10       ??_C@_0CA@JHHLGCMM@?$FLDokanFS?$FN?5?$DN?$DN?$DO?5DokanNoOpRelease?6?$AA@FNODOBFM@ 0001da10     dokan.obj
 0001:0000ca30       ??_C@_0CM@OMPFBOKD@?$FLDokanFS?$FN?5?5?5status?5?$DN?5STATUS_INVA@FNODOBFM@ 0001da30     dokan.obj
 0001:0000ca60       ??_C@_0DB@KBKGBLCN@?$FLDokanFS?$FN?5?5?5status?5?$DN?5STATUS_INVA@FNODOBFM@ 0001da60     dokan.obj
 0001:0000caa0       ??_C@_0CP@MMMAIAFD@?$FLDokanFS?$FN?5?5?5status?5?$DN?5STATUS_INVA@FNODOBFM@ 0001daa0     dokan.obj
 0001:0000cad0       ??_C@_0CO@OFDIJPJG@?$FLDokanFS?$FN?5?5?5status?5?$DN?5STATUS_ACCE@FNODOBFM@ 0001dad0     dokan.obj
 0001:0000cb00       ??_C@_0CL@EFENEEFK@?$FLDokanFS?$FN?5?5?5status?5?$DN?5STATUS_ACCE@FNODOBFM@ 0001db00     dokan.obj
 0001:0000cb30       ??_C@_0DE@PPEDOBLC@?$FLDokanFS?$FN?5?5?5status?5?$DN?5STATUS_OBJE@FNODOBFM@ 0001db30     dokan.obj
 0001:0000cb70       ??_C@_0DD@DECLIMMJ@?$FLDokanFS?$FN?5?5?5status?5?$DN?5STATUS_OBJE@FNODOBFM@ 0001db70     dokan.obj
 0001:0000cbb0       ??_C@_0DB@BLHKICAA@?$FLDokanFS?$FN?5?5?5status?5?$DN?5STATUS_OBJE@FNODOBFM@ 0001dbb0     dokan.obj
 0001:0000cbf0       ??_C@_0DD@MBJJFGDB@?$FLDokanFS?$FN?5?5?5status?5?$DN?5STATUS_OBJE@FNODOBFM@ 0001dbf0     dokan.obj
 0001:0000cc30       ??_C@_0DD@HNEGOHKO@?$FLDokanFS?$FN?5?5?5status?5?$DN?5STATUS_OBJE@FNODOBFM@ 0001dc30     dokan.obj
 0001:0000cc70       ??_C@_0DB@OMHGHBIG@?$FLDokanFS?$FN?5?5?5status?5?$DN?5STATUS_OBJE@FNODOBFM@ 0001dc70     dokan.obj
 0001:0000ccb0       ??_C@_0CP@GPHEGDDO@?$FLDokanFS?$FN?5?5?5status?5?$DN?5STATUS_SHAR@FNODOBFM@ 0001dcb0     dokan.obj
 0001:0000cce0       ??_C@_0DB@OAMFLFMK@?$FLDokanFS?$FN?5?5?5status?5?$DN?5STATUS_FILE@FNODOBFM@ 0001dce0     dokan.obj
 0001:0000cd20       ??_C@_0CN@MLEEMHCC@?$FLDokanFS?$FN?5?5?5status?5?$DN?5STATUS_BUFF@FNODOBFM@ 0001dd20     dokan.obj
 0001:0000cd50       ??_C@_0CN@NNPOCGKC@?$FLDokanFS?$FN?5?5?5status?5?$DN?5STATUS_NOT_@FNODOBFM@ 0001dd50     dokan.obj
 0001:0000cd80       ??_C@_0CK@COFLJLPM@?$FLDokanFS?$FN?5?5?5status?5?$DN?5STATUS_NO_S@FNODOBFM@ 0001dd80     dokan.obj
 0001:0000cdb0       ??_C@_0CJ@NONEPMJA@?$FLDokanFS?$FN?5?5?5status?5?$DN?5STATUS_END_@FNODOBFM@ 0001ddb0     dokan.obj
 0001:0000cde0       ??_C@_0CL@LNPELHDF@?$FLDokanFS?$FN?5?5?5status?5?$DN?5STATUS_NO_M@FNODOBFM@ 0001dde0     dokan.obj
 0001:0000ce10       ??_C@_0CF@NOEELBMN@?$FLDokanFS?$FN?5?5?5status?5?$DN?5STATUS_SUCC@FNODOBFM@ 0001de10     dokan.obj
 0001:0000ce40       ??_C@_0CH@KKAAIKHK@?$FLDokanFS?$FN?5?$DM?$DN?$DN?5DokanNotifyReportC@FNODOBFM@ 0001de40     dokan.obj
 0001:0000ce70       ??_C@_0BB@DIJGLHAJ@FileName?5?$CB?$DN?5NULL?$AA@FNODOBFM@ 0001de70     dokan.obj
 0001:0000ce90       ??_C@_0M@DJEDCO@Fcb?5?$CB?$DN?5NULL?$AA@FNODOBFM@ 0001de90     dokan.obj
 0001:0000cea0       ??_C@_0CL@DJMDGADF@?$FLDokanFS?$FN?5?$DN?$DN?$DO?5DokanNotifyReportC@FNODOBFM@ 0001dea0     dokan.obj
 0001:0000ced0       ??_C@_0BP@BODMPJOP@?$FLDokanFS?$FN?5?5?5?5IdType?5?$DN?5Unknown?6?$AA@FNODOBFM@ 0001ded0     dokan.obj
 0001:0000cef0       ??_C@_0BL@IGCGALEK@?$FLDokanFS?$FN?5?5?5?5IdType?5?$DN?5CCB?6?$AA@FNODOBFM@ 0001def0     dokan.obj
 0001:0000cf10       ??_C@_0BL@EOMGIEDK@?$FLDokanFS?$FN?5?5?5?5IdType?5?$DN?5FCB?6?$AA@FNODOBFM@ 0001df10     dokan.obj
 0001:0000cf30       ??_C@_0BL@COCGBDLI@?$FLDokanFS?$FN?5?5?5?5IdType?5?$DN?5VCB?6?$AA@FNODOBFM@ 0001df30     dokan.obj
 0001:0000cf50       ??_C@_0BL@DEAGNHFK@?$FLDokanFS?$FN?5?5?5?5IdType?5?$DN?5DCB?6?$AA@FNODOBFM@ 0001df50     dokan.obj
 0001:0000cf70       ??_C@_0BM@BDKEEAAI@?$FLDokanFS?$FN?5?5?5?5?5IdType?5?$DN?5DGL?6?$AA@FNODOBFM@ 0001df70     dokan.obj
 0001:0000cf90       ??_C@_0BN@DLILNCAO@?$FLDokanFS?$FN?5?5?5?5?5IdType?5?$DN?5NULL?6?$AA@FNODOBFM@ 0001df90     dokan.obj
 0001:0000cfb0       ??_C@_0BJ@PPGOBPAI@?$FLDokanFS?$FN?5?5?5Not?5mounted?6?$AA@FNODOBFM@ 0001dfb0     dokan.obj
 0001:0000cfd0       ??_C@_0CD@OFJFFPNM@?$FLDokanFS?$FN?5?5?5?5MountId?5is?5differen@FNODOBFM@ 0001dfd0     dokan.obj
 0001:0000d000       ??_C@_0BK@MHNBHP@?$FLDokanFS?$FN?5?5?5?5ccb?5is?5NULL?6?$AA@FNODOBFM@ 0001e000     dokan.obj
 0001:0000d020       ??_C@_0M@OMACNNLB@Dcb?5?$CB?$DN?5NULL?$AA@FNODOBFM@ 0001e020     dokan.obj
 0001:0000d030       ??_C@_0CJ@CJAHMIDH@?$FLDokanFS?$FN?5?5?5?5?5MmProveAndLockPage@FNODOBFM@ 0001e030     dokan.obj
 0001:0000d060       ??_C@_0CL@FLOELNCF@?$FLDokanFS?$FN?5?5?5?5?5IoAllocateMdl?5retu@FNODOBFM@ 0001e060     dokan.obj
 0001:0000d090       ??_C@_0CM@NGAHAIMI@?$FLDokanFS?$FN?5SymbolicLink?3?5?$CFwZ?5?9?$DO?5?$CF@FNODOBFM@ 0001e090     init.obj
 0001:0000d0c0       ??_C@_0DA@KADHBLIL@?$FLDokanFS?$FN?5?5?5IoCreateSymbolicLink@FNODOBFM@ 0001e0c0     init.obj
 0001:0000d0f0       ??_C@_0CK@JFHFFEJI@?$FLDokanFS?$FN?5DokanGlobalDevice?3?5?$CFwZ@FNODOBFM@ 0001e0f0     init.obj
 0001:0000d120       ??_C@_0CK@GGKOHIED@?$FLDokanFS?$FN?5?5?5IoCreateDevice?5retur@FNODOBFM@ 0001e120     init.obj
 0001:0000d150       ??_C@_1DC@JJHBEEBC@?$AA?2?$AAD?$AAo?$AAs?$AAD?$AAe?$AAv?$AAi?$AAc?$AAe?$AAs?$AA?2?$AAG?$AAl?$AAo?$AAb?$AAa?$AAl?$AA?2?$AAD?$AAo?$AAk?$AAa?$AAn?$AA?$AA@FNODOBFM@ 0001e150     init.obj
 0001:0000d190       ??_C@_1BM@FHCNJMDP@?$AA?2?$AAD?$AAe?$AAv?$AAi?$AAc?$AAe?$AA?2?$AAD?$AAo?$AAk?$AAa?$AAn?$AA?$AA@FNODOBFM@ 0001e190     init.obj
 0001:0000d1b0       ??_C@_0DD@FAGCANDG@?$FLDokanFS?$FN?5?5?5FsRtlRegisterUncProv@FNODOBFM@ 0001e1b0     init.obj
 0001:0000d1f0       ??_C@_0CO@DHCNNMME@?$FLDokanFS?$FN?5?5?5FsRtlRegisterUncProv@FNODOBFM@ 0001e1f0     init.obj
 0001:0000d220       ??_C@_0CN@KHBLAECP@?$FLDokanFS?$FN?5PsCreateSystemThread?5f@FNODOBFM@ 0001e220     init.obj
 0001:0000d250       ??_C@_1M@BDMGMBEO@?$AAD?$AAO?$AAK?$AAA?$AAN?$AA?$AA@FNODOBFM@ 0001e250     init.obj
 0001:0000d260       ??_C@_0CO@EAKMMBMJ@?$FLDokanFS?$FN?5DokanFileSystemDevice?3@FNODOBFM@ 0001e260     init.obj
 0001:0000d290       ??_C@_0DO@HBCNDPCK@?$FLDokanFS?$FN?5?5?5IoCreateDevice?5?$CIFILE@FNODOBFM@ 0001e290     init.obj
 0001:0000d2d0       ??_C@_0CI@OIOBPMJE@?$FLDokanFS?$FN?5DokanDiskDevice?3?5?$CFwZ?5c@FNODOBFM@ 0001e2d0     init.obj
 0001:0000d300       ??_C@_0DH@IKLDOEAL@?$FLDokanFS?$FN?5?5?5IoCreateDevice?5?$CIDISK@FNODOBFM@ 0001e300     init.obj
 0001:0000d340       ??_C@_1DE@BONIMFNN@?$AA?2?$AAD?$AAo?$AAs?$AAD?$AAe?$AAv?$AAi?$AAc?$AAe?$AAs?$AA?2?$AAG?$AAl?$AAo?$AAb?$AAa?$AAl?$AA?2?$AAV?$AAo?$AAl?$AAu?$AAm?$AAe?$AA?$AA@FNODOBFM@ 0001e340     init.obj
 0001:0000d380       ??_C@_1BO@LGPKALII@?$AA?2?$AAD?$AAe?$AAv?$AAi?$AAc?$AAe?$AA?2?$AAV?$AAo?$AAl?$AAu?$AAm?$AAe?$AA?$AA@FNODOBFM@ 0001e380     init.obj
 0001:0000d3a0       ??_C@_1EG@LEKJENPI@?$AA?2?$AAD?$AAo?$AAs?$AAD?$AAe?$AAv?$AAi?$AAc?$AAe?$AAs?$AA?2?$AAG?$AAl?$AAo?$AAb?$AAa?$AAl?$AA?2?$AAD?$AAo?$AAk?$AAa?$AAn?$AAR?$AAe?$AAd?$AAi?$AAr?$AAe?$AAc?$AAt@FNODOBFM@ 0001e3a0     init.obj
 0001:0000d3f0       ??_C@_1DA@PLMHAKFB@?$AA?2?$AAD?$AAe?$AAv?$AAi?$AAc?$AAe?$AA?2?$AAD?$AAo?$AAk?$AAa?$AAn?$AAR?$AAe?$AAd?$AAi?$AAr?$AAe?$AAc?$AAt?$AAo?$AAr?$AA?$AA@FNODOBFM@ 0001e3f0     init.obj
 0001:0000d420       ??_C@_0CG@HEILOJAE@?$FLDokanFS?$FN?5?5?5Delete?5Disk?5DeviceOb@FNODOBFM@ 0001e420     init.obj
 0001:0000d450       ??_C@_0CB@DOGPFBBN@?$FLDokanFS?$FN?5?5?5Delete?5DeviceObject?6@FNODOBFM@ 0001e450     init.obj
 0001:0000d480       ??_C@_0BP@HLKDCHBP@?$FLDokanFS?$FN?5?5?5CCB?5?5?5?5?5freed?3?5?$CFd?6?$AA@FNODOBFM@ 0001e480     init.obj
 0001:0000d4a0       ??_C@_0BP@FKCBBM@?$FLDokanFS?$FN?5?5?5CCB?5allocated?3?5?$CFd?6?$AA@FNODOBFM@ 0001e4a0     init.obj
 0001:0000d4c0       ??_C@_0BP@EFCJKKKF@?$FLDokanFS?$FN?5?5?5FCB?5?5?5?5?5freed?3?5?$CFd?6?$AA@FNODOBFM@ 0001e4c0     init.obj
 0001:0000d4e0       ??_C@_0BP@DONAKMKG@?$FLDokanFS?$FN?5?5?5FCB?5allocated?3?5?$CFd?6?$AA@FNODOBFM@ 0001e4e0     init.obj
 0001:0000d500       ??_C@_0CH@EHBKKOJP@?$FLDokanFS?$FN?5?5?5Delete?5Symbolic?5Name@FNODOBFM@ 0001e500     init.obj
 0001:0000d530       ??_C@_0BO@BLAMILI@GetIdentifierType?$CIDcb?$CJ?5?$DN?$DN?5DCB?$AA@FNODOBFM@ 0001e530     init.obj
 0001:0000d550       ??_C@_0CI@HPAIHNGE@d?3?2code?2oss?2dokanx?2trunk?2src?2sys@FNODOBFM@ 0001e550     init.obj
 0001:0000d580       ??_C@_0M@MCBKONC@Vcb?5?$CB?$DN?5NULL?$AA@FNODOBFM@ 0001e580     create.obj
 0001:0000d590       ??_C@_0M@BIAIJING@fcb?5?$CB?$DN?5NULL?$AA@FNODOBFM@ 0001e590     create.obj
 0001:0000d5a0       ??_C@_0CK@COGPFALE@d?3?2code?2oss?2dokanx?2trunk?2src?2sys@FNODOBFM@ 0001e5a0     create.obj
 0001:0000d5d0       ??_C@_0BK@BKIFELDL@?$FLDokanFS?$FN?5?5?5Allocate?5FCB?6?$AA@FNODOBFM@ 0001e5d0     create.obj
 0001:0000d5f0       ??_C@_0BJ@DKOJNHB@?$FLDokanFS?$FN?5?5?5Free?5FCB?3?$CFX?6?$AA@FNODOBFM@ 0001e5f0     create.obj
 0001:0000d610       ??_C@_0M@IAKLOPMG@ccb?5?$CB?$DN?5NULL?$AA@FNODOBFM@ 0001e610     create.obj
 0001:0000d620       ??_C@_0CD@JEIOEDHC@?$FLDokanFS?$FN?5?$DM?$DN?$DN?5DokanCompleteCreat@FNODOBFM@ 0001e620     create.obj
 0001:0000d650       ??_C@_0DA@JEJLMCEI@?$FLDokanFS?$FN?5?5?5?5IRP_MJ_CREATE?5faile@FNODOBFM@ 0001e650     create.obj
 0001:0000d680       ??_C@_0CF@DDDPGJCJ@?$FLDokanFS?$FN?5?5?5DOKAN_FILE_DIRECTORY@FNODOBFM@ 0001e680     create.obj
 0001:0000d6b0       ??_C@_0CE@DADOHPOC@?$FLDokanFS?$FN?5?5?5FILE_DIRECTORY_FILE?5@FNODOBFM@ 0001e6b0     create.obj
 0001:0000d6e0       ??_C@_0BH@EAIJBCJD@?$FLDokanFS?$FN?5?5?5info?5?$DN?5?$CFd?6?$AA@FNODOBFM@ 0001e6e0     create.obj
 0001:0000d700       ??_C@_0BJ@DBOGLDMN@?$FLDokanFS?$FN?5?5?5FILE_EXISTS?6?$AA@FNODOBFM@ 0001e700     create.obj
 0001:0000d720       ??_C@_0CB@NDKIMKHL@?$FLDokanFS?$FN?5?5?5FILE_DOES_NOT_EXIST?6@FNODOBFM@ 0001e720     create.obj
 0001:0000d750       ??_C@_0BO@LFKPLKGF@?$FLDokanFS?$FN?5?5?5FILE_OVERWRITTEN?6?$AA@FNODOBFM@ 0001e750     create.obj
 0001:0000d770       ??_C@_0BK@HLBJLEBL@?$FLDokanFS?$FN?5?5?5FILE_CREATED?6?$AA@FNODOBFM@ 0001e770     create.obj
 0001:0000d790       ??_C@_0BJ@INLHPHCF@?$FLDokanFS?$FN?5?5?5FILE_OPENED?6?$AA@FNODOBFM@ 0001e790     create.obj
 0001:0000d7b0       ??_C@_0BK@EIDMBJFC@?$FLDokanFS?$FN?5?5?5FileName?3?$CFwZ?6?$AA@FNODOBFM@ 0001e7b0     create.obj
 0001:0000d7d0       ??_C@_0CD@EHOAOKEB@?$FLDokanFS?$FN?5?$DN?$DN?$DO?5DokanCompleteCreat@FNODOBFM@ 0001e7d0     create.obj
 0001:0000d800       ??_C@_0BK@DBNPKCAH@?$FLDokanFS?$FN?5?$DM?$DN?$DN?5DokanClose?6?$AA@FNODOBFM@ 0001e800     close.obj
 0001:0000d820       ??_C@_0BN@NKLNCIKM@?$FLDokanFS?$FN?5?5?5?5UserContext?3?$CFX?6?$AA@FNODOBFM@ 0001e820     close.obj
 0001:0000d840       ??_C@_0CD@KFBKHIJJ@?$FLDokanFS?$FN?5?5?5?5eventContext?5?$DN?$DN?5NUL@FNODOBFM@ 0001e840     close.obj
 0001:0000d870       ??_C@_0BK@BEIAHCPG@?$FLDokanFS?$FN?5?5?5?5Free?5CCB?3?$CFX?6?$AA@FNODOBFM@ 0001e870     close.obj
 0001:0000d890       ??_C@_0CJ@FCABGGBL@d?3?2code?2oss?2dokanx?2trunk?2src?2sys@FNODOBFM@ 0001e890     close.obj
 0001:0000d8c0       ??_C@_0CN@ODNMEACG@?$FLDokanFS?$FN?5?5?5FileName?3?5?$CFwZ?5FCB?4Fi@FNODOBFM@ 0001e8c0     close.obj
 0001:0000d8f0       ??_C@_0BL@MFADMBAH@?$FLDokanFS?$FN?5?5?5ProcessId?5?$CFlu?6?$AA@FNODOBFM@ 0001e8f0     close.obj
 0001:0000d910       ??_C@_0CA@JHNOCGDJ@?$FLDokanFS?$FN?5?5?5fileObject?5is?5NULL?6?$AA@FNODOBFM@ 0001e910     close.obj
 0001:0000d930       ??_C@_0BK@ODNGBGEN@?$FLDokanFS?$FN?5?$DN?$DN?$DO?5DokanClose?6?$AA@FNODOBFM@ 0001e930     close.obj
 0001:0000d950       ??_C@_0CF@FOPNHIJF@EX?3?5Pageable?5code?5called?5at?5IRQL@FNODOBFM@ 0001e950     close.obj
 0001:0000d980       ??_C@_0CF@EADAOCL@?$FLDokanFS?$FN?5?$DM?$DN?$DN?5DokanIrpCancelRout@FNODOBFM@ 0001e980     event.obj
 0001:0000d9b0       ??_C@_0BP@JGGBIIEC@?$FLDokanFS?$FN?5?5?5?5canceled?5IRP?5?$CD?$CFX?6?$AA@FNODOBFM@ 0001e9b0     event.obj
 0001:0000d9d0       ??_C@_0O@KCFBMMAN@irpSp?5?$CB?$DN?5NULL?$AA@FNODOBFM@ 0001e9d0     event.obj
 0001:0000d9e0       ??_C@_0CF@LCLMJH@KeGetCurrentIrql?$CI?$CJ?5?$DM?$DN?5DISPATCH_L@FNODOBFM@ 0001e9e0     event.obj
 0001:0000da10       ??_C@_0CJ@IGIOOMLD@d?3?2code?2oss?2dokanx?2trunk?2src?2sys@FNODOBFM@ 0001ea10     event.obj
 0001:0000da40       ??_C@_0CF@FPGCKDDJ@?$FLDokanFS?$FN?5?$DN?$DN?$DO?5DokanIrpCancelRout@FNODOBFM@ 0001ea40     event.obj
 0001:0000da70       ??_C@_0CG@JKNLAJPG@?$FLDokanFS?$FN?5?5?5can?8t?5allocate?5IRP_E@FNODOBFM@ 0001ea70     event.obj
 0001:0000daa0       ??_C@_0CC@MGOCLBPK@?$FLDokanFS?$FN?5?5device?5is?5not?5mounted@FNODOBFM@ 0001eaa0     event.obj
 0001:0000dad0       ??_C@_0P@BKIHJMEI@?5?5Type?5?$CB?$DN?5VCB?6?$AA@FNODOBFM@ 0001ead0     event.obj
 0001:0000dae0       ??_C@_0CN@EMIJEOFG@?$FLDokanFS?$FN?5DokanRegisterPendingIr@FNODOBFM@ 0001eae0     event.obj
 0001:0000db10       ??_C@_0BK@PEFAPKGP@?$FLDokanFS?$FN?5Unknown?5IRP?5?$CFd?6?$AA@FNODOBFM@ 0001eb10     event.obj
 0001:0000db30       ??_C@_0CL@LOBOLDGE@irpEntry?9?$DOCancelRoutineFreeMemor@FNODOBFM@ 0001eb30     event.obj
 0001:0000db60       ??_C@_0BC@GDFMLKCO@eventInfo?5?$CB?$DN?5NULL?$AA@FNODOBFM@ 0001eb60     event.obj
 0001:0000db80       ??_C@_0BP@KGJPLIIL@?$FLDokanFS?$FN?5?$DM?$DN?$DN?5DokanEventStart?6?$AA@FNODOBFM@ 0001eb80     event.obj
 0001:0000dba0       ??_C@_0BL@GCENEJCG@?$FLDokanFS?$FN?5?5?5KEEP_ALIVE_ON?6?$AA@FNODOBFM@ 0001eba0     event.obj
 0001:0000dbc0       ??_C@_0BL@GALFPLE@?$FLDokanFS?$FN?5?5?5ALT_STREAM_ON?6?$AA@FNODOBFM@ 0001ebc0     event.obj
 0001:0000dbe0       ??_C@_0BM@CJOMOLCC@?$FLDokanFS?$FN?5?5?5DeviceName?3?$CFws?6?$AA@FNODOBFM@ 0001ebe0     event.obj
 0001:0000dc00       ??_C@_0BI@EMCBCKNG@?$FLDokanFS?$FN?5?5?5MountId?3?$CFd?6?$AA@FNODOBFM@ 0001ec00     event.obj
 0001:0000dc20       ??_C@_0DL@KMCNKBIC@?$FLDokanFS?$FN?5?5?5DeviceCharacteristic@FNODOBFM@ 0001ec20     event.obj
 0001:0000dc60       ??_C@_0CF@JGCJOHHF@?$FLDokanFS?$FN?5?5?5Unknown?5device?5type?3@FNODOBFM@ 0001ec60     event.obj
 0001:0000dc90       ??_C@_0BP@JKBDLNLM@?$FLDokanFS?$FN?5?$DN?$DN?$DO?5DokanEventStart?6?$AA@FNODOBFM@ 0001ec90     event.obj
 0001:0000dcb0       ??_C@_0P@FBHHDKCM@buffer?5?$CB?$DN?5NULL?$AA@FNODOBFM@ 0001ecb0     event.obj
 0001:0000dcc0       ??_C@_0DG@EHIHLINJ@?$FLDokanFS?$FN?5?5?5EventWrite?3?5STATUS_I@FNODOBFM@ 0001ecc0     event.obj
 0001:0000dd00       ??_C@_0BF@MHJMPOCN@eventContext?5?$CB?$DN?5NULL?$AA@FNODOBFM@ 0001ed00     event.obj
 0001:0000dd20       ??_C@_0BD@OEDMEEFH@eventIrpSp?5?$CB?$DN?5NULL?$AA@FNODOBFM@ 0001ed20     event.obj
 0001:0000dd40       ??_C@_0BD@PCHHAGOO@writeIrpSp?5?$CB?$DN?5NULL?$AA@FNODOBFM@ 0001ed40     event.obj
 0001:0000dd60       ??_C@_0CP@NPCDIIHM@?$FLDokanFS?$FN?5?$DN?$DN?$DO?5DokanEventWrite?5?$FLE@FNODOBFM@ 0001ed60     event.obj
 0001:0000dd90       ??_C@_0CF@CKKFDFOD@?$FLDokanFS?$FN?5?$DM?$DN?$DN?5DokanDirectoryCont@FNODOBFM@ 0001ed90     directory.obj
 0001:0000ddc0       ??_C@_0CE@NNFNBLIE@?$FLDokanFS?$FN?5?5?5invalid?5minor?5functi@FNODOBFM@ 0001edc0     directory.obj
 0001:0000ddf0       ??_C@_0CB@LNMFBLNK@?$FLDokanFS?$FN?5?5?5?5fileObject?5is?5NULL?6@FNODOBFM@ 0001edf0     directory.obj
 0001:0000de20       ??_C@_0CF@HBMEJIPB@?$FLDokanFS?$FN?5?$DN?$DN?$DO?5DokanDirectoryCont@FNODOBFM@ 0001ee20     directory.obj
 0001:0000de50       ??_C@_0CG@LLPGOOHH@?$FLDokanFS?$FN?5?5?5?5?5ccb?9?$DOSearchPattern@FNODOBFM@ 0001ee50     directory.obj
 0001:0000de80       ??_C@_0BP@LMGFKPFL@?$FLDokanFS?$FN?5?5?5?5?5ccb?9?$DOContext?5?$CFd?6?$AA@FNODOBFM@ 0001ee80     directory.obj
 0001:0000dea0       ??_C@_0BP@IDBLECIC@?$FLDokanFS?$FN?5?5?5?5?5SL_RESTART_SCAN?6?$AA@FNODOBFM@ 0001eea0     directory.obj
 0001:0000dec0       ??_C@_0CC@CIINPOKC@?$FLDokanFS?$FN?5?5?5?5?5using?5FileIndex?5?$CFd@FNODOBFM@ 0001eec0     directory.obj
 0001:0000def0       ??_C@_0BN@MEKBDBGL@?$FLDokanFS?$FN?5?5?5?5?5initial?5query?6?$AA@FNODOBFM@ 0001eef0     directory.obj
 0001:0000df10       ??_C@_0CG@CGNMJPDL@?$FLDokanFS?$FN?5?5?5unknown?5FileInfoClas@FNODOBFM@ 0001ef10     directory.obj
 0001:0000df40       ??_C@_0CM@CAAJMIKB@?$FLDokanFS?$FN?5?5?5FileIdBothDirectoryI@FNODOBFM@ 0001ef40     directory.obj
 0001:0000df70       ??_C@_0CK@HLJDCNNJ@?$FLDokanFS?$FN?5?5?5FileBothDirectoryInf@FNODOBFM@ 0001ef70     directory.obj
 0001:0000dfa0       ??_C@_0CC@GGNPPJBI@?$FLDokanFS?$FN?5?5?5FileNamesInformation@FNODOBFM@ 0001efa0     directory.obj
 0001:0000dfd0       ??_C@_0CK@BIEHMLJD@?$FLDokanFS?$FN?5?5?5FileFullDirectoryInf@FNODOBFM@ 0001efd0     directory.obj
 0001:0000e000       ??_C@_0CG@NNNCILCK@?$FLDokanFS?$FN?5?5?5FileDirectoryInforma@FNODOBFM@ 0001f000     directory.obj
 0001:0000e030       ??_C@_0BJ@CEAJLOHJ@?$FLDokanFS?$FN?5?5?5pattern?3?$CFwZ?6?$AA@FNODOBFM@ 0001f030     directory.obj
 0001:0000e050       ??_C@_0BK@IGCAOHPF@?$FLDokanFS?$FN?5?5?5restart?5scan?6?$AA@FNODOBFM@ 0001f050     directory.obj
 0001:0000e070       ??_C@_0CB@MKBJOKNP@?$FLDokanFS?$FN?5?5?5return?5single?5entry?6@FNODOBFM@ 0001f070     directory.obj
 0001:0000e0a0       ??_C@_0CA@HAKFNENA@?$FLDokanFS?$FN?5?5?5index?5specified?5?$CFd?6?$AA@FNODOBFM@ 0001f0a0     directory.obj
 0001:0000e0c0       ??_C@_0CN@IAFHGCMJ@d?3?2code?2oss?2dokanx?2trunk?2src?2sys@FNODOBFM@ 0001f0c0     directory.obj
 0001:0000e0f0       ??_C@_0CC@LOJNLIKH@?$FLDokanFS?$FN?5?7NotifyChangeDirectory@FNODOBFM@ 0001f0f0     directory.obj
 0001:0000e120       ??_C@_0CN@BCFEEHCO@?$FLDokanFS?$FN?5?$DM?$DN?$DN?5DokanCompleteDirec@FNODOBFM@ 0001f120     directory.obj
 0001:0000e150       ??_C@_0CL@ELMFLBPN@?$FLDokanFS?$FN?5?5?5?5?5eventInfo?9?$DOStatus?5@FNODOBFM@ 0001f150     directory.obj
 0001:0000e180       ??_C@_0CP@JDMMEFDG@?$FLDokanFS?$FN?5?5?5?5?5eventInfo?9?$DOBufferL@FNODOBFM@ 0001f180     directory.obj
 0001:0000e1b0       ??_C@_0CP@GLAGLLC@?$FLDokanFS?$FN?5?5?5?5?5eventInfo?9?$DODirecto@FNODOBFM@ 0001f1b0     directory.obj
 0001:0000e1e0       ??_C@_0CN@IGNNOBPD@?$FLDokanFS?$FN?5?$DN?$DN?$DO?5DokanCompleteDirec@FNODOBFM@ 0001f1e0     directory.obj
 0001:0000e210       ??_C@_0CF@GEHBBPFJ@?$FLDokanFS?$FN?5?$DM?$DN?$DN?5DokanQueryInformat@FNODOBFM@ 0001f210     fileinfo.obj
 0001:0000e240       ??_C@_0BN@FDONLKBH@?$FLDokanFS?$FN?5?5?5unknown?5type?3?$CFd?6?$AA@FNODOBFM@ 0001f240     fileinfo.obj
 0001:0000e260       ??_C@_0CD@FJGMIOCO@?$FLDokanFS?$FN?5?5?5FileStreamInformatio@FNODOBFM@ 0001f260     fileinfo.obj
 0001:0000e290       ??_C@_0BA@GIAFHMFK@posInfo?5?$CB?$DN?5NULL?$AA@FNODOBFM@ 0001f290     fileinfo.obj
 0001:0000e2a0       ??_C@_0CF@EBAPOOEA@?$FLDokanFS?$FN?5?5?5FilePositionInformat@FNODOBFM@ 0001f2a0     fileinfo.obj
 0001:0000e2d0       ??_C@_0CI@CAOOIFJ@?$FLDokanFS?$FN?5?5?5FileNetworkOpenInfor@FNODOBFM@ 0001f2d0     fileinfo.obj
 0001:0000e300       ??_C@_0BB@BCJAAGO@nameInfo?5?$CB?$DN?5NULL?$AA@FNODOBFM@ 0001f300     fileinfo.obj
 0001:0000e320       ??_C@_0CB@PPKJPPLD@?$FLDokanFS?$FN?5?5?5FileNameInformation?6@FNODOBFM@ 0001f320     fileinfo.obj
 0001:0000e350       ??_C@_0CI@HNNEFANE@?$FLDokanFS?$FN?5?5?5FileCompressionInfor@FNODOBFM@ 0001f350     fileinfo.obj
 0001:0000e380       ??_C@_0CJ@PJIOBCPM@?$FLDokanFS?$FN?5?5?5FileAttributeTagInfo@FNODOBFM@ 0001f380     fileinfo.obj
 0001:0000e3b0       ??_C@_0CK@OPIDOIJH@?$FLDokanFS?$FN?5?5?5FileAlternateNameInf@FNODOBFM@ 0001f3b0     fileinfo.obj
 0001:0000e3e0       ??_C@_0CA@HLPHGDPH@?$FLDokanFS?$FN?5?5?5FileAllInformation?6?$AA@FNODOBFM@ 0001f3e0     fileinfo.obj
 0001:0000e400       ??_C@_0CF@GAGEFKIL@?$FLDokanFS?$FN?5?5?5FileStandardInformat@FNODOBFM@ 0001f400     fileinfo.obj
 0001:0000e430       ??_C@_0BP@MONCBCHE@?$FLDokanFS?$FN?5?5?5FileEaInformation?6?$AA@FNODOBFM@ 0001f430     fileinfo.obj
 0001:0000e450       ??_C@_0CF@NFLDCMOG@?$FLDokanFS?$FN?5?5?5FileInternalInformat@FNODOBFM@ 0001f450     fileinfo.obj
 0001:0000e480       ??_C@_0CC@JPMENNKP@?$FLDokanFS?$FN?5?5?5FileBasicInformation@FNODOBFM@ 0001f480     fileinfo.obj
 0001:0000e4b0       ??_C@_0CM@FPKKIIKI@d?3?2code?2oss?2dokanx?2trunk?2src?2sys@FNODOBFM@ 0001f4b0     fileinfo.obj
 0001:0000e4e0       ??_C@_0CA@IEHHOGJM@?$FLDokanFS?$FN?5?5?5fileObject?5?$DN?$DN?5NULL?6?$AA@FNODOBFM@ 0001f4e0     fileinfo.obj
 0001:0000e500       ??_C@_0BO@PPCKJEGO@?$FLDokanFS?$FN?5?5?5FileInfoClass?5?$CFd?6?$AA@FNODOBFM@ 0001f500     fileinfo.obj
 0001:0000e520       ??_C@_0CF@DPBALCEL@?$FLDokanFS?$FN?5?$DN?$DN?$DO?5DokanQueryInformat@FNODOBFM@ 0001f520     fileinfo.obj
 0001:0000e550       ??_C@_0CN@FMIAGNJE@?$FLDokanFS?$FN?5?$DM?$DN?$DN?5DokanCompleteQuery@FNODOBFM@ 0001f550     fileinfo.obj
 0001:0000e580       ??_C@_0CN@MIAJMLEJ@?$FLDokanFS?$FN?5?$DN?$DN?$DO?5DokanCompleteQuery@FNODOBFM@ 0001f580     fileinfo.obj
 0001:0000e5b0       ??_C@_0CD@PGOFNKJP@?$FLDokanFS?$FN?5?$DM?$DN?$DN?5DokanSetInformatio@FNODOBFM@ 0001f5b0     fileinfo.obj
 0001:0000e5e0       ??_C@_0CJ@CDKFMLFK@?$FLDokanFS?$FN?5?5?5renameContext?9?$DOFileN@FNODOBFM@ 0001f5e0     fileinfo.obj
 0001:0000e610       ??_C@_0CO@DFPPEDBM@?$FLDokanFS?$FN?5?5?5renameContext?9?$DOFileN@FNODOBFM@ 0001f610     fileinfo.obj
 0001:0000e640       ??_C@_0CG@IKPJHEFJ@?$FLDokanFS?$FN?5?5?5FileObject?5Specified@FNODOBFM@ 0001f640     fileinfo.obj
 0001:0000e670       ??_C@_0CM@NIHBFHFI@?$FLDokanFS?$FN?5?5?5FileValidDataLengthI@FNODOBFM@ 0001f670     fileinfo.obj
 0001:0000e6a0       ??_C@_0CD@GPKLOOPG@?$FLDokanFS?$FN?5?5?5FileRenameInformatio@FNODOBFM@ 0001f6a0     fileinfo.obj
 0001:0000e6d0       ??_C@_0CK@CIMCPMON@?$FLDokanFS?$FN?5?5?5FilePositionInformat@FNODOBFM@ 0001f6d0     fileinfo.obj
 0001:0000e700       ??_C@_0CB@ICGAMPMC@?$FLDokanFS?$FN?5?5?5FileLinkInformation?6@FNODOBFM@ 0001f700     fileinfo.obj
 0001:0000e730       ??_C@_0CL@LHOBEGIN@?$FLDokanFS?$FN?5?5?5FileEndOfFileInforma@FNODOBFM@ 0001f730     fileinfo.obj
 0001:0000e760       ??_C@_0CI@HPOFLFF@?$FLDokanFS?$FN?5?5?5FileDispositionInfor@FNODOBFM@ 0001f760     fileinfo.obj
 0001:0000e790       ??_C@_0CM@JJJNELEH@?$FLDokanFS?$FN?5?5?5FileAllocationInform@FNODOBFM@ 0001f790     fileinfo.obj
 0001:0000e7c0       ??_C@_0CE@GKHEOPMG@?$FLDokanFS?$FN?5?$DN?$DN?$DO?5DokanSetInformatio@FNODOBFM@ 0001f7c0     fileinfo.obj
 0001:0000e7f0       ??_C@_0CL@JPCFOAOG@?$FLDokanFS?$FN?5?$DM?$DN?$DN?5DokanCompleteSetIn@FNODOBFM@ 0001f7f0     fileinfo.obj
 0001:0000e820       ??_C@_0BN@GBBABMCG@fcb?9?$DOFileName?4Buffer?5?$CB?$DN?5NULL?$AA@FNODOBFM@ 0001f820     fileinfo.obj
 0001:0000e840       ??_C@_0DA@HHPDAEPC@?$FLDokanFS?$FN?5?5?5?5FileObject?9?$DODeleteP@FNODOBFM@ 0001f840     fileinfo.obj
 0001:0000e870       ??_C@_0CP@DPOEFHMA@?$FLDokanFS?$FN?5?5?5?5FileObject?9?$DODeleteP@FNODOBFM@ 0001f870     fileinfo.obj
 0001:0000e8a0       ??_C@_0CN@HOLBLJBB@?$FLDokanFS?$FN?5?5?5Cannot?5delete?5user?5m@FNODOBFM@ 0001f8a0     fileinfo.obj
 0001:0000e8d0       ??_C@_0CL@LKPPEJGG@?$FLDokanFS?$FN?5?$DN?$DN?$DO?5DokanCompleteSetIn@FNODOBFM@ 0001f8d0     fileinfo.obj
 0001:0000e900       ??_C@_0BJ@IPLAAHFB@?$FLDokanFS?$FN?5?$DM?$DN?$DN?5DokanRead?6?$AA@FNODOBFM@ 0001f900     read.obj
 0001:0000e920       ??_C@_0BM@CHEPAADG@?$FLDokanFS?$FN?5?5?5STATUS_PENDING?6?$AA@FNODOBFM@ 0001f920     read.obj
 0001:0000e940       ??_C@_0BF@CFCLGHBC@?$FLDokanFS?$FN?5?5?5Nocache?6?$AA@FNODOBFM@ 0001f940     read.obj
 0001:0000e960       ??_C@_0BM@CNKBFBGG@?$FLDokanFS?$FN?5?5?5Synchronous?5IO?6?$AA@FNODOBFM@ 0001f960     read.obj
 0001:0000e980       ??_C@_0BH@MPHIOFEM@?$FLDokanFS?$FN?5?5?5Paging?5IO?6?$AA@FNODOBFM@ 0001f980     read.obj
 0001:0000e9a0       ??_C@_0CG@CBBCHEOD@?$FLDokanFS?$FN?5?5?5?5DOKAN_FILE_DIRECTOR@FNODOBFM@ 0001f9a0     read.obj
 0001:0000e9d0       ??_C@_0CI@BAHPFJMN@d?3?2code?2oss?2dokanx?2trunk?2src?2sys@FNODOBFM@ 0001f9d0     read.obj
 0001:0000ea00       ??_C@_0CI@DIJJKPOA@?$FLDokanFS?$FN?5?5?5ByteCount?3?$CFd?5ByteOff@FNODOBFM@ 0001fa00     read.obj
 0001:0000ea30       ??_C@_0CF@JKBCOGAC@?$FLDokanFS?$FN?5use?5FileObject?5ByteOff@FNODOBFM@ 0001fa30     read.obj
 0001:0000ea60       ??_C@_0BJ@ILIBLAHH@?$FLDokanFS?$FN?5?$DN?$DN?$DO?5DokanRead?6?$AA@FNODOBFM@ 0001fa60     read.obj
 0001:0000ea80       ??_C@_0CB@LCDGLODB@?$FLDokanFS?$FN?5?$DM?$DN?$DN?5DokanCompleteRead?6@FNODOBFM@ 0001fa80     read.obj
 0001:0000eab0       ??_C@_0BL@EOLEGKAI@?$FLDokanFS?$FN?5?5?5status?5?$DN?50x?$CFX?6?$AA@FNODOBFM@ 0001fab0     read.obj
 0001:0000ead0       ??_C@_0CA@GGDLNCBN@?$FLDokanFS?$FN?5?5?5STATUS_END_OF_FILE?6?$AA@FNODOBFM@ 0001fad0     read.obj
 0001:0000eaf0       ??_C@_0CL@GOHFFEFB@?$FLDokanFS?$FN?5?5?5STATUS_INSUFFICIENT_@FNODOBFM@ 0001faf0     read.obj
 0001:0000eb20       ??_C@_0BM@GCAHDFEP@?$FLDokanFS?$FN?5?5?5STATUS_SUCCESS?6?$AA@FNODOBFM@ 0001fb20     read.obj
 0001:0000eb40       ??_C@_0CN@NHPENONM@?$FLDokanFS?$FN?5?5?5Updated?5CurrentByteO@FNODOBFM@ 0001fb40     read.obj
 0001:0000eb70       ??_C@_0CO@KKFECHPL@?$FLDokanFS?$FN?5?5?5bufferLen?5?$CFd?0?5Event?4@FNODOBFM@ 0001fb70     read.obj
 0001:0000eba0       ??_C@_0CF@LCHPPPPE@?$FLDokanFS?$FN?5?$DN?$DN?$DO?5DokanCompleteRead?5@FNODOBFM@ 0001fba0     read.obj
 0001:0000ebd0       ??_C@_0BD@GPOKNFMJ@fileObject?5?$CB?$DN?5NULL?$AA@FNODOBFM@ 0001fbd0     read.obj
 0001:0000ebf0       ??_C@_0BK@IJAFLECI@?$FLDokanFS?$FN?5?$DM?$DN?$DN?5DokanWrite?6?$AA@FNODOBFM@ 0001fbf0     write.obj
 0001:0000ec10       ??_C@_0DA@HLGMIEEJ@?$FLDokanFS?$FN?5?5?5?5Offset?5?$CFd?3?$CFd?0?5Lengt@FNODOBFM@ 0001fc10     write.obj
 0001:0000ec40       ??_C@_0CG@NBMKALOI@?$FLDokanFS?$FN?5?5?5?5Offset?5?$CFd?3?$CFd?0?5Lengt@FNODOBFM@ 0001fc40     write.obj
 0001:0000ec70       ??_C@_0CH@GPMMEFNC@?$FLDokanFS?$FN?5?5?5WriteOffset?5?$DN?5end?5of@FNODOBFM@ 0001fc70     write.obj
 0001:0000eca0       ??_C@_0BM@HJDDKGKJ@?$FLDokanFS?$FN?5?5?5buffer?5?$DN?$DN?5NULL?6?$AA@FNODOBFM@ 0001fca0     write.obj
 0001:0000ecc0       ??_C@_0BM@HHCNBOOE@?$FLDokanFS?$FN?5?5?5use?5UserBuffer?6?$AA@FNODOBFM@ 0001fcc0     write.obj
 0001:0000ece0       ??_C@_0BM@EELKCHPB@?$FLDokanFS?$FN?5?5?5use?5MdlAddress?6?$AA@FNODOBFM@ 0001fce0     write.obj
 0001:0000ed00       ??_C@_0CJ@PJGIIBFE@d?3?2code?2oss?2dokanx?2trunk?2src?2sys@FNODOBFM@ 0001fd00     write.obj
 0001:0000ed30       ??_C@_0BK@FLAMAAGC@?$FLDokanFS?$FN?5?$DN?$DN?$DO?5DokanWrite?6?$AA@FNODOBFM@ 0001fd30     write.obj
 0001:0000ed50       ??_C@_0CC@MEIKFDMJ@?$FLDokanFS?$FN?5?$DM?$DN?$DN?5DokanCompleteWrite@FNODOBFM@ 0001fd50     write.obj
 0001:0000ed80       ??_C@_0CG@JACAKAF@?$FLDokanFS?$FN?5?$DN?$DN?$DO?5DokanCompleteWrite@FNODOBFM@ 0001fd80     write.obj
 0001:0000edb0       ??_C@_0CL@BHCLHKAI@?$FLDokanFS?$FN?5?$DM?$DN?$DN?5DokanQueryVolumeIn@FNODOBFM@ 0001fdb0     volume.obj
 0001:0000ede0       ??_C@_0CG@KDLJFCLH@?$FLDokanFS?$FN?5?5?5FileFsMaximumInforma@FNODOBFM@ 0001fde0     volume.obj
 0001:0000ee10       ??_C@_0CH@LPAGIBLM@?$FLDokanFS?$FN?5?5?5FileFsObjectIdInform@FNODOBFM@ 0001fe10     volume.obj
 0001:0000ee40       ??_C@_0CH@PHDJOIIC@?$FLDokanFS?$FN?5?5?5FileFsFullSizeInform@FNODOBFM@ 0001fe40     volume.obj
 0001:0000ee70       ??_C@_0CG@NNKDIPDP@?$FLDokanFS?$FN?5?5?5FileFsControlInforma@FNODOBFM@ 0001fe70     volume.obj
 0001:0000eea0       ??_C@_0CI@OMBOFBK@?$FLDokanFS?$FN?5?5?5FileFsAttributeInfor@FNODOBFM@ 0001fea0     volume.obj
 0001:0000eed0       ??_C@_0CF@HCNGNCDF@?$FLDokanFS?$FN?5?5?5FileFsDeviceInformat@FNODOBFM@ 0001fed0     volume.obj
 0001:0000ef00       ??_C@_0CD@DCGCDPAM@?$FLDokanFS?$FN?5?5?5FileFsSizeInformatio@FNODOBFM@ 0001ff00     volume.obj
 0001:0000ef30       ??_C@_0CE@KGBCACGA@?$FLDokanFS?$FN?5?5?5FileFsLabelInformati@FNODOBFM@ 0001ff30     volume.obj
 0001:0000ef60       ??_C@_0CF@IOKOJJEG@?$FLDokanFS?$FN?5?5?5FileFsVolumeInformat@FNODOBFM@ 0001ff60     volume.obj
 0001:0000ef90       ??_C@_0BL@FDDILAAA@?$FLDokanFS?$FN?5?5?5FileName?3?5?$CFwZ?6?$AA@FNODOBFM@ 0001ff90     volume.obj
 0001:0000efb0       ??_C@_0CL@DCPBNDII@?$FLDokanFS?$FN?5?$DN?$DN?$DO?5DokanQueryVolumeIn@FNODOBFM@ 0001ffb0     volume.obj
 0001:0000efe0       ??_C@_0DD@CNONABCH@?$FLDokanFS?$FN?5?$DM?$DN?$DN?5DokanCompleteQuery@FNODOBFM@ 0001ffe0     volume.obj
 0001:0000f020       ??_C@_0CK@EPKJIDNN@d?3?2code?2oss?2dokanx?2trunk?2src?2sys@FNODOBFM@ 00020020     volume.obj
 0001:0000f050       ??_C@_0DD@BGGBINHN@?$FLDokanFS?$FN?5?$DN?$DN?$DO?5DokanCompleteQuery@FNODOBFM@ 00020050     volume.obj
 0001:0000f090       ??_C@_0CI@OCLKFJHL@?$FLDokanFS?$FN?5?$DM?$DN?$DN?5DokanSetVolumeInfo@FNODOBFM@ 00020090     volume.obj
 0001:0000f0c0       ??_C@_0CJ@JGDFHJNK@?$FLDokanFS?$FN?5?$DN?$DN?$DO?5DokanSetVolumeInfo@FNODOBFM@ 000200c0     volume.obj
 0001:0000f0f0       ??_C@_0BM@HHGFJIAD@?$FLDokanFS?$FN?5?$DM?$DN?$DN?5DokanCleanup?6?$AA@FNODOBFM@ 000200f0     cleanup.obj
 0001:0000f110       ??_C@_0CL@HHMNGJDP@d?3?2code?2oss?2dokanx?2trunk?2src?2sys@FNODOBFM@ 00020110     cleanup.obj
 0001:0000f140       ??_C@_0BM@LBPPJKBA@?$FLDokanFS?$FN?5?$DN?$DN?$DO?5DokanCleanup?6?$AA@FNODOBFM@ 00020140     cleanup.obj
 0001:0000f160       ??_C@_0CE@OGOGAPK@?$FLDokanFS?$FN?5?$DM?$DN?$DN?5DokanCompleteClean@FNODOBFM@ 00020160     cleanup.obj
 0001:0000f190       ??_C@_0CE@LBGNGPEF@?$FLDokanFS?$FN?5?$DN?$DN?$DO?5DokanCompleteClean@FNODOBFM@ 00020190     cleanup.obj
 0001:0000f1c0       ??_C@_0BJ@FNIJPDKN@?$FLDokanFS?$FN?5?$DM?$DN?$DN?5DokanLock?6?$AA@FNODOBFM@ 000201c0     lock.obj
 0001:0000f1e0       ??_C@_0CH@BMAAHCIC@?$FLDokanFS?$FN?5?5?5LockControl?4Length?5?$DN@FNODOBFM@ 000201e0     lock.obj
 0001:0000f210       ??_C@_0BN@HCKGNDJC@?$FLDokanFS?$FN?5?5?5?5get?5Context?5?$CFX?6?$AA@FNODOBFM@ 00020210     lock.obj
 0001:0000f230       ??_C@_0CI@KEKGNOAO@d?3?2code?2oss?2dokanx?2trunk?2src?2sys@FNODOBFM@ 00020230     lock.obj
 0001:0000f260       ??_C@_0CD@DGIKJIJB@?$FLDokanFS?$FN?5?5?5unknown?5function?5?3?5?$CF@FNODOBFM@ 00020260     lock.obj
 0001:0000f290       ??_C@_0CC@JACMAPCB@?$FLDokanFS?$FN?5?5?5IRP_MN_UNLOCK_SINGLE@FNODOBFM@ 00020290     lock.obj
 0001:0000f2c0       ??_C@_0CG@KLKJNJNH@?$FLDokanFS?$FN?5?5?5IRP_MN_UNLOCK_ALL_BY@FNODOBFM@ 000202c0     lock.obj
 0001:0000f2f0       ??_C@_0BP@FKPACAFN@?$FLDokanFS?$FN?5?5?5IRP_MN_UNLOCK_ALL?6?$AA@FNODOBFM@ 000202f0     lock.obj
 0001:0000f310       ??_C@_0BJ@MPKBFGNG@?$FLDokanFS?$FN?5?5?5IRP_MN_LOCK?6?$AA@FNODOBFM@ 00020310     lock.obj
 0001:0000f330       ??_C@_0BJ@FJLIEEIL@?$FLDokanFS?$FN?5?$DN?$DN?$DO?5DokanLock?6?$AA@FNODOBFM@ 00020330     lock.obj
 0001:0000f350       ??_C@_0CB@GAAPEKMN@?$FLDokanFS?$FN?5?$DM?$DN?$DN?5DokanCompleteLock?6@FNODOBFM@ 00020350     lock.obj
 0001:0000f380       ??_C@_0CB@IAGCCCPK@?$FLDokanFS?$FN?5?$DN?$DN?$DO?5DokanCompleteLock?6@FNODOBFM@ 00020380     lock.obj
 0001:0000f3b0       ??_C@_0CL@BGKBOCAH@?$FLDokanFS?$FN?5?5?5Send?5Unmount?5to?5Serv@FNODOBFM@ 000203b0     timeout.obj
 0001:0000f3e0       ??_C@_0CG@PAHFFNDP@?$FLDokanFS?$FN?5?5?5Timeout?0?5force?5to?5um@FNODOBFM@ 000203e0     timeout.obj
 0001:0000f410       ??_C@_0CI@LBEMIDFB@?$FLDokanFS?$FN?5?$DM?$DN?$DN?5ReleaseTimeoutPend@FNODOBFM@ 00020410     timeout.obj
 0001:0000f440       ??_C@_0BM@OJAPGOFJ@?$FLDokanFS?$FN?5?5timeout?5Irp?5?$CD?$CFX?6?$AA@FNODOBFM@ 00020440     timeout.obj
 0001:0000f460       ??_C@_0BP@LKKJDDEE@?$FLDokanFS?$FN?5?5?5IrpQueue?5is?5Empty?6?$AA@FNODOBFM@ 00020460     timeout.obj
 0001:0000f480       ??_C@_0CL@JLLMMNLF@d?3?2code?2oss?2dokanx?2trunk?2src?2sys@FNODOBFM@ 00020480     timeout.obj
 0001:0000f4b0       ??_C@_0CI@IPPCGHHO@?$FLDokanFS?$FN?5?$DN?$DN?$DO?5ReleaseTimeoutPend@FNODOBFM@ 000204b0     timeout.obj
 0001:0000f4e0       ??_C@_0CG@OLEOIKPP@?$FLDokanFS?$FN?5?$DM?$DN?$DN?5ResetPendingIrpTim@FNODOBFM@ 000204e0     timeout.obj
 0001:0000f510       ??_C@_0CG@BIKMJKBK@?$FLDokanFS?$FN?5?$DN?$DN?$DO?5ResetPendingIrpTim@FNODOBFM@ 00020510     timeout.obj
 0001:0000f540       ??_C@_0CC@HNGFFDOM@?$FLDokanFS?$FN?5?$DM?$DN?$DN?5DokanTimeoutThread@FNODOBFM@ 00020540     timeout.obj
 0001:0000f570       ??_C@_0DC@OCGKLIEG@?$FLDokanFS?$FN?5?5?5DokanTimeoutThread?5c@FNODOBFM@ 00020570     timeout.obj
 0001:0000f5b0       ??_C@_0CC@MFDIJLIL@?$FLDokanFS?$FN?5?$DN?$DN?$DO?5DokanTimeoutThread@FNODOBFM@ 000205b0     timeout.obj
 0001:0000f5e0       ??_C@_0CF@CCOMMDFK@?$FLDokanFS?$FN?5?$DM?$DN?$DN?5DokanStartCheckThr@FNODOBFM@ 000205e0     timeout.obj
 0001:0000f610       ??_C@_0CF@HJINGOEI@?$FLDokanFS?$FN?5?$DN?$DN?$DO?5DokanStartCheckThr@FNODOBFM@ 00020610     timeout.obj
 0001:0000f640       ??_C@_0CE@FNJCCKKE@?$FLDokanFS?$FN?5?$DM?$DN?$DN?5DokanStopCheckThre@FNODOBFM@ 00020640     timeout.obj
 0001:0000f670       ??_C@_0CE@OCJBCFBL@?$FLDokanFS?$FN?5?$DN?$DN?$DO?5DokanStopCheckThre@FNODOBFM@ 00020670     timeout.obj
 0001:0000f6a0       ??_C@_0BK@EBGPJBNA@?$FLDokanFS?$FN?5?$DM?$DN?$DN?5DokanFlush?6?$AA@FNODOBFM@ 000206a0     flush.obj
 0001:0000f6c0       ??_C@_0CJ@EKMGJBFP@d?3?2code?2oss?2dokanx?2trunk?2src?2sys@FNODOBFM@ 000206c0     flush.obj
 0001:0000f6f0       ??_C@_0BK@JDGGCFJK@?$FLDokanFS?$FN?5?$DN?$DN?$DO?5DokanFlush?6?$AA@FNODOBFM@ 000206f0     flush.obj
 0001:0000f710       ??_C@_0CC@MOAHGDB@?$FLDokanFS?$FN?5?$DM?$DN?$DN?5DokanCompleteFlush@FNODOBFM@ 00020710     flush.obj
 0001:0000f740       ??_C@_0BN@EALAKBIL@?$FLDokanFS?$FN?5?5?5?5set?5Context?5?$CFX?6?$AA@FNODOBFM@ 00020740     flush.obj
 0001:0000f760       ??_C@_0CC@LELNLOFG@?$FLDokanFS?$FN?5?$DN?$DN?$DO?5DokanCompleteFlush@FNODOBFM@ 00020760     flush.obj
 0001:0000f790       ??_C@_0DH@CIEKOOON@?$FLDokanFS?$FN?5?5?5?5BaseCode?3?50x?$CFx?$CI?$CFs?$CJ?5@FNODOBFM@ 00020790     device.obj
 0001:0000f7d0       ??_C@_0BE@JMODBCOE@MOUNTMGRCONTROLTYPE?$AA@FNODOBFM@ 000207d0     device.obj
 0001:0000f7f0       ??_C@_0BE@MLEGKLLA@MOUNTDEVCONTROLTYPE?$AA@FNODOBFM@ 000207f0     device.obj
 0001:0000f810       ??_C@_0BC@JGOCJABF@IOCTL_VOLUME_BASE?$AA@FNODOBFM@ 00020810     device.obj
 0001:0000f830       ??_C@_0BA@DDIEMKOK@IOCTL_DISK_BASE?$AA@FNODOBFM@ 00020830     device.obj
 0001:0000f840       ??_C@_0BD@IGDCCGAI@IOCTL_STORAGE_BASE?$AA@FNODOBFM@ 00020840     device.obj
 0001:0000f860       ??_C@_0CA@MLJBHEGK@?$FLDokanFS?$FN?5?5?5?5Unknown?5Code?50x?$CFx?6?$AA@FNODOBFM@ 00020860     device.obj
 0001:0000f880       ??_C@_07CIFAGBMG@unknown?$AA@FNODOBFM@ 00020880     device.obj
 0001:0000f890       ??_C@_0DC@FIGGJMKG@?$FLDokanFS?$FN?5?5?5?5?$DM?$DN?5DokanGlobalDevic@FNODOBFM@ 00020890     device.obj
 0001:0000f8d0       ??_C@_0CG@BLHJFNMM@?$FLDokanFS?$FN?5?5?5IOCTL_SET_DEBUG_MODE@FNODOBFM@ 000208d0     device.obj
 0001:0000f900       ??_C@_0BP@JMDIBBKL@?$FLDokanFS?$FN?5?5?5IOCTL_EVENT_START?6?$AA@FNODOBFM@ 00020900     device.obj
 0001:0000f920       ??_C@_0CK@LPDILDNA@?$FLDokanFS?$FN?5?5?5?5?$DN?$DO?5DokanGlobalDevic@FNODOBFM@ 00020920     device.obj
 0001:0000f950       ??_C@_0CI@OAIFKOGG@?$FLDokanFS?$FN?5?5?5?5?$DM?$DN?5DokanDiskDeviceC@FNODOBFM@ 00020950     device.obj
 0001:0000f980       ??_C@_0CE@DJJBEJBG@?$FLDokanFS?$FN?5?5?5IOCTL_REDIR_QUERY_PA@FNODOBFM@ 00020980     device.obj
 0001:0000f9b0       ??_C@_0CI@CBCCMHDB@?$FLDokanFS?$FN?5?5?5?5IOCTL_STORAGE_EJECT@FNODOBFM@ 000209b0     device.obj
 0001:0000f9e0       ??_C@_0DD@KAHIOAGP@?$FLDokanFS?$FN?5?5?5?5IOCTL_VOLUME_GET_VO@FNODOBFM@ 000209e0     device.obj
 0001:0000fa20       ??_C@_0CI@BLKAJBHA@?$FLDokanFS?$FN?5?5?5?5IOCTL_VOLUME_IS_CLU@FNODOBFM@ 00020a20     device.obj
 0001:0000fa50       ??_C@_0CP@LCKDGOBC@?$FLDokanFS?$FN?5?5?5?5IOCTL_VOLUME_PHYSIC@FNODOBFM@ 00020a50     device.obj
 0001:0000fa80       ??_C@_0CF@OIPBPBHK@?$FLDokanFS?$FN?5?5?5?5IOCTL_VOLUME_READ_P@FNODOBFM@ 00020a80     device.obj
 0001:0000fab0       ??_C@_0CD@PEBMOHMH@?$FLDokanFS?$FN?5?5?5?5IOCTL_VOLUME_OFFLIN@FNODOBFM@ 00020ab0     device.obj
 0001:0000fae0       ??_C@_0CC@JEHABJOL@?$FLDokanFS?$FN?5?5?5?5IOCTL_VOLUME_ONLINE@FNODOBFM@ 00020ae0     device.obj
 0001:0000fb10       ??_C@_0CP@LKDODPF@?$FLDokanFS?$FN?5?5?5?5IOCTL_MOUNTDEV_QUER@FNODOBFM@ 00020b10     device.obj
 0001:0000fb40       ??_C@_0CK@EJLGGKAI@?$FLDokanFS?$FN?5?5?5?5IOCTL_MOUNTDEV_LINK@FNODOBFM@ 00020b40     device.obj
 0001:0000fb70       ??_C@_0BK@FNCEMBFM@?$FLDokanFS?$FN?5?5?5?5?5?5Name?3?5?$CFws?6?$AA@FNODOBFM@ 00020b70     device.obj
 0001:0000fb90       ??_C@_0CK@FFKADIDG@?$FLDokanFS?$FN?5?5?5?5IOCTL_MOUNTDEV_LINK@FNODOBFM@ 00020b90     device.obj
 0001:0000fbc0       ??_C@_0DH@NNIBNMMC@?$FLDokanFS?$FN?5?5?5?5IOCTL_MOUNTDEV_QUER@FNODOBFM@ 00020bc0     device.obj
 0001:0000fc00       ??_C@_0BM@CABNHGBP@?$FLDokanFS?$FN?5?5?5UniqueName?5?$CFws?6?$AA@FNODOBFM@ 00020c00     device.obj
 0001:0000fc20       ??_C@_0BB@NJKPEMBL@uniqueId?5?$CB?$DN?5NULL?$AA@FNODOBFM@ 00020c20     device.obj
 0001:0000fc40       ??_C@_0CN@PFANMNG@?$FLDokanFS?$FN?5?5?5?5IOCTL_MOUNTDEV_QUER@FNODOBFM@ 00020c40     device.obj
 0001:0000fc70       ??_C@_0BM@LMDNLHLA@?$FLDokanFS?$FN?5?5?5DeviceName?5?$CFwZ?6?$AA@FNODOBFM@ 00020c70     device.obj
 0001:0000fc90       ??_C@_0BF@BIJJGEON@mountdevName?5?$CB?$DN?5NULL?$AA@FNODOBFM@ 00020c90     device.obj
 0001:0000fcb0       ??_C@_0CP@MJDBJKGA@?$FLDokanFS?$FN?5?5?5?5IOCTL_MOUNTDEV_QUER@FNODOBFM@ 00020cb0     device.obj
 0001:0000fce0       ??_C@_0CJ@HPFJJEEH@?$FLDokanFS?$FN?5?5?5IOCTL_STORAGE_CHECK_@FNODOBFM@ 00020ce0     device.obj
 0001:0000fd10       ??_C@_0CI@MENDKJKJ@?$FLDokanFS?$FN?5?5?5IOCTL_STORAGE_CHECK_@FNODOBFM@ 00020d10     device.obj
 0001:0000fd40       ??_C@_0CF@FKGPKOCC@?$FLDokanFS?$FN?5?5?5IOCTL_DISK_CHECK_VER@FNODOBFM@ 00020d40     device.obj
 0001:0000fd70       ??_C@_0CO@JIHAIOPA@?$FLDokanFS?$FN?5?5?5?5IOCTL_VOLUME_GET_GP@FNODOBFM@ 00020d70     device.obj
 0001:0000fda0       ??_C@_0CM@PGFELGFE@?$FLDokanFS?$FN?5?5?5IOCTL_STORAGE_GET_HO@FNODOBFM@ 00020da0     device.obj
 0001:0000fdd0       ??_C@_0BP@DHNGKICK@?$FLDokanFS?$FN?5?5?5IOCTL_DISK_VERIFY?6?$AA@FNODOBFM@ 00020dd0     device.obj
 0001:0000fdf0       ??_C@_0CL@MICJOGHA@?$FLDokanFS?$FN?5?5?5IOCTL_DISK_SET_PARTI@FNODOBFM@ 00020df0     device.obj
 0001:0000fe20       ??_C@_0CJ@EBNPGGJH@?$FLDokanFS?$FN?5?5?5IOCTL_STORAGE_MEDIA_@FNODOBFM@ 00020e20     device.obj
 0001:0000fe50       ??_C@_0CG@DLCLIADI@?$FLDokanFS?$FN?5?5?5IOCTL_DISK_MEDIA_REM@FNODOBFM@ 00020e50     device.obj
 0001:0000fe80       ??_C@_0CE@NNDKAKCO@?$FLDokanFS?$FN?5?5?5IOCTL_DISK_IS_WRITAB@FNODOBFM@ 00020e80     device.obj
 0001:0000feb0       ??_C@_0CO@NLDAPMHH@?$FLDokanFS?$FN?5?5?5IOCTL_DISK_GET_PARTI@FNODOBFM@ 00020eb0     device.obj
 0001:0000fee0       ??_C@_0CL@GGACKGAM@?$FLDokanFS?$FN?5?5?5IOCTL_DISK_GET_PARTI@FNODOBFM@ 00020ee0     device.obj
 0001:0000ff10       ??_C@_0BG@FAEJFEHN@getLengthInfo?5?$CB?$DN?5NULL?$AA@FNODOBFM@ 00020f10     device.obj
 0001:0000ff30       ??_C@_0CI@EKEFHMPB@?$FLDokanFS?$FN?5?5?5IOCTL_DISK_GET_LENGT@FNODOBFM@ 00020f30     device.obj
 0001:0000ff60       ??_C@_0BF@BFKBDNPA@diskGeometry?5?$CB?$DN?5NULL?$AA@FNODOBFM@ 00020f60     device.obj
 0001:0000ff80       ??_C@_0CK@FENFEKOD@d?3?2code?2oss?2dokanx?2trunk?2src?2sys@FNODOBFM@ 00020f80     device.obj
 0001:0000ffb0       ??_C@_0CL@EDLIDOCK@?$FLDokanFS?$FN?5?5?5IOCTL_DISK_GET_DRIVE@FNODOBFM@ 00020fb0     device.obj
 0001:0000ffe0       ??_C@_0CI@HMFOFINP@?$FLDokanFS?$FN?5?5?5?5?$DN?$DO?5DokanDiskDeviceC@FNODOBFM@ 00020fe0     device.obj
 0001:00010010       ??_C@_0CG@KABGJPI@?$FLDokanFS?$FN?5?$DM?$DN?$DN?5DokanDispatchIoCon@FNODOBFM@ 00021010     device.obj
 0001:00010040       ??_C@_0BP@LGNBALPP@?$FLDokanFS?$FN?5?5?5IOCTL_EVENT_WRITE?6?$AA@FNODOBFM@ 00021040     device.obj
 0001:00010060       ??_C@_0CB@GNJGFAIG@?$FLDokanFS?$FN?5?5?5IOCTL_EVENT_RELEASE?6@FNODOBFM@ 00021060     device.obj
 0001:00010090       ??_C@_0CG@PJODHJBN@?$FLDokanFS?$FN?5?$DN?$DN?$DO?5DokanDispatchIoCon@FNODOBFM@ 00021090     device.obj
 0001:000100c0       ??_C@_0CA@PNGPDGCB@?$FLDokanFS?$FN?5?5?5?5?5Unknown?5FSCTL?5?$CFd?6?$AA@FNODOBFM@ 000210c0     fscontrol.obj
 0001:000100e0       ??_C@_0CB@OJHMFLEA@?$FLDokanFS?$FN?5?5?5?5?5FSCTL_RECALL_FILE?6@FNODOBFM@ 000210e0     fscontrol.obj
 0001:00010110       ??_C@_0CE@HNNGOBAN@?$FLDokanFS?$FN?5?5?5?5?5FSCTL_SIS_LINK_FIL@FNODOBFM@ 00021110     fscontrol.obj
 0001:00010140       ??_C@_0CC@MELPKOOM@?$FLDokanFS?$FN?5?5?5?5?5FSCTL_SIS_COPYFILE@FNODOBFM@ 00021140     fscontrol.obj
 0001:00010170       ??_C@_0CB@DDHCEJBD@?$FLDokanFS?$FN?5?5?5?5?5FSCTL_MARK_HANDLE?6@FNODOBFM@ 00021170     fscontrol.obj
 0001:000101a0       ??_C@_0CI@GJEBBDEF@?$FLDokanFS?$FN?5?5?5?5?5FSCTL_DELETE_USN_J@FNODOBFM@ 000211a0     fscontrol.obj
 0001:000101d0       ??_C@_0CH@MNHECFFD@?$FLDokanFS?$FN?5?5?5?5?5FSCTL_QUERY_USN_JO@FNODOBFM@ 000211d0     fscontrol.obj
 0001:00010200       ??_C@_0CD@HGNEMEBJ@?$FLDokanFS?$FN?5?5?5?5?5FSCTL_EXTEND_VOLUM@FNODOBFM@ 00021200     fscontrol.obj
 0001:00010230       ??_C@_0CM@OPOCNPMF@?$FLDokanFS?$FN?5?5?5?5?5FSCTL_WRITE_USN_CL@FNODOBFM@ 00021230     fscontrol.obj
 0001:00010260       ??_C@_0CI@FEOLJBLM@?$FLDokanFS?$FN?5?5?5?5?5FSCTL_READ_FILE_US@FNODOBFM@ 00021260     fscontrol.obj
 0001:00010290       ??_C@_0CI@FKHCDKLF@?$FLDokanFS?$FN?5?5?5?5?5FSCTL_CREATE_USN_J@FNODOBFM@ 00021290     fscontrol.obj
 0001:000102c0       ??_C@_0CI@LFHHHGFD@?$FLDokanFS?$FN?5?5?5?5?5FSCTL_READ_RAW_ENC@FNODOBFM@ 000212c0     fscontrol.obj
 0001:000102f0       ??_C@_0CJ@FJNADMBF@?$FLDokanFS?$FN?5?5?5?5?5FSCTL_WRITE_RAW_EN@FNODOBFM@ 000212f0     fscontrol.obj
 0001:00010320       ??_C@_0CJ@LFBPPLFK@?$FLDokanFS?$FN?5?5?5?5?5FSCTL_ENCRYPTION_F@FNODOBFM@ 00021320     fscontrol.obj
 0001:00010350       ??_C@_0CE@NCGLFMKA@?$FLDokanFS?$FN?5?5?5?5?5FSCTL_SET_ENCRYPTI@FNODOBFM@ 00021350     fscontrol.obj
 0001:00010380       ??_C@_0CM@BHCECEM@?$FLDokanFS?$FN?5?5?5?5?5FSCTL_QUERY_ALLOCA@FNODOBFM@ 00021380     fscontrol.obj
 0001:000103b0       ??_C@_0CD@HAIIEIAG@?$FLDokanFS?$FN?5?5?5?5?5FSCTL_SET_ZERO_DAT@FNODOBFM@ 000213b0     fscontrol.obj
 0001:000103e0       ??_C@_0CA@CLDDILCP@?$FLDokanFS?$FN?5?5?5?5?5FSCTL_SET_SPARSE?6?$AA@FNODOBFM@ 000213e0     fscontrol.obj
 0001:00010400       ??_C@_0CN@LCDCGJHI@?$FLDokanFS?$FN?5?5?5?5?5FSCTL_CREATE_OR_GE@FNODOBFM@ 00021400     fscontrol.obj
 0001:00010430       ??_C@_0CM@LGOLHHPJ@?$FLDokanFS?$FN?5?5?5?5?5FSCTL_SET_OBJECT_I@FNODOBFM@ 00021430     fscontrol.obj
 0001:00010460       ??_C@_0CG@KPLCGKMD@?$FLDokanFS?$FN?5?5?5?5?5FSCTL_READ_USN_JOU@FNODOBFM@ 00021460     fscontrol.obj
 0001:00010490       ??_C@_0CH@DFOPLHAM@?$FLDokanFS?$FN?5?5?5?5?5FSCTL_SECURITY_ID_@FNODOBFM@ 00021490     fscontrol.obj
 0001:000104c0       ??_C@_0CD@OJLFKLMH@?$FLDokanFS?$FN?5?5?5?5?5FSCTL_ENUM_USN_DAT@FNODOBFM@ 000214c0     fscontrol.obj
 0001:000104f0       ??_C@_0CK@PJEMMEMA@?$FLDokanFS?$FN?5?5?5?5?5FSCTL_DELETE_REPAR@FNODOBFM@ 000214f0     fscontrol.obj
 0001:00010520       ??_C@_0CH@GLFNJBFI@?$FLDokanFS?$FN?5?5?5?5?5FSCTL_GET_REPARSE_@FNODOBFM@ 00021520     fscontrol.obj
 0001:00010550       ??_C@_0CH@JBHHKHLA@?$FLDokanFS?$FN?5?5?5?5?5FSCTL_SET_REPARSE_@FNODOBFM@ 00021550     fscontrol.obj
 0001:00010580       ??_C@_0CG@HIHIHIF@?$FLDokanFS?$FN?5?5?5?5?5FSCTL_DELETE_OBJEC@FNODOBFM@ 00021580     fscontrol.obj
 0001:000105b0       ??_C@_0CD@NNPDKNBA@?$FLDokanFS?$FN?5?5?5?5?5FSCTL_GET_OBJECT_I@FNODOBFM@ 000215b0     fscontrol.obj
 0001:000105e0       ??_C@_0CD@BDONFHDM@?$FLDokanFS?$FN?5?5?5?5?5FSCTL_SET_OBJECT_I@FNODOBFM@ 000215e0     fscontrol.obj
 0001:00010610       ??_C@_0CH@HAOHKPPJ@?$FLDokanFS?$FN?5?5?5?5?5FSCTL_FIND_FILES_B@FNODOBFM@ 00021610     fscontrol.obj
 0001:00010640       ??_C@_0CM@IMGEIIKK@?$FLDokanFS?$FN?5?5?5?5?5FSCTL_ALLOW_EXTEND@FNODOBFM@ 00021640     fscontrol.obj
 0001:00010670       ??_C@_0CF@LHCEAPKM@?$FLDokanFS?$FN?5?5?5?5?5FSCTL_IS_VOLUME_DI@FNODOBFM@ 00021670     fscontrol.obj
 0001:000106a0       ??_C@_0BP@LCPIECFC@?$FLDokanFS?$FN?5?5?5?5?5FSCTL_MOVE_FILE?6?$AA@FNODOBFM@ 000216a0     fscontrol.obj
 0001:000106c0       ??_C@_0CM@OAAEHICN@?$FLDokanFS?$FN?5?5?5?5?5FSCTL_GET_RETRIEVA@FNODOBFM@ 000216c0     fscontrol.obj
 0001:000106f0       ??_C@_0CH@OKOGPPLK@?$FLDokanFS?$FN?5?5?5?5?5FSCTL_GET_VOLUME_B@FNODOBFM@ 000216f0     fscontrol.obj
 0001:00010720       ??_C@_0CK@OEDFPDNP@?$FLDokanFS?$FN?5?5?5?5?5FSCTL_GET_NTFS_FIL@FNODOBFM@ 00021720     fscontrol.obj
 0001:00010750       ??_C@_0CK@CONCPDKG@?$FLDokanFS?$FN?5?5?5?5?5FSCTL_GET_NTFS_VOL@FNODOBFM@ 00021750     fscontrol.obj
 0001:00010780       ??_C@_0CP@FDAICMGJ@?$FLDokanFS?$FN?5?5?5?5?5FSCTL_FILESYSTEM_G@FNODOBFM@ 00021780     fscontrol.obj
 0001:000107b0       ??_C@_0CL@MBAJKPHO@?$FLDokanFS?$FN?5?5?5?5?5FSCTL_REQUEST_FILT@FNODOBFM@ 000217b0     fscontrol.obj
 0001:000107e0       ??_C@_0CD@KFNIDIFJ@?$FLDokanFS?$FN?5?5?5?5?5FSCTL_QUERY_FAT_BP@FNODOBFM@ 000217e0     fscontrol.obj
 0001:00010810       ??_C@_0CI@JKIKMMKF@?$FLDokanFS?$FN?5?5?5?5?5FSCTL_INVALIDATE_V@FNODOBFM@ 00021810     fscontrol.obj
 0001:00010840       ??_C@_0CL@HKOGJAHP@?$FLDokanFS?$FN?5?5?5?5?5FSCTL_OPLOCK_BREAK@FNODOBFM@ 00021840     fscontrol.obj
 0001:00010870       ??_C@_0CJ@NCIPFKDF@?$FLDokanFS?$FN?5?5?5?5?5FSCTL_MARK_AS_SYST@FNODOBFM@ 00021870     fscontrol.obj
 0001:000108a0       ??_C@_0CF@NAKDEBIP@?$FLDokanFS?$FN?5?5?5?5?5FSCTL_SET_COMPRESS@FNODOBFM@ 000218a0     fscontrol.obj
 0001:000108d0       ??_C@_0CF@LEPKPPDN@?$FLDokanFS?$FN?5?5?5?5?5FSCTL_GET_COMPRESS@FNODOBFM@ 000218d0     fscontrol.obj
 0001:00010900       ??_C@_0CO@NONHDOFD@?$FLDokanFS?$FN?5?5?5?5?5FSCTL_QUERY_RETRIE@FNODOBFM@ 00021900     fscontrol.obj
 0001:00010930       ??_C@_0CH@BGBPPMKC@?$FLDokanFS?$FN?5?5?5?5?5FSCTL_MARK_VOLUME_@FNODOBFM@ 00021930     fscontrol.obj
 0001:00010960       ??_C@_0CH@MIBFIFPL@?$FLDokanFS?$FN?5?5?5?5?5FSCTL_IS_PATHNAME_@FNODOBFM@ 00021960     fscontrol.obj
 0001:00010990       ??_C@_0CH@CJLALILD@?$FLDokanFS?$FN?5?5?5?5?5FSCTL_IS_VOLUME_MO@FNODOBFM@ 00021990     fscontrol.obj
 0001:000109c0       ??_C@_0CF@OCMKDADF@?$FLDokanFS?$FN?5?5?5?5?5FSCTL_DISMOUNT_VOL@FNODOBFM@ 000219c0     fscontrol.obj
 0001:000109f0       ??_C@_0CD@JCGKKHNA@?$FLDokanFS?$FN?5?5?5?5?5FSCTL_UNLOCK_VOLUM@FNODOBFM@ 000219f0     fscontrol.obj
 0001:00010a20       ??_C@_0CB@PJFHHIJL@?$FLDokanFS?$FN?5?5?5?5?5FSCTL_LOCK_VOLUME?6@FNODOBFM@ 00021a20     fscontrol.obj
 0001:00010a50       ??_C@_0CJ@MIAPNNFM@?$FLDokanFS?$FN?5?5?5?5?5FSCTL_OPLOCK_BREAK@FNODOBFM@ 00021a50     fscontrol.obj
 0001:00010a80       ??_C@_0CP@NEGJPNFM@?$FLDokanFS?$FN?5?5?5?5?5FSCTL_OPBATCH_ACK_@FNODOBFM@ 00021a80     fscontrol.obj
 0001:00010ab0       ??_C@_0CO@DKGDKMGM@?$FLDokanFS?$FN?5?5?5?5?5FSCTL_OPLOCK_BREAK@FNODOBFM@ 00021ab0     fscontrol.obj
 0001:00010ae0       ??_C@_0CK@DBJOLDID@?$FLDokanFS?$FN?5?5?5?5?5FSCTL_REQUEST_BATC@FNODOBFM@ 00021ae0     fscontrol.obj
 0001:00010b10       ??_C@_0CM@NDAAHNGK@?$FLDokanFS?$FN?5?5?5?5?5FSCTL_REQUEST_OPLO@FNODOBFM@ 00021b10     fscontrol.obj
 0001:00010b40       ??_C@_0CM@NBEGMDDD@?$FLDokanFS?$FN?5?5?5?5?5FSCTL_REQUEST_OPLO@FNODOBFM@ 00021b40     fscontrol.obj
 0001:00010b70       ??_C@_0CG@NFKFINLI@?$FLDokanFS?$FN?5?$DM?$DN?$DN?5DokanFileSystemCon@FNODOBFM@ 00021b70     fscontrol.obj
 0001:00010ba0       ??_C@_0BI@PEKLFLIA@?$FLDokanFS?$FN?5?5?5unknown?5?$CFd?6?$AA@FNODOBFM@ 00021ba0     fscontrol.obj
 0001:00010bc0       ??_C@_0CC@FECDDCJJ@?$FLDokanFS?$FN?5?7?5IRP_MN_VERIFY_VOLUME@FNODOBFM@ 00021bc0     fscontrol.obj
 0001:00010bf0       ??_C@_0CE@LNNFPMEO@?$FLDokanFS?$FN?5?7?5IRP_MN_USER_FS_REQUE@FNODOBFM@ 00021bf0     fscontrol.obj
 0001:00010c20       ??_C@_0CC@IBACDFHO@?$FLDokanFS?$FN?5?5?5?5Not?5DokanDiskDevice@FNODOBFM@ 00021c20     fscontrol.obj
 0001:00010c50       ??_C@_0CB@OJLFNEHF@?$FLDokanFS?$FN?5?7?5IRP_MN_MOUNT_VOLUME?6@FNODOBFM@ 00021c50     fscontrol.obj
 0001:00010c80       ??_C@_0CF@NPILONAL@?$FLDokanFS?$FN?5?7?5IRP_MN_LOAD_FILE_SYS@FNODOBFM@ 00021c80     fscontrol.obj
 0001:00010cb0       ??_C@_0CA@FNDKILCM@?$FLDokanFS?$FN?5?7?5IRP_MN_KERNEL_CALL?6?$AA@FNODOBFM@ 00021cb0     fscontrol.obj
 0001:00010cd0       ??_C@_0CG@CGEHJNFN@?$FLDokanFS?$FN?5?$DN?$DN?$DO?5DokanFileSystemCon@FNODOBFM@ 00021cd0     fscontrol.obj
 0001:00010d00       ??_C@_0DA@KABPMCKM@d?3?2code?2oss?2dokanx?2trunk?2src?2sys@FNODOBFM@ 00021d00     notification.obj
 0001:00010d30       ??_C@_0CJ@FMIAEEFC@?$FLDokanFS?$FN?5?5?5bufferLen?3?5?$CFd?0?5event@FNODOBFM@ 00021d30     notification.obj
 0001:00010d60       ??_C@_0DH@NPDNIIKK@?$FLDokanFS?$FN?5EventNotice?5?3?5STATUS_I@FNODOBFM@ 00021d60     notification.obj
 0001:00010da0       ??_C@_0CC@GJOBNJNA@?$FLDokanFS?$FN?5?$DM?$DN?$DN?5NotificationThread@FNODOBFM@ 00021da0     notification.obj
 0001:00010dd0       ??_C@_0CH@IKEDFOIJ@?$FLDokanFS?$FN?5?5?5Can?8t?5allocate?5WAIT_@FNODOBFM@ 00021dd0     notification.obj
 0001:00010e00       ??_C@_0CC@NBLMBBLH@?$FLDokanFS?$FN?5?$DN?$DN?$DO?5NotificationThread@FNODOBFM@ 00021e00     notification.obj
 0001:00010e30       ??_C@_0DB@IKMLIEFK@?$FLDokanFS?$FN?5?$DM?$DN?$DN?5DokanStartEventNot@FNODOBFM@ 00021e30     notification.obj
 0001:00010e70       ??_C@_0DB@JOCDLAJD@?$FLDokanFS?$FN?5?$DN?$DN?$DO?5DokanStartEventNot@FNODOBFM@ 00021e70     notification.obj
 0001:00010eb0       ??_C@_0DA@LMJFJNFN@?$FLDokanFS?$FN?5?$DM?$DN?$DN?5DokanStopEventNoti@FNODOBFM@ 00021eb0     notification.obj
 0001:00010ee0       ??_C@_0DA@FFPNBLEB@?$FLDokanFS?$FN?5?$DN?$DN?$DO?5DokanStopEventNoti@FNODOBFM@ 00021ee0     notification.obj
 0001:00010f10       ??_C@_0DM@JFDAOHDF@?$FLDokanFS?$FN?5?5?5NotifyCleanup?5ccb?3?$CFX@FNODOBFM@ 00021f10     notification.obj
 0001:00010f50       ??_C@_0CC@KAFFGBPA@?$FLDokanFS?$FN?5?$DM?$DN?$DN?5DokanQuerySecurity@FNODOBFM@ 00021f50     security.obj
 0001:00010f80       ??_C@_0CK@PDGJACBL@?$FLDokanFS?$FN?5?5?5?5?5LABEL_SECURITY_INF@FNODOBFM@ 00021f80     security.obj
 0001:00010fb0       ??_C@_0CJ@GHKMPDAI@?$FLDokanFS?$FN?5?5?5?5?5SACL_SECURITY_INFO@FNODOBFM@ 00021fb0     security.obj
 0001:00010fe0       ??_C@_0CJ@OLANBONL@?$FLDokanFS?$FN?5?5?5?5?5DACL_SECURITY_INFO@FNODOBFM@ 00021fe0     security.obj
 0001:00011010       ??_C@_0CK@BFCPIMAF@?$FLDokanFS?$FN?5?5?5?5?5GROUP_SECURITY_INF@FNODOBFM@ 00022010     security.obj
 0001:00011040       ??_C@_0CK@HBHMFJBP@?$FLDokanFS?$FN?5?5?5?5?5OWNER_SECURITY_INF@FNODOBFM@ 00022040     security.obj
 0001:00011070       ??_C@_0BL@CKDCGMPJ@?$FLDokanFS?$FN?5?5?5?5?5ccb?5?$DN?$DN?5NULL?6?$AA@FNODOBFM@ 00022070     security.obj
 0001:00011090       ??_C@_0BM@BNAPFDKJ@?5?5?5?5DeviceExtension?5?$CB?$DN?5VCB?6?$AA@FNODOBFM@ 00022090     security.obj
 0001:000110b0       ??_C@_0CC@BIAIKJJH@?$FLDokanFS?$FN?5?$DN?$DN?$DO?5DokanQuerySecurity@FNODOBFM@ 000220b0     security.obj
 0001:000110e0       ??_C@_0CK@GGKNOGGD@?$FLDokanFS?$FN?5?$DM?$DN?$DN?5DokanCompleteQuery@FNODOBFM@ 000220e0     security.obj
 0001:00011110       ??_C@_0BJ@EMKAPADJ@?$FLDokanFS?$FN?5?5?5ccb?5?$DN?$DN?5NULL?6?$AA@FNODOBFM@ 00022110     security.obj
 0001:00011130       ??_C@_0CM@COLLMKHI@d?3?2code?2oss?2dokanx?2trunk?2src?2sys@FNODOBFM@ 00022130     security.obj
 0001:00011160       ??_C@_0CK@NDNGMGNB@?$FLDokanFS?$FN?5?$DN?$DN?$DO?5DokanCompleteQuery@FNODOBFM@ 00022160     security.obj
 0001:00011190       ??_C@_0CA@EBPGHHEG@?$FLDokanFS?$FN?5?$DM?$DN?$DN?5DokanSetSecurity?6?$AA@FNODOBFM@ 00022190     security.obj
 0001:000111b0       ??_C@_0DM@DGEEJBJN@?$FLDokanFS?$FN?5?5?5?5?5SecurityDescriptor@FNODOBFM@ 000221b0     security.obj
 0001:000111f0       ??_C@_0CA@PJHHFOEM@?$FLDokanFS?$FN?5?$DN?$DN?$DO?5DokanSetSecurity?6?$AA@FNODOBFM@ 000221f0     security.obj
 0001:00011210       ??_C@_0CI@MLGCBMFA@?$FLDokanFS?$FN?5?$DM?$DN?$DN?5DokanCompleteSetSe@FNODOBFM@ 00022210     security.obj
 0001:00011240       ??_C@_0CI@PFNMPIHP@?$FLDokanFS?$FN?5?$DN?$DN?$DO?5DokanCompleteSetSe@FNODOBFM@ 00022240     security.obj
 0001:00011270       ??_C@_0CD@JOFHLKHN@?$FLDokanFS?$FN?5?$DM?$DN?$DN?5DokanGetAccessToke@FNODOBFM@ 00022270     access.obj
 0001:000112a0       ??_C@_0DA@CHKPEDDA@?$FLDokanFS?$FN?5?5?5ObOpenObjectByPointe@FNODOBFM@ 000222a0     access.obj
 0001:000112d0       ??_C@_0CB@LOOIFAJJ@?$FLDokanFS?$FN?5?5?5accessToken?5?$DN?$DN?5NULL?6@FNODOBFM@ 000222d0     access.obj
 0001:00011300       ??_C@_0CI@ELEEJNGC@?$FLDokanFS?$FN?5?5?5can?8t?5find?5pending?5I@FNODOBFM@ 00022300     access.obj
 0001:00011330       ??_C@_0DB@IJJGPGNJ@?$FLDokanFS?$FN?5?5?5wrong?5input?5or?5outpu@FNODOBFM@ 00022330     access.obj
 0001:00011370       ??_C@_0CG@GLANEOBH@?$FLDokanFS?$FN?5?5?5GetIdentifierType?5?$CB?$DN@FNODOBFM@ 00022370     access.obj
 0001:000113a0       ??_C@_0CP@IJFECDEI@?$FLDokanFS?$FN?5?5?5needs?5to?5be?5called?5f@FNODOBFM@ 000223a0     access.obj
 0001:000113d0       ??_C@_0CK@IPJLOKPI@d?3?2code?2oss?2dokanx?2trunk?2src?2sys@FNODOBFM@ 000223d0     access.obj
 0001:00011400       ??_C@_0CD@ENDJBDEO@?$FLDokanFS?$FN?5?$DN?$DN?$DO?5DokanGetAccessToke@FNODOBFM@ 00022400     access.obj
 0002:00000000       __imp_@KfReleaseSpinLock@8 00023000     hal:HAL.dll
 0002:00000004       __imp__KeGetCurrentIrql@0  00023004     hal:HAL.dll
 0002:00000008       __imp_@KfAcquireSpinLock@4 00023008     hal:HAL.dll
 0002:0000000c       \177HAL_NULL_THUNK_DATA    0002300c     hal:HAL.dll
 0002:00000010       __imp__FsRtlRegisterFileSystemFilterCallbacks@8 00023010     ntoskrnl:ntoskrnl.exe
 0002:00000014       __imp__ExInitializeNPagedLookasideList@28 00023014     ntoskrnl:ntoskrnl.exe
 0002:00000018       __imp__FsRtlMdlWriteCompleteDev@16 00023018     ntoskrnl:ntoskrnl.exe
 0002:0000001c       __imp__FsRtlPrepareMdlWriteDev@28 0002301c     ntoskrnl:ntoskrnl.exe
 0002:00000020       __imp__FsRtlMdlReadCompleteDev@12 00023020     ntoskrnl:ntoskrnl.exe
 0002:00000024       __imp__FsRtlMdlReadDev@28  00023024     ntoskrnl:ntoskrnl.exe
 0002:00000028       __imp__FsRtlCopyWrite@32   00023028     ntoskrnl:ntoskrnl.exe
 0002:0000002c       __imp__FsRtlCopyRead@32    0002302c     ntoskrnl:ntoskrnl.exe
 0002:00000030       __imp__ExAllocatePoolWithTag@12 00023030     ntoskrnl:ntoskrnl.exe
 0002:00000034       __imp__memset              00023034     ntoskrnl:ntoskrnl.exe
 0002:00000038       __imp__ExDeleteNPagedLookasideList@4 00023038     ntoskrnl:ntoskrnl.exe
 0002:0000003c       __imp__IoDeleteSymbolicLink@4 0002303c     ntoskrnl:ntoskrnl.exe
 0002:00000040       __imp__RtlInitUnicodeString@8 00023040     ntoskrnl:ntoskrnl.exe
 0002:00000044       __imp__DbgPrint            00023044     ntoskrnl:ntoskrnl.exe
 0002:00000048       __imp_@IofCompleteRequest@8 00023048     ntoskrnl:ntoskrnl.exe
 0002:0000004c       __imp__RtlAssert@16        0002304c     ntoskrnl:ntoskrnl.exe
 0002:00000050       __imp__IoSetTopLevelIrp@4  00023050     ntoskrnl:ntoskrnl.exe
 0002:00000054       __imp__IoGetTopLevelIrp@0  00023054     ntoskrnl:ntoskrnl.exe
 0002:00000058       __imp__FsRtlNotifyFullReportChange@36 00023058     ntoskrnl:ntoskrnl.exe
 0002:0000005c       __imp__IoFreeMdl@4         0002305c     ntoskrnl:ntoskrnl.exe
 0002:00000060       __imp__MmProbeAndLockPages@12 00023060     ntoskrnl:ntoskrnl.exe
 0002:00000064       __imp__IoAllocateMdl@20    00023064     ntoskrnl:ntoskrnl.exe
 0002:00000068       __imp__MmUnlockPages@4     00023068     ntoskrnl:ntoskrnl.exe
 0002:0000006c       __imp_@ObfDereferenceObject@4 0002306c     ntoskrnl:ntoskrnl.exe
 0002:00000070       __imp__KeWaitForSingleObject@20 00023070     ntoskrnl:ntoskrnl.exe
 0002:00000074       __imp__KeInitializeEvent@12 00023074     ntoskrnl:ntoskrnl.exe
 0002:00000078       __imp__ExFreePoolWithTag@8 00023078     ntoskrnl:ntoskrnl.exe
 0002:0000007c       __imp__memcpy              0002307c     ntoskrnl:ntoskrnl.exe
 0002:00000080       __imp__RtlFreeUnicodeString@4 00023080     ntoskrnl:ntoskrnl.exe
 0002:00000084       __imp__IoCreateSymbolicLink@8 00023084     ntoskrnl:ntoskrnl.exe
 0002:00000088       __imp_@ObfReferenceObject@4 00023088     ntoskrnl:ntoskrnl.exe
 0002:0000008c       __imp__PsTerminateSystemThread@4 0002308c     ntoskrnl:ntoskrnl.exe
 0002:00000090       __imp__FsRtlRegisterUncProvider@12 00023090     ntoskrnl:ntoskrnl.exe
 0002:00000094       __imp__IoDeleteDevice@4    00023094     ntoskrnl:ntoskrnl.exe
 0002:00000098       __imp__ObReferenceObjectByHandle@24 00023098     ntoskrnl:ntoskrnl.exe
 0002:0000009c       __imp__PsCreateSystemThread@28 0002309c     ntoskrnl:ntoskrnl.exe
 0002:000000a0       __imp__FsRtlNotifyInitializeSync@4 000230a0     ntoskrnl:ntoskrnl.exe
 0002:000000a4       __imp__ExInitializeResourceLite@4 000230a4     ntoskrnl:ntoskrnl.exe
 0002:000000a8       __imp__IoCreateDevice@28   000230a8     ntoskrnl:ntoskrnl.exe
 0002:000000ac       __imp__FsRtlDeregisterUncProvider@4 000230ac     ntoskrnl:ntoskrnl.exe
 0002:000000b0       __imp__KeLeaveCriticalRegion@0 000230b0     ntoskrnl:ntoskrnl.exe
 0002:000000b4       __imp__KeEnterCriticalRegion@0 000230b4     ntoskrnl:ntoskrnl.exe
 0002:000000b8       __imp__ExDeleteResourceLite@4 000230b8     ntoskrnl:ntoskrnl.exe
 0002:000000bc       __imp__FsRtlTeardownPerStreamContexts@4 000230bc     ntoskrnl:ntoskrnl.exe
 0002:000000c0       __imp__memmove             000230c0     ntoskrnl:ntoskrnl.exe
 0002:000000c4       __imp__IoGetRequestorProcessId@4 000230c4     ntoskrnl:ntoskrnl.exe
 0002:000000c8       __imp__KeClearEvent@4      000230c8     ntoskrnl:ntoskrnl.exe
 0002:000000cc       __imp__IoReleaseCancelSpinLock@4 000230cc     ntoskrnl:ntoskrnl.exe
 0002:000000d0       __imp_@InterlockedPushEntrySList@8 000230d0     ntoskrnl:ntoskrnl.exe
 0002:000000d4       __imp__KeSetEvent@12       000230d4     ntoskrnl:ntoskrnl.exe
 0002:000000d8       __imp_@InterlockedPopEntrySList@4 000230d8     ntoskrnl:ntoskrnl.exe
 0002:000000dc       __imp__RtlStringFromGUID@8 000230dc     ntoskrnl:ntoskrnl.exe
 0002:000000e0       __imp__MmMapLockedPagesSpecifyCache@24 000230e0     ntoskrnl:ntoskrnl.exe
 0002:000000e4       __imp__FsRtlNotifyFullChangeDirectory@40 000230e4     ntoskrnl:ntoskrnl.exe
 0002:000000e8       __imp__MmFlushImageSection@8 000230e8     ntoskrnl:ntoskrnl.exe
 0002:000000ec       __imp__CcUninitializeCacheMap@12 000230ec     ntoskrnl:ntoskrnl.exe
 0002:000000f0       __imp__CcPurgeCacheSection@16 000230f0     ntoskrnl:ntoskrnl.exe
 0002:000000f4       __imp__CcFlushCache@16     000230f4     ntoskrnl:ntoskrnl.exe
 0002:000000f8       __imp__FsRtlNotifyCleanup@12 000230f8     ntoskrnl:ntoskrnl.exe
 0002:000000fc       __imp__ExAcquireResourceSharedLite@8 000230fc     ntoskrnl:ntoskrnl.exe
 0002:00000100       __imp__KeTickCount         00023100     ntoskrnl:ntoskrnl.exe
 0002:00000100       _KeTickCount               00023100     ntoskrnl:ntoskrnl.exe
 0002:00000104       __imp__KeCancelTimer@4     00023104     ntoskrnl:ntoskrnl.exe
 0002:00000108       __imp__KeWaitForMultipleObjects@32 00023108     ntoskrnl:ntoskrnl.exe
 0002:0000010c       __imp__KeSetTimerEx@20     0002310c     ntoskrnl:ntoskrnl.exe
 0002:00000110       __imp__KeInitializeTimerEx@8 00023110     ntoskrnl:ntoskrnl.exe
 0002:00000114       __imp__KeQueryTimeIncrement@0 00023114     ntoskrnl:ntoskrnl.exe
 0002:00000118       __imp_@ExfInterlockedInsertTailList@12 00023118     ntoskrnl:ntoskrnl.exe
 0002:0000011c       __imp__KeResetEvent@4      0002311c     ntoskrnl:ntoskrnl.exe
 0002:00000120       __imp__RtlLengthSecurityDescriptor@4 00023120     ntoskrnl:ntoskrnl.exe
 0002:00000124       __imp__ObOpenObjectByPointer@28 00023124     ntoskrnl:ntoskrnl.exe
 0002:00000128       __imp__SeTokenObjectType   00023128     ntoskrnl:ntoskrnl.exe
 0002:00000128       _SeTokenObjectType         00023128     ntoskrnl:ntoskrnl.exe
 0002:0000012c       __imp__KeBugCheckEx@20     0002312c     ntoskrnl:ntoskrnl.exe
 0002:00000130       __imp__RtlUnwind@16        00023130     ntoskrnl:ntoskrnl.exe
 0002:00000134       __imp_@ExReleaseResourceLite@4 00023134     ntoskrnl:ntoskrnl.exe
 0002:00000138       __imp__ExAcquireResourceExclusiveLite@8 00023138     ntoskrnl:ntoskrnl.exe
 0002:0000013c       __imp__ZwClose@4           0002313c     ntoskrnl:ntoskrnl.exe
 0002:00000140       __imp__DbgPrintEx          00023140     ntoskrnl:ntoskrnl.exe
 0002:00000144       __imp__MmGetSystemRoutineAddress@4 00023144     wdmsec:ntoskrnl.exe
 0002:00000148       __imp__ZwSetSecurityObject@12 00023148     wdmsec:ntoskrnl.exe
 0002:0000014c       _IoDeviceObjectType        0002314c     wdmsec:ntoskrnl.exe
 0002:0000014c       __imp__IoDeviceObjectType  0002314c     wdmsec:ntoskrnl.exe
 0002:00000150       __imp__RtlGetDaclSecurityDescriptor@16 00023150     wdmsec:ntoskrnl.exe
 0002:00000154       __imp__RtlGetSaclSecurityDescriptor@16 00023154     wdmsec:ntoskrnl.exe
 0002:00000158       __imp__RtlGetGroupSecurityDescriptor@12 00023158     wdmsec:ntoskrnl.exe
 0002:0000015c       __imp__RtlGetOwnerSecurityDescriptor@12 0002315c     wdmsec:ntoskrnl.exe
 0002:00000160       __imp___snwprintf          00023160     wdmsec:ntoskrnl.exe
 0002:00000164       __imp__SeCaptureSecurityDescriptor@20 00023164     wdmsec:ntoskrnl.exe
 0002:00000168       __imp__SeExports           00023168     wdmsec:ntoskrnl.exe
 0002:0000016c       __imp__IoIsWdmVersionAvailable@8 0002316c     wdmsec:ntoskrnl.exe
 0002:00000170       __imp___wcsnicmp           00023170     wdmsec:ntoskrnl.exe
 0002:00000174       __imp__RtlAddAccessAllowedAce@16 00023174     wdmsec:ntoskrnl.exe
 0002:00000178       __imp__RtlLengthSid@4      00023178     wdmsec:ntoskrnl.exe
 0002:0000017c       __imp__wcschr              0002317c     wdmsec:ntoskrnl.exe
 0002:00000180       __imp__RtlAbsoluteToSelfRelativeSD@12 00023180     wdmsec:ntoskrnl.exe
 0002:00000184       __imp__RtlSetDaclSecurityDescriptor@16 00023184     wdmsec:ntoskrnl.exe
 0002:00000188       __imp__RtlCreateSecurityDescriptor@8 00023188     wdmsec:ntoskrnl.exe
 0002:0000018c       __imp__ZwOpenKey@12        0002318c     wdmsec:ntoskrnl.exe
 0002:00000190       __imp__ZwCreateKey@28      00023190     wdmsec:ntoskrnl.exe
 0002:00000194       __imp__ZwQueryValueKey@24  00023194     wdmsec:ntoskrnl.exe
 0002:00000198       __imp__ZwSetValueKey@24    00023198     wdmsec:ntoskrnl.exe
 0002:0000019c       \177ntoskrnl_NULL_THUNK_DATA 0002319c     ntoskrnl:ntoskrnl.exe
 0002:000001c0       ??_C@_1EA@BAHCLPHE@?$AAI?$AAo?$AAV?$AAa?$AAl?$AAi?$AAd?$AAa?$AAt?$AAe?$AAD?$AAe?$AAv?$AAi?$AAc?$AAe?$AAI?$AAo?$AAC?$AAo?$AAn?$AAt?$AAr?$AAo?$AAl?$AAA?$AAc?$AAc?$AAe?$AAs?$AAs?$AA?$AA@ 000231c0     wdmsec:wlwrap.obj
 0002:00000200       ??_C@_1CK@LEEDIGFP@?$AAI?$AAo?$AAC?$AAr?$AAe?$AAa?$AAt?$AAe?$AAD?$AAe?$AAv?$AAi?$AAc?$AAe?$AAS?$AAe?$AAc?$AAu?$AAr?$AAe?$AA?$AA@ 00023200     wdmsec:wlwrap.obj
 0002:00000230       _SDDL_DEVOBJ_KERNEL_ONLY_buffer 00023230     wdmsec:iosddl.obj
 0002:00000238       _SDDL_DEVOBJ_KERNEL_ONLY   00023238     wdmsec:iosddl.obj
 0002:00000240       _SDDL_DEVOBJ_SYS_ALL_buffer 00023240     wdmsec:iosddl.obj
 0002:00000260       _SDDL_DEVOBJ_SYS_ALL       00023260     wdmsec:iosddl.obj
 0002:00000268       _SDDL_DEVOBJ_SYS_ALL_ADM_ALL_buffer 00023268     wdmsec:iosddl.obj
 0002:000002a0       _SDDL_DEVOBJ_SYS_ALL_ADM_ALL 000232a0     wdmsec:iosddl.obj
 0002:000002a8       _SDDL_DEVOBJ_SYS_ALL_ADM_RX_buffer 000232a8     wdmsec:iosddl.obj
 0002:000002e4       _SDDL_DEVOBJ_SYS_ALL_ADM_RX 000232e4     wdmsec:iosddl.obj
 0002:000002f0       _SDDL_DEVOBJ_SYS_ALL_ADM_RWX_WORLD_R_buffer 000232f0     wdmsec:iosddl.obj
 0002:00000348       _SDDL_DEVOBJ_SYS_ALL_ADM_RWX_WORLD_R 00023348     wdmsec:iosddl.obj
 0002:00000350       _SDDL_DEVOBJ_SYS_ALL_ADM_RWX_WORLD_R_RES_R_buffer 00023350     wdmsec:iosddl.obj
 0002:000003c0       _SDDL_DEVOBJ_SYS_ALL_ADM_RWX_WORLD_R_RES_R 000233c0     wdmsec:iosddl.obj
 0002:000003c8       _SDDL_DEVOBJ_SYS_ALL_ADM_RWX_WORLD_RW_RES_R_buffer 000233c8     wdmsec:iosddl.obj
 0002:0000043c       _SDDL_DEVOBJ_SYS_ALL_ADM_RWX_WORLD_RW_RES_R 0002343c     wdmsec:iosddl.obj
 0002:00000448       _SDDL_DEVOBJ_SYS_ALL_ADM_RWX_WORLD_RWX_RES_RWX_buffer 00023448     wdmsec:iosddl.obj
 0002:000004c8       _SDDL_DEVOBJ_SYS_ALL_ADM_RWX_WORLD_RWX_RES_RWX 000234c8     wdmsec:iosddl.obj
 0002:000004d0       ??_C@_1GG@FCALANDO@?$AA?$HL?$AA?$CF?$AA0?$AA8?$AAX?$AA?9?$AA?$CF?$AA0?$AA4?$AAX?$AA?9?$AA?$CF?$AA0?$AA4?$AAX?$AA?9?$AA?$CF?$AA0?$AA2?$AAX?$AA?$CF?$AA0?$AA2?$AAX?$AA?9?$AA?$CF?$AA0?$AA2?$AAX?$AA?$CF?$AA0?$AA2@ 000234d0     wdmsec:ppregstate.obj
 0002:00000538       ??_C@_1HC@DKINPPAJ@?$AA?2?$AAR?$AAe?$AAg?$AAi?$AAs?$AAt?$AAr?$AAy?$AA?2?$AAM?$AAa?$AAc?$AAh?$AAi?$AAn?$AAe?$AA?2?$AAS?$AAy?$AAs?$AAt?$AAe?$AAm?$AA?2?$AAC?$AAu?$AAr?$AAr?$AAe?$AAn?$AAt@ 00023538     wdmsec:ppregstate.obj
 0002:000005ac       ??_C@_1BC@FCJNIDNL@?$AAS?$AAe?$AAc?$AAu?$AAr?$AAi?$AAt?$AAy?$AA?$AA@ 000235ac     wdmsec:ppregstate.obj
 0002:000005c0       ??_C@_1BG@COALCEMK@?$AAP?$AAr?$AAo?$AAp?$AAe?$AAr?$AAt?$AAi?$AAe?$AAs?$AA?$AA@ 000235c0     wdmsec:ppregstate.obj
 0002:000005d8       ??_C@_1BE@DJHAJDEM@?$AAE?$AAx?$AAc?$AAl?$AAu?$AAs?$AAi?$AAv?$AAe?$AA?$AA@ 000235d8     wdmsec:ppregstate.obj
 0002:000005ec       ??_C@_1CM@DIJFBEC@?$AAD?$AAe?$AAv?$AAi?$AAc?$AAe?$AAC?$AAh?$AAa?$AAr?$AAa?$AAc?$AAt?$AAe?$AAr?$AAi?$AAs?$AAt?$AAi?$AAc?$AAs?$AA?$AA@ 000235ec     wdmsec:ppregstate.obj
 0002:00000618       ??_C@_1BG@KCOOGCNN@?$AAD?$AAe?$AAv?$AAi?$AAc?$AAe?$AAT?$AAy?$AAp?$AAe?$AA?$AA@ 00023618     wdmsec:ppregstate.obj
 0002:00000630       ??_C@_1BG@OPOOGLJC@?$AAN?$AAo?$AAU?$AAs?$AAe?$AAC?$AAl?$AAa?$AAs?$AAs?$AA?$AA@ 00023630     wdmsec:ppregstate.obj
 0002:00000648       ??_C@_1BO@DAOBINHA@?$AAN?$AAo?$AAD?$AAi?$AAs?$AAp?$AAl?$AAa?$AAy?$AAC?$AAl?$AAa?$AAs?$AAs?$AA?$AA@ 00023648     wdmsec:ppregstate.obj
 0002:00000668       ??_C@_1M@OAHBGIFG@?$AAC?$AAl?$AAa?$AAs?$AAs?$AA?$AA@ 00023668     wdmsec:ppregstate.obj
 0002:00000674       ??_C@_15FCNJEDMF@?$AAG?$AAX?$AA?$AA@ 00023674     wdmsec:sesddl.obj
 0002:0000067c       ??_C@_15KLKFDJD@?$AAG?$AAW?$AA?$AA@ 0002367c     wdmsec:sesddl.obj
 0002:00000684       ??_C@_15DNGEKDKB@?$AAG?$AAR?$AA?$AA@ 00023684     wdmsec:sesddl.obj
 0002:0000068c       ??_C@_15HPMIFLNA@?$AAG?$AAA?$AA?$AA@ 0002368c     wdmsec:sesddl.obj
 0002:00000694       ??_C@_15NAFBOLGP@?$AAS?$AAD?$AA?$AA@ 00023694     wdmsec:sesddl.obj
 0002:0000069c       ??_C@_15JMMBCOHI@?$AAW?$AAO?$AA?$AA@ 0002369c     wdmsec:sesddl.obj
 0002:000006a4       ??_C@_15ELMAKJHJ@?$AAW?$AAD?$AA?$AA@ 000236a4     wdmsec:sesddl.obj
 0002:000006ac       ??_C@_15IGNKAAHD@?$AAR?$AAC?$AA?$AA@ 000236ac     wdmsec:sesddl.obj
 0002:000006b4       ??_C@_13PNBDBPLL@?$AAA?$AA?$AA@ 000236b4     wdmsec:sesddl.obj
 0002:000006b8       __load_config_used         000236b8     ntoskrnl:loadcfg.obj
 0002:00000760       ___safe_se_handler_table   00023760     <linker-defined>
 0003:00000000       ___security_cookie         00024000     BufferOverflowK:gs_support.obj
 0003:00000004       ___security_cookie_complement 00024004     BufferOverflowK:gs_support.obj
 0003:00000008       __NLG_Destination          00024008     ntoskrnl:_nlgsupp.obj
 0003:00000018       _PiRegStateSysAllInherittedSecurityDescriptor 00024018     wdmsec:ppregstate.obj
 0003:000001a0       _g_Debug                   000241a0     dokan.obj
 0003:000001a4       _WdmlibInitialized         000241a4     wdmsec:wlwrap.obj
 0003:000001a8       _PfnIoCreateDeviceSecure   000241a8     wdmsec:wlwrap.obj
 0003:000001ac       _PfnIoValidateDeviceIoControlAccess 000241ac     wdmsec:wlwrap.obj
 0003:000001b0       _PiRegStateDiscriptor      000241b0     wdmsec:ppregstate.obj
 0003:000001b8       _FcbFileNameNull           000241b8     <common>
 0003:000001c0       _DokanIrpEntryLookasideList 000241c0     <common>
 0004:00000010       _DokanUnload@4             00025010 f   dokan.obj
 0004:00000110       _DokanDispatchShutdown@8   00025110 f   dokan.obj
 0004:000001a0       _DokanDispatchPnp@8        000251a0 f   dokan.obj
 0004:000003c0       _DokanDispatchCreate@8     000253c0 f   create.obj
 0004:00000adb       _WdmlibInit@0              00025adb f   wdmsec:wlwrap.obj
 0004:00000b3a       _WdmlibIoCreateDeviceSecure@36 00025b3a f   wdmsec:wlwrap.obj
 0004:00000b59       _IopDevObjAdjustNewDeviceParameters@16 00025b59 f   wdmsec:iodevobj.obj
 0004:00000b9b       _IopDevObjApplyPostCreationSettings@8 00025b9b f   wdmsec:iodevobj.obj
 0004:00000c1a       _IoDevObjCreateDeviceSecure@36 00025c1a f   wdmsec:iodevobj.obj
 0004:00000d3c       _SeUtilSecurityInfoFromSecurityDescriptor@12 00025d3c f   wdmsec:seutil.obj
 0004:00000df0       _SeSetSecurityAccessMask@8 00025df0 f   wdmsec:seutil.obj
 0004:00000e28       _PpRegStateInitEmptyCreationSettings@4 00025e28 f   wdmsec:ppregstate.obj
 0004:00000e49       _PiRegStateOpenClassKey@20 00025e49 f   wdmsec:ppregstate.obj
 0004:00000f49       _PpRegStateUpdateStackCreationSettings@8 00025f49 f   wdmsec:ppregstate.obj
 0004:0000101c       _PpRegStateFreeStackCreationSettings@4 0002601c f   wdmsec:ppregstate.obj
 0004:0000103d       _PpRegStateLoadSecurityDescriptor@8 0002603d f   wdmsec:ppregstate.obj
 0004:0000105a       _PiRegStateReadStackCreationSettingsFromKey@8 0002605a f   wdmsec:ppregstate.obj
 0004:0000119c       _PpRegStateReadCreateClassCreationSettings@12 0002619c f   wdmsec:ppregstate.obj
 0004:00001289       _SepSddlGetSidForString@12 00026289 f   wdmsec:sesddl.obj
 0004:00001322       _SepSddlLookupAccessMaskInTable@12 00026322 f   wdmsec:sesddl.obj
 0004:0000138f       _SepSddlAddAceToAcl@28     0002638f f   wdmsec:sesddl.obj
 0004:00001432       _SepSddlParseWideStringUlong@12 00026432 f   wdmsec:sesddl.obj
 0004:00001502       _SepSddlGetAclForString@12 00026502 f   wdmsec:sesddl.obj
 0004:00001801       _SepSddlDaclFromSDDLString@16 00026801 f   wdmsec:sesddl.obj
 0004:000018a8       _SepSddlSecurityDescriptorFromSDDLString@12 000268a8 f   wdmsec:sesddl.obj
 0004:0000197b       _SeSddlSecurityDescriptorFromSDDL@12 0002697b f   wdmsec:sesddl.obj
 0004:00001a0c       _CmRegUtilOpenExistingUcKey@16 00026a0c f   wdmsec:cmregutil.obj
 0004:00001a61       _CmRegUtilCreateUcKey@28   00026a61 f   wdmsec:cmregutil.obj
 0004:00001ad2       _CmRegUtilUcValueGetDword@16 00026ad2 f   wdmsec:cmregutil.obj
 0004:00001b31       _CmRegUtilUcValueGetFullBuffer@20 00026b31 f   wdmsec:cmregutil.obj
 0004:00001c2b       _CmRegUtilUcValueSetFullBuffer@20 00026c2b f   wdmsec:cmregutil.obj
 0004:00001c50       _CmRegUtilOpenExistingWstrKey@16 00026c50 f   wdmsec:cmregutil.obj
 0004:00001c82       _CmRegUtilCreateWstrKey@28 00026c82 f   wdmsec:cmregutil.obj
 0004:00001cbd       _CmRegUtilWstrValueGetDword@16 00026cbd f   wdmsec:cmregutil.obj
 0004:00001cef       _CmRegUtilWstrValueGetFullBuffer@20 00026cef f   wdmsec:cmregutil.obj
 0004:00001d24       _CmRegUtilWstrValueSetFullBuffer@20 00026d24 f   wdmsec:cmregutil.obj
 0004:00001d59       _CmpRegUtilAllocateUnicodeString@8 00026d59 f   wdmsec:cmregutil.obj
 0004:00001d9f       _CmRegUtilUcValueSetUcString@12 00026d9f f   wdmsec:cmregutil.obj
 0004:00001e4d       _CmRegUtilWstrValueSetUcString@12 00026e4d f   wdmsec:cmregutil.obj
 0004:00001e7c       _CmRegUtilWstrValueSetWstrString@12 00026e7c f   wdmsec:cmregutil.obj
 0004:00001ec0       ??_C@_0BL@KHFOPCFO@?$FLDokanFS?$FN?5?$DM?$DN?$DN?5DokanUnload?6?$AA@NNGAKEGL@ 00026ec0     dokan.obj
 0004:00001ee0       ??_C@_0CI@DPDCJHML@?$FLDokanFS?$FN?5?5?5Delete?5Global?5Device@NNGAKEGL@ 00026ee0     dokan.obj
 0004:00001f10       ??_C@_0BL@DBIFFDGE@?$FLDokanFS?$FN?5?$DN?$DN?$DO?5DokanUnload?6?$AA@NNGAKEGL@ 00026f10     dokan.obj
 0004:00001f30       ??_C@_0CF@FOPNHIJF@EX?3?5Pageable?5code?5called?5at?5IRQL@NNGAKEGL@ 00026f30     dokan.obj
 0004:00001f60       ??_C@_1DC@JJHBEEBC@?$AA?2?$AAD?$AAo?$AAs?$AAD?$AAe?$AAv?$AAi?$AAc?$AAe?$AAs?$AA?2?$AAG?$AAl?$AAo?$AAb?$AAa?$AAl?$AA?2?$AAD?$AAo?$AAk?$AAa?$AAn?$AA?$AA@NNGAKEGL@ 00026f60     dokan.obj
 0004:00001fa0       ??_C@_0BN@JEMHJAO@?$FLDokanFS?$FN?5?$DM?$DN?$DN?5DokanShutdown?6?$AA@NNGAKEGL@ 00026fa0     dokan.obj
 0004:00001fc0       ??_C@_0BN@INDEKCNC@?$FLDokanFS?$FN?5?$DN?$DN?$DO?5DokanShutdown?6?$AA@NNGAKEGL@ 00026fc0     dokan.obj
 0004:00001fe0       ??_C@_0BI@HOBHBMMN@?$FLDokanFS?$FN?5?$DM?$DN?$DN?5DokanPnp?6?$AA@NNGAKEGL@ 00026fe0     dokan.obj
 0004:00002000       ??_C@_0CH@GHDIJIE@?$FLDokanFS?$FN?5?5?5?5other?5minnor?5functi@NNGAKEGL@ 00027000     dokan.obj
 0004:00002030       ??_C@_0CL@CFKFLKA@?$FLDokanFS?$FN?5?5?5IRP_MN_QUERY_DEVICE_@NNGAKEGL@ 00027030     dokan.obj
 0004:00002060       ??_C@_0CJ@NPIMEFHM@?$FLDokanFS?$FN?5?5?5IRP_MN_CANCEL_REMOVE@NNGAKEGL@ 00027060     dokan.obj
 0004:00002090       ??_C@_0CC@OBODMGOO@?$FLDokanFS?$FN?5?5?5IRP_MN_REMOVE_DEVICE@NNGAKEGL@ 00027090     dokan.obj
 0004:000020c0       ??_C@_0CF@FGCGDMOP@?$FLDokanFS?$FN?5?5?5IRP_MN_SURPRISE_REMO@NNGAKEGL@ 000270c0     dokan.obj
 0004:000020f0       ??_C@_0CI@LONEDHGB@?$FLDokanFS?$FN?5?5?5IRP_MN_QUERY_REMOVE_@NNGAKEGL@ 000270f0     dokan.obj
 0004:00002120       ??_C@_0BI@JEIGCPEL@?$FLDokanFS?$FN?5?$DN?$DN?$DO?5DokanPnp?6?$AA@NNGAKEGL@ 00027120     dokan.obj
 0004:00002140       ??_C@_0BL@EDMOBOHL@?$FLDokanFS?$FN?5?$DM?$DN?$DN?5DokanCreate?6?$AA@NNGAKEGL@ 00027140     create.obj
 0004:00002160       ??_C@_0CB@HPBGBMHG@?$FLDokanFS?$FN?5?5?5RelatedFileName?3?$CFwZ?6@NNGAKEGL@ 00027160     create.obj
 0004:00002190       ??_C@_0CA@CNPONDGD@?$FLDokanFS?$FN?5?5?5?5?5alternate?5stream?6?$AA@NNGAKEGL@ 00027190     create.obj
 0004:000021b0       ??_C@_0FI@LLDCACOE@?$FLDokanFS?$FN?5?5?5when?5RelatedFileObje@NNGAKEGL@ 000271b0     create.obj
 0004:00002210       ??_C@_0CE@EGIJKPNB@?$FLDokanFS?$FN?5?5?5?5request?5for?5FS?5devi@NNGAKEGL@ 00027210     create.obj
 0004:00002240       ??_C@_0DD@OEBBIMDF@?$FLDokanFS?$FN?5?5?5IrpSp?9?$DOFlags?5SL_OPEN@NNGAKEGL@ 00027240     create.obj
 0004:00002280       ??_C@_0CO@KBMLNLMH@?$FLDokanFS?$FN?5?5?5IrpSp?9?$DOFlags?5SL_OPEN@NNGAKEGL@ 00027280     create.obj
 0004:000022b0       ??_C@_0DA@FLADGEBO@?$FLDokanFS?$FN?5?5?5IrpSp?9?$DOFlags?5SL_FORC@NNGAKEGL@ 000272b0     create.obj
 0004:000022e0       ??_C@_0CM@DGGNABDF@?$FLDokanFS?$FN?5?5?5IrpSp?9?$DOFlags?5SL_CASE@NNGAKEGL@ 000272e0     create.obj
 0004:00002310       ??_C@_0BP@CGNJLGHF@?$FLDokanFS?$FN?5?5?5IrpSp?9?$DOFlags?5?$DN?5?$CFd?6?$AA@NNGAKEGL@ 00027310     create.obj
 0004:00002330       ??_C@_0BK@EIDMBJFC@?$FLDokanFS?$FN?5?5?5FileName?3?$CFwZ?6?$AA@NNGAKEGL@ 00027330     create.obj
 0004:00002350       ??_C@_0BL@MFADMBAH@?$FLDokanFS?$FN?5?5?5ProcessId?5?$CFlu?6?$AA@NNGAKEGL@ 00027350     create.obj
 0004:00002370       ??_C@_0CA@IEHHOGJM@?$FLDokanFS?$FN?5?5?5fileObject?5?$DN?$DN?5NULL?6?$AA@NNGAKEGL@ 00027370     create.obj
 0004:00002390       ??_C@_0BL@NFBFLPEB@?$FLDokanFS?$FN?5?$DN?$DN?$DO?5DokanCreate?6?$AA@NNGAKEGL@ 00027390     create.obj
 0005:00000010       _DriverEntry@8             00028010 f   dokan.obj
 0005:00000272       ___security_init_cookie    00028272 f   BufferOverflowK:gs_support.obj
 0005:000002ab       _GsDriverEntry@8           000282ab f   BufferOverflowK:gs_support.obj
 0005:000002c0       ??_C@_0BL@BIABGKCC@?$FLDokanFS?$FN?5?$DM?$DN?$DN?5DriverEntry?6?$AA@PBOPGDP@ 000282c0     dokan.obj
 0005:000002e0       ??_C@_0EC@DFDEMNAL@?$FLDokanFS?$FN?5?5?5FsRtlRegisterFileSys@PBOPGDP@ 000282e0     dokan.obj
 0005:00000330       ??_C@_0CJ@LNIFNHPE@?$FLDokanFS?$FN?5?$DN?$DN?$DO?5DriverEntry?5ver?4?$CFx@PBOPGDP@ 00028330     dokan.obj
 0005:00000360       ??_C@_0M@ONAIECIM@Feb?517?52012?$AA@PBOPGDP@ 00028360     dokan.obj
 0005:00000370       ??_C@_08CAHBFIL@19?353?354?$AA@PBOPGDP@ 00028370     dokan.obj
 0005:0000037c       __IMPORT_DESCRIPTOR_ntoskrnl 0002837c     ntoskrnl:ntoskrnl.exe
 0005:00000390       __IMPORT_DESCRIPTOR_HAL    00028390     hal:HAL.dll
 0005:000003a4       __NULL_IMPORT_DESCRIPTOR   000283a4     ntoskrnl:ntoskrnl.exe

 entry point at        0005:000002ab

 Static symbols

 0001:00001840       _RtlStringValidateDestW@12 00012840 f   init.obj
 0001:00001870       _RtlStringValidateDestAndLengthW@16 00012870 f   init.obj
 0001:000018c0       _RtlStringLengthWorkerW@12 000128c0 f   init.obj
 0001:00001940       _RtlStringCopyWorkerW@20   00012940 f   init.obj
 0001:0000c638       __unwind_handler4          0001d638 f   ntoskrnl:exsup4.obj
